Copyright 1986-2022 Xilinx, Inc. All Rights Reserved. Copyright 2022-2025 Advanced Micro Devices, Inc. All Rights Reserved.
---------------------------------------------------------------------------------------------------------------------------------------------
| Tool Version : Vivado v.2025.1 (win64) Build 6140274 Thu May 22 00:12:29 MDT 2025
| Date         : Wed Apr 29 16:17:38 2026
| Host         : DESKTOP-KKLUIKL running 64-bit major release  (build 9200)
| Command      : report_timing -delay_type max -max_paths 10 -path_type full -sort_by slack -file impl_worst_paths.rpt
| Design       : TOP
| Device       : 7a35t-fgg484
| Speed File   : -2  PRODUCTION 1.23 2018-06-13
| Design State : Synthesized
---------------------------------------------------------------------------------------------------------------------------------------------

Timing Report

Slack (MET) :             11.250ns  (required time - arrival time)
  Source:                 u_Frodo_top/selmode_reg[0]_rep__2/C
                            (rising edge-triggered cell FDCE clocked by clk_i  {rise@0.000ns fall@10.000ns period=20.000ns})
  Destination:            <hidden>
                            (rising edge-triggered cell RAMB36E1 clocked by clk_i  {rise@0.000ns fall@10.000ns period=20.000ns})
  Path Group:             clk_i
  Path Type:              Setup (Max at Slow Process Corner)
  Requirement:            20.000ns  (clk_i rise@20.000ns - clk_i rise@0.000ns)
  Data Path Delay:        7.929ns  (logic 2.765ns (34.874%)  route 5.164ns (65.126%))
  Logic Levels:           12  (CARRY4=5 LUT3=1 LUT4=1 LUT5=2 LUT6=3)
  Clock Path Skew:        -0.145ns (DCD - SCD + CPR)
    Destination Clock Delay (DCD):    2.487ns = ( 22.487 - 20.000 ) 
    Source Clock Delay      (SCD):    2.734ns
    Clock Pessimism Removal (CPR):    0.102ns
  Clock Uncertainty:      0.035ns  ((TSJ^2 + TIJ^2)^1/2 + DJ) / 2 + PE
    Total System Jitter     (TSJ):    0.071ns
    Total Input Jitter      (TIJ):    0.000ns
    Discrete Jitter          (DJ):    0.000ns
    Phase Error              (PE):    0.000ns

    Location             Delay type                Incr(ns)  Path(ns)    Netlist Resource(s)
  -------------------------------------------------------------------    -------------------
                         (clock clk_i rise edge)      0.000     0.000 r  
                         propagated clock network latency
                                                      2.734     2.734    
                         FDCE                         0.000     2.734 r  u_Frodo_top/selmode_reg[0]_rep__2/C
                         FDCE (Prop_fdce_C_Q)         0.379     3.113 f  u_Frodo_top/selmode_reg[0]_rep__2/Q
                         net (fo=124, unplaced)       0.704     3.817    u_Frodo_top/u_SHAKE/ram64a_i_642_0
                         LUT4 (Prop_lut4_I1_O)        0.253     4.070 r  u_Frodo_top/u_SHAKE/ram64a_i_1232/O
                         net (fo=1, unplaced)         0.000     4.070    u_Frodo_top/u_SHAKE/ram64a_i_1232_n_0
                         CARRY4 (Prop_carry4_DI[1]_CO[3])
                                                      0.451     4.521 r  u_Frodo_top/u_SHAKE/ram64a_i_931/CO[3]
                         net (fo=1, unplaced)         0.008     4.529    u_Frodo_top/u_SHAKE/ram64a_i_931_n_0
                         CARRY4 (Prop_carry4_CI_CO[3])
                                                      0.100     4.629 f  u_Frodo_top/u_SHAKE/ram64a_i_587/CO[3]
                         net (fo=3, unplaced)         0.788     5.417    u_Frodo_top/u_SHAKE/u_SampleMatrixSet/cmp_result[0]_0
                         LUT3 (Prop_lut3_I2_O)        0.105     5.522 r  u_Frodo_top/u_SHAKE/ram64a_i_374/O
                         net (fo=5, unplaced)         0.610     6.132    u_Frodo_top/u_SHAKE/ram64a_i_374_n_0
                         LUT6 (Prop_lut6_I3_O)        0.105     6.237 r  u_Frodo_top/u_SHAKE/ram64a_i_367/O
                         net (fo=2, unplaced)         0.539     6.776    u_Frodo_top/u_SHAKE/ram64a_i_367_n_0
                         LUT6 (Prop_lut6_I0_O)        0.105     6.881 f  u_Frodo_top/u_SHAKE/ram64a_i_231/O
                         net (fo=142, unplaced)       0.455     7.336    u_Frodo_top/u_SHAKE/o_buf_reg[48]_0
                         LUT5 (Prop_lut5_I3_O)        0.105     7.441 r  u_Frodo_top/u_SHAKE/ram64a_i_593/O
                         net (fo=1, unplaced)         0.537     7.978    u_Frodo_top/u_MatrixAddSet/addaSet[5]
                         CARRY4 (Prop_carry4_DI[1]_CO[3])
                                                      0.430     8.408 r  u_Frodo_top/u_MatrixAddSet/ram64a_i_377/CO[3]
                         net (fo=1, unplaced)         0.000     8.408    u_Frodo_top/u_MatrixAddSet/ram64a_i_377_n_0
                         CARRY4 (Prop_carry4_CI_CO[3])
                                                      0.100     8.508 r  u_Frodo_top/u_MatrixAddSet/ram64a_i_245/CO[3]
                         net (fo=1, unplaced)         0.000     8.508    u_Frodo_top/u_MatrixAddSet/ram64a_i_245_n_0
                         CARRY4 (Prop_carry4_CI_O[3])
                                                      0.277     8.785 r  u_Frodo_top/u_MatrixAddSet/ram64a_i_366/O[3]
                         net (fo=2, unplaced)         0.530     9.315    u_Frodo_top/u_control/u_instDecoder/addabSet[15]
                         LUT5 (Prop_lut5_I0_O)        0.250     9.565 r  u_Frodo_top/u_control/u_instDecoder/ram64a_i_230/O
                         net (fo=1, unplaced)         0.347     9.912    u_Frodo_top/u_control/u_instDecoder/ram64a_i_230_n_0
                         LUT6 (Prop_lut6_I1_O)        0.105    10.017 r  u_Frodo_top/u_control/u_instDecoder/ram64a_i_113/O
                         net (fo=2, unplaced)         0.646    10.663    <hidden>
                         RAMB36E1                                     r  <hidden>
  -------------------------------------------------------------------    -------------------

                         (clock clk_i rise edge)     20.000    20.000 r  
                         propagated clock network latency
                                                      2.487    22.487    
                         clock pessimism              0.102    22.589    
                         clock uncertainty           -0.035    22.554    
                         RAMB36E1 (Setup_ramb36e1_CLKBWRCLK_DIBDI[14])
                                                     -0.641    21.913    <hidden>
  -------------------------------------------------------------------
                         required time                         21.913    
                         arrival time                         -10.663    
  -------------------------------------------------------------------
                         slack                                 11.250    

Slack (MET) :             11.250ns  (required time - arrival time)
  Source:                 u_Frodo_top/selmode_reg[0]_rep__2/C
                            (rising edge-triggered cell FDCE clocked by clk_i  {rise@0.000ns fall@10.000ns period=20.000ns})
  Destination:            <hidden>
                            (rising edge-triggered cell RAMB36E1 clocked by clk_i  {rise@0.000ns fall@10.000ns period=20.000ns})
  Path Group:             clk_i
  Path Type:              Setup (Max at Slow Process Corner)
  Requirement:            20.000ns  (clk_i rise@20.000ns - clk_i rise@0.000ns)
  Data Path Delay:        7.929ns  (logic 2.765ns (34.874%)  route 5.164ns (65.126%))
  Logic Levels:           12  (CARRY4=5 LUT3=1 LUT4=1 LUT5=2 LUT6=3)
  Clock Path Skew:        -0.145ns (DCD - SCD + CPR)
    Destination Clock Delay (DCD):    2.487ns = ( 22.487 - 20.000 ) 
    Source Clock Delay      (SCD):    2.734ns
    Clock Pessimism Removal (CPR):    0.102ns
  Clock Uncertainty:      0.035ns  ((TSJ^2 + TIJ^2)^1/2 + DJ) / 2 + PE
    Total System Jitter     (TSJ):    0.071ns
    Total Input Jitter      (TIJ):    0.000ns
    Discrete Jitter          (DJ):    0.000ns
    Phase Error              (PE):    0.000ns

    Location             Delay type                Incr(ns)  Path(ns)    Netlist Resource(s)
  -------------------------------------------------------------------    -------------------
                         (clock clk_i rise edge)      0.000     0.000 r  
                         propagated clock network latency
                                                      2.734     2.734    
                         FDCE                         0.000     2.734 r  u_Frodo_top/selmode_reg[0]_rep__2/C
                         FDCE (Prop_fdce_C_Q)         0.379     3.113 f  u_Frodo_top/selmode_reg[0]_rep__2/Q
                         net (fo=124, unplaced)       0.704     3.817    u_Frodo_top/u_SHAKE/ram64a_i_642_0
                         LUT4 (Prop_lut4_I1_O)        0.253     4.070 r  u_Frodo_top/u_SHAKE/ram64a_i_1232/O
                         net (fo=1, unplaced)         0.000     4.070    u_Frodo_top/u_SHAKE/ram64a_i_1232_n_0
                         CARRY4 (Prop_carry4_DI[1]_CO[3])
                                                      0.451     4.521 r  u_Frodo_top/u_SHAKE/ram64a_i_931/CO[3]
                         net (fo=1, unplaced)         0.008     4.529    u_Frodo_top/u_SHAKE/ram64a_i_931_n_0
                         CARRY4 (Prop_carry4_CI_CO[3])
                                                      0.100     4.629 f  u_Frodo_top/u_SHAKE/ram64a_i_587/CO[3]
                         net (fo=3, unplaced)         0.788     5.417    u_Frodo_top/u_SHAKE/u_SampleMatrixSet/cmp_result[0]_0
                         LUT3 (Prop_lut3_I2_O)        0.105     5.522 r  u_Frodo_top/u_SHAKE/ram64a_i_374/O
                         net (fo=5, unplaced)         0.610     6.132    u_Frodo_top/u_SHAKE/ram64a_i_374_n_0
                         LUT6 (Prop_lut6_I3_O)        0.105     6.237 r  u_Frodo_top/u_SHAKE/ram64a_i_367/O
                         net (fo=2, unplaced)         0.539     6.776    u_Frodo_top/u_SHAKE/ram64a_i_367_n_0
                         LUT6 (Prop_lut6_I0_O)        0.105     6.881 f  u_Frodo_top/u_SHAKE/ram64a_i_231/O
                         net (fo=142, unplaced)       0.455     7.336    u_Frodo_top/u_SHAKE/o_buf_reg[48]_0
                         LUT5 (Prop_lut5_I3_O)        0.105     7.441 r  u_Frodo_top/u_SHAKE/ram64a_i_593/O
                         net (fo=1, unplaced)         0.537     7.978    u_Frodo_top/u_MatrixAddSet/addaSet[5]
                         CARRY4 (Prop_carry4_DI[1]_CO[3])
                                                      0.430     8.408 r  u_Frodo_top/u_MatrixAddSet/ram64a_i_377/CO[3]
                         net (fo=1, unplaced)         0.000     8.408    u_Frodo_top/u_MatrixAddSet/ram64a_i_377_n_0
                         CARRY4 (Prop_carry4_CI_CO[3])
                                                      0.100     8.508 r  u_Frodo_top/u_MatrixAddSet/ram64a_i_245/CO[3]
                         net (fo=1, unplaced)         0.000     8.508    u_Frodo_top/u_MatrixAddSet/ram64a_i_245_n_0
                         CARRY4 (Prop_carry4_CI_O[3])
                                                      0.277     8.785 r  u_Frodo_top/u_MatrixAddSet/ram64a_i_366/O[3]
                         net (fo=2, unplaced)         0.530     9.315    u_Frodo_top/u_control/u_instDecoder/addabSet[15]
                         LUT5 (Prop_lut5_I0_O)        0.250     9.565 r  u_Frodo_top/u_control/u_instDecoder/ram64a_i_230/O
                         net (fo=1, unplaced)         0.347     9.912    u_Frodo_top/u_control/u_instDecoder/ram64a_i_230_n_0
                         LUT6 (Prop_lut6_I1_O)        0.105    10.017 r  u_Frodo_top/u_control/u_instDecoder/ram64a_i_113/O
                         net (fo=2, unplaced)         0.646    10.663    <hidden>
                         RAMB36E1                                     r  <hidden>
  -------------------------------------------------------------------    -------------------

                         (clock clk_i rise edge)     20.000    20.000 r  
                         propagated clock network latency
                                                      2.487    22.487    
                         clock pessimism              0.102    22.589    
                         clock uncertainty           -0.035    22.554    
                         RAMB36E1 (Setup_ramb36e1_CLKBWRCLK_DIBDI[14])
                                                     -0.641    21.913    <hidden>
  -------------------------------------------------------------------
                         required time                         21.913    
                         arrival time                         -10.663    
  -------------------------------------------------------------------
                         slack                                 11.250    

Slack (MET) :             11.250ns  (required time - arrival time)
  Source:                 u_Frodo_top/selmode_reg[0]_rep__2/C
                            (rising edge-triggered cell FDCE clocked by clk_i  {rise@0.000ns fall@10.000ns period=20.000ns})
  Destination:            <hidden>
                            (rising edge-triggered cell RAMB36E1 clocked by clk_i  {rise@0.000ns fall@10.000ns period=20.000ns})
  Path Group:             clk_i
  Path Type:              Setup (Max at Slow Process Corner)
  Requirement:            20.000ns  (clk_i rise@20.000ns - clk_i rise@0.000ns)
  Data Path Delay:        7.929ns  (logic 2.765ns (34.874%)  route 5.164ns (65.126%))
  Logic Levels:           12  (CARRY4=5 LUT3=1 LUT4=1 LUT5=1 LUT6=4)
  Clock Path Skew:        -0.145ns (DCD - SCD + CPR)
    Destination Clock Delay (DCD):    2.487ns = ( 22.487 - 20.000 ) 
    Source Clock Delay      (SCD):    2.734ns
    Clock Pessimism Removal (CPR):    0.102ns
  Clock Uncertainty:      0.035ns  ((TSJ^2 + TIJ^2)^1/2 + DJ) / 2 + PE
    Total System Jitter     (TSJ):    0.071ns
    Total Input Jitter      (TIJ):    0.000ns
    Discrete Jitter          (DJ):    0.000ns
    Phase Error              (PE):    0.000ns

    Location             Delay type                Incr(ns)  Path(ns)    Netlist Resource(s)
  -------------------------------------------------------------------    -------------------
                         (clock clk_i rise edge)      0.000     0.000 r  
                         propagated clock network latency
                                                      2.734     2.734    
                         FDCE                         0.000     2.734 r  u_Frodo_top/selmode_reg[0]_rep__2/C
                         FDCE (Prop_fdce_C_Q)         0.379     3.113 f  u_Frodo_top/selmode_reg[0]_rep__2/Q
                         net (fo=124, unplaced)       0.704     3.817    u_Frodo_top/u_SHAKE/ram64a_i_642_0
                         LUT4 (Prop_lut4_I1_O)        0.253     4.070 r  u_Frodo_top/u_SHAKE/ram64a_i_1232/O
                         net (fo=1, unplaced)         0.000     4.070    u_Frodo_top/u_SHAKE/ram64a_i_1232_n_0
                         CARRY4 (Prop_carry4_DI[1]_CO[3])
                                                      0.451     4.521 r  u_Frodo_top/u_SHAKE/ram64a_i_931/CO[3]
                         net (fo=1, unplaced)         0.008     4.529    u_Frodo_top/u_SHAKE/ram64a_i_931_n_0
                         CARRY4 (Prop_carry4_CI_CO[3])
                                                      0.100     4.629 f  u_Frodo_top/u_SHAKE/ram64a_i_587/CO[3]
                         net (fo=3, unplaced)         0.788     5.417    u_Frodo_top/u_SHAKE/u_SampleMatrixSet/cmp_result[0]_0
                         LUT3 (Prop_lut3_I2_O)        0.105     5.522 r  u_Frodo_top/u_SHAKE/ram64a_i_374/O
                         net (fo=5, unplaced)         0.610     6.132    u_Frodo_top/u_SHAKE/ram64a_i_374_n_0
                         LUT6 (Prop_lut6_I3_O)        0.105     6.237 r  u_Frodo_top/u_SHAKE/ram64a_i_367/O
                         net (fo=2, unplaced)         0.539     6.776    u_Frodo_top/u_SHAKE/ram64a_i_367_n_0
                         LUT6 (Prop_lut6_I0_O)        0.105     6.881 f  u_Frodo_top/u_SHAKE/ram64a_i_231/O
                         net (fo=142, unplaced)       0.455     7.336    u_Frodo_top/u_SHAKE/o_buf_reg[48]_0
                         LUT5 (Prop_lut5_I3_O)        0.105     7.441 r  u_Frodo_top/u_SHAKE/ram64a_i_593/O
                         net (fo=1, unplaced)         0.537     7.978    u_Frodo_top/u_MatrixAddSet/addaSet[5]
                         CARRY4 (Prop_carry4_DI[1]_CO[3])
                                                      0.430     8.408 r  u_Frodo_top/u_MatrixAddSet/ram64a_i_377/CO[3]
                         net (fo=1, unplaced)         0.000     8.408    u_Frodo_top/u_MatrixAddSet/ram64a_i_377_n_0
                         CARRY4 (Prop_carry4_CI_CO[3])
                                                      0.100     8.508 r  u_Frodo_top/u_MatrixAddSet/ram64a_i_245/CO[3]
                         net (fo=1, unplaced)         0.000     8.508    u_Frodo_top/u_MatrixAddSet/ram64a_i_245_n_0
                         CARRY4 (Prop_carry4_CI_O[3])
                                                      0.277     8.785 r  u_Frodo_top/u_MatrixAddSet/ram64a_i_366/O[3]
                         net (fo=2, unplaced)         0.530     9.315    u_Frodo_top/u_control/u_instDecoder/addabSet[15]
                         LUT6 (Prop_lut6_I5_O)        0.250     9.565 r  u_Frodo_top/u_control/u_instDecoder/ram64b_i_291/O
                         net (fo=1, unplaced)         0.347     9.912    u_Frodo_top/u_SHAKE/ram64b_99
                         LUT6 (Prop_lut6_I5_O)        0.105    10.017 r  u_Frodo_top/u_SHAKE/ram64b_i_113/O
                         net (fo=2, unplaced)         0.646    10.663    <hidden>
                         RAMB36E1                                     r  <hidden>
  -------------------------------------------------------------------    -------------------

                         (clock clk_i rise edge)     20.000    20.000 r  
                         propagated clock network latency
                                                      2.487    22.487    
                         clock pessimism              0.102    22.589    
                         clock uncertainty           -0.035    22.554    
                         RAMB36E1 (Setup_ramb36e1_CLKBWRCLK_DIBDI[14])
                                                     -0.641    21.913    <hidden>
  -------------------------------------------------------------------
                         required time                         21.913    
                         arrival time                         -10.663    
  -------------------------------------------------------------------
                         slack                                 11.250    

Slack (MET) :             11.250ns  (required time - arrival time)
  Source:                 u_Frodo_top/selmode_reg[0]_rep__2/C
                            (rising edge-triggered cell FDCE clocked by clk_i  {rise@0.000ns fall@10.000ns period=20.000ns})
  Destination:            <hidden>
                            (rising edge-triggered cell RAMB36E1 clocked by clk_i  {rise@0.000ns fall@10.000ns period=20.000ns})
  Path Group:             clk_i
  Path Type:              Setup (Max at Slow Process Corner)
  Requirement:            20.000ns  (clk_i rise@20.000ns - clk_i rise@0.000ns)
  Data Path Delay:        7.929ns  (logic 2.765ns (34.874%)  route 5.164ns (65.126%))
  Logic Levels:           12  (CARRY4=5 LUT3=1 LUT4=1 LUT5=1 LUT6=4)
  Clock Path Skew:        -0.145ns (DCD - SCD + CPR)
    Destination Clock Delay (DCD):    2.487ns = ( 22.487 - 20.000 ) 
    Source Clock Delay      (SCD):    2.734ns
    Clock Pessimism Removal (CPR):    0.102ns
  Clock Uncertainty:      0.035ns  ((TSJ^2 + TIJ^2)^1/2 + DJ) / 2 + PE
    Total System Jitter     (TSJ):    0.071ns
    Total Input Jitter      (TIJ):    0.000ns
    Discrete Jitter          (DJ):    0.000ns
    Phase Error              (PE):    0.000ns

    Location             Delay type                Incr(ns)  Path(ns)    Netlist Resource(s)
  -------------------------------------------------------------------    -------------------
                         (clock clk_i rise edge)      0.000     0.000 r  
                         propagated clock network latency
                                                      2.734     2.734    
                         FDCE                         0.000     2.734 r  u_Frodo_top/selmode_reg[0]_rep__2/C
                         FDCE (Prop_fdce_C_Q)         0.379     3.113 f  u_Frodo_top/selmode_reg[0]_rep__2/Q
                         net (fo=124, unplaced)       0.704     3.817    u_Frodo_top/u_SHAKE/ram64a_i_642_0
                         LUT4 (Prop_lut4_I1_O)        0.253     4.070 r  u_Frodo_top/u_SHAKE/ram64a_i_1232/O
                         net (fo=1, unplaced)         0.000     4.070    u_Frodo_top/u_SHAKE/ram64a_i_1232_n_0
                         CARRY4 (Prop_carry4_DI[1]_CO[3])
                                                      0.451     4.521 r  u_Frodo_top/u_SHAKE/ram64a_i_931/CO[3]
                         net (fo=1, unplaced)         0.008     4.529    u_Frodo_top/u_SHAKE/ram64a_i_931_n_0
                         CARRY4 (Prop_carry4_CI_CO[3])
                                                      0.100     4.629 f  u_Frodo_top/u_SHAKE/ram64a_i_587/CO[3]
                         net (fo=3, unplaced)         0.788     5.417    u_Frodo_top/u_SHAKE/u_SampleMatrixSet/cmp_result[0]_0
                         LUT3 (Prop_lut3_I2_O)        0.105     5.522 r  u_Frodo_top/u_SHAKE/ram64a_i_374/O
                         net (fo=5, unplaced)         0.610     6.132    u_Frodo_top/u_SHAKE/ram64a_i_374_n_0
                         LUT6 (Prop_lut6_I3_O)        0.105     6.237 r  u_Frodo_top/u_SHAKE/ram64a_i_367/O
                         net (fo=2, unplaced)         0.539     6.776    u_Frodo_top/u_SHAKE/ram64a_i_367_n_0
                         LUT6 (Prop_lut6_I0_O)        0.105     6.881 f  u_Frodo_top/u_SHAKE/ram64a_i_231/O
                         net (fo=142, unplaced)       0.455     7.336    u_Frodo_top/u_SHAKE/o_buf_reg[48]_0
                         LUT5 (Prop_lut5_I3_O)        0.105     7.441 r  u_Frodo_top/u_SHAKE/ram64a_i_593/O
                         net (fo=1, unplaced)         0.537     7.978    u_Frodo_top/u_MatrixAddSet/addaSet[5]
                         CARRY4 (Prop_carry4_DI[1]_CO[3])
                                                      0.430     8.408 r  u_Frodo_top/u_MatrixAddSet/ram64a_i_377/CO[3]
                         net (fo=1, unplaced)         0.000     8.408    u_Frodo_top/u_MatrixAddSet/ram64a_i_377_n_0
                         CARRY4 (Prop_carry4_CI_CO[3])
                                                      0.100     8.508 r  u_Frodo_top/u_MatrixAddSet/ram64a_i_245/CO[3]
                         net (fo=1, unplaced)         0.000     8.508    u_Frodo_top/u_MatrixAddSet/ram64a_i_245_n_0
                         CARRY4 (Prop_carry4_CI_O[3])
                                                      0.277     8.785 r  u_Frodo_top/u_MatrixAddSet/ram64a_i_366/O[3]
                         net (fo=2, unplaced)         0.530     9.315    u_Frodo_top/u_control/u_instDecoder/addabSet[15]
                         LUT6 (Prop_lut6_I5_O)        0.250     9.565 r  u_Frodo_top/u_control/u_instDecoder/ram64b_i_291/O
                         net (fo=1, unplaced)         0.347     9.912    u_Frodo_top/u_SHAKE/ram64b_99
                         LUT6 (Prop_lut6_I5_O)        0.105    10.017 r  u_Frodo_top/u_SHAKE/ram64b_i_113/O
                         net (fo=2, unplaced)         0.646    10.663    <hidden>
                         RAMB36E1                                     r  <hidden>
  -------------------------------------------------------------------    -------------------

                         (clock clk_i rise edge)     20.000    20.000 r  
                         propagated clock network latency
                                                      2.487    22.487    
                         clock pessimism              0.102    22.589    
                         clock uncertainty           -0.035    22.554    
                         RAMB36E1 (Setup_ramb36e1_CLKBWRCLK_DIBDI[14])
                                                     -0.641    21.913    <hidden>
  -------------------------------------------------------------------
                         required time                         21.913    
                         arrival time                         -10.663    
  -------------------------------------------------------------------
                         slack                                 11.250    

Slack (MET) :             11.350ns  (required time - arrival time)
  Source:                 u_Frodo_top/selmode_reg[0]_rep__2/C
                            (rising edge-triggered cell FDCE clocked by clk_i  {rise@0.000ns fall@10.000ns period=20.000ns})
  Destination:            <hidden>
                            (rising edge-triggered cell RAMB36E1 clocked by clk_i  {rise@0.000ns fall@10.000ns period=20.000ns})
  Path Group:             clk_i
  Path Type:              Setup (Max at Slow Process Corner)
  Requirement:            20.000ns  (clk_i rise@20.000ns - clk_i rise@0.000ns)
  Data Path Delay:        7.829ns  (logic 2.665ns (34.042%)  route 5.164ns (65.958%))
  Logic Levels:           11  (CARRY4=4 LUT3=1 LUT4=1 LUT5=2 LUT6=3)
  Clock Path Skew:        -0.145ns (DCD - SCD + CPR)
    Destination Clock Delay (DCD):    2.487ns = ( 22.487 - 20.000 ) 
    Source Clock Delay      (SCD):    2.734ns
    Clock Pessimism Removal (CPR):    0.102ns
  Clock Uncertainty:      0.035ns  ((TSJ^2 + TIJ^2)^1/2 + DJ) / 2 + PE
    Total System Jitter     (TSJ):    0.071ns
    Total Input Jitter      (TIJ):    0.000ns
    Discrete Jitter          (DJ):    0.000ns
    Phase Error              (PE):    0.000ns

    Location             Delay type                Incr(ns)  Path(ns)    Netlist Resource(s)
  -------------------------------------------------------------------    -------------------
                         (clock clk_i rise edge)      0.000     0.000 r  
                         propagated clock network latency
                                                      2.734     2.734    
                         FDCE                         0.000     2.734 r  u_Frodo_top/selmode_reg[0]_rep__2/C
                         FDCE (Prop_fdce_C_Q)         0.379     3.113 f  u_Frodo_top/selmode_reg[0]_rep__2/Q
                         net (fo=124, unplaced)       0.704     3.817    u_Frodo_top/u_SHAKE/ram64a_i_642_0
                         LUT4 (Prop_lut4_I1_O)        0.253     4.070 r  u_Frodo_top/u_SHAKE/ram64a_i_1232/O
                         net (fo=1, unplaced)         0.000     4.070    u_Frodo_top/u_SHAKE/ram64a_i_1232_n_0
                         CARRY4 (Prop_carry4_DI[1]_CO[3])
                                                      0.451     4.521 r  u_Frodo_top/u_SHAKE/ram64a_i_931/CO[3]
                         net (fo=1, unplaced)         0.008     4.529    u_Frodo_top/u_SHAKE/ram64a_i_931_n_0
                         CARRY4 (Prop_carry4_CI_CO[3])
                                                      0.100     4.629 f  u_Frodo_top/u_SHAKE/ram64a_i_587/CO[3]
                         net (fo=3, unplaced)         0.788     5.417    u_Frodo_top/u_SHAKE/u_SampleMatrixSet/cmp_result[0]_0
                         LUT3 (Prop_lut3_I2_O)        0.105     5.522 r  u_Frodo_top/u_SHAKE/ram64a_i_374/O
                         net (fo=5, unplaced)         0.610     6.132    u_Frodo_top/u_SHAKE/ram64a_i_374_n_0
                         LUT6 (Prop_lut6_I3_O)        0.105     6.237 r  u_Frodo_top/u_SHAKE/ram64a_i_367/O
                         net (fo=2, unplaced)         0.539     6.776    u_Frodo_top/u_SHAKE/ram64a_i_367_n_0
                         LUT6 (Prop_lut6_I0_O)        0.105     6.881 f  u_Frodo_top/u_SHAKE/ram64a_i_231/O
                         net (fo=142, unplaced)       0.455     7.336    u_Frodo_top/u_SHAKE/o_buf_reg[48]_0
                         LUT5 (Prop_lut5_I3_O)        0.105     7.441 r  u_Frodo_top/u_SHAKE/ram64a_i_593/O
                         net (fo=1, unplaced)         0.537     7.978    u_Frodo_top/u_MatrixAddSet/addaSet[5]
                         CARRY4 (Prop_carry4_DI[1]_CO[3])
                                                      0.430     8.408 r  u_Frodo_top/u_MatrixAddSet/ram64a_i_377/CO[3]
                         net (fo=1, unplaced)         0.000     8.408    u_Frodo_top/u_MatrixAddSet/ram64a_i_377_n_0
                         CARRY4 (Prop_carry4_CI_O[3])
                                                      0.277     8.685 r  u_Frodo_top/u_MatrixAddSet/ram64a_i_245/O[3]
                         net (fo=2, unplaced)         0.530     9.215    u_Frodo_top/u_control/u_instDecoder/addabSet[11]
                         LUT5 (Prop_lut5_I0_O)        0.250     9.465 r  u_Frodo_top/u_control/u_instDecoder/ram64a_i_240/O
                         net (fo=1, unplaced)         0.347     9.812    u_Frodo_top/u_control/u_instDecoder/ram64a_i_240_n_0
                         LUT6 (Prop_lut6_I1_O)        0.105     9.917 r  u_Frodo_top/u_control/u_instDecoder/ram64a_i_117/O
                         net (fo=2, unplaced)         0.646    10.563    <hidden>
                         RAMB36E1                                     r  <hidden>
  -------------------------------------------------------------------    -------------------

                         (clock clk_i rise edge)     20.000    20.000 r  
                         propagated clock network latency
                                                      2.487    22.487    
                         clock pessimism              0.102    22.589    
                         clock uncertainty           -0.035    22.554    
                         RAMB36E1 (Setup_ramb36e1_CLKBWRCLK_DIBDI[10])
                                                     -0.641    21.913    <hidden>
  -------------------------------------------------------------------
                         required time                         21.913    
                         arrival time                         -10.563    
  -------------------------------------------------------------------
                         slack                                 11.350    

Slack (MET) :             11.350ns  (required time - arrival time)
  Source:                 u_Frodo_top/selmode_reg[0]_rep__2/C
                            (rising edge-triggered cell FDCE clocked by clk_i  {rise@0.000ns fall@10.000ns period=20.000ns})
  Destination:            <hidden>
                            (rising edge-triggered cell RAMB36E1 clocked by clk_i  {rise@0.000ns fall@10.000ns period=20.000ns})
  Path Group:             clk_i
  Path Type:              Setup (Max at Slow Process Corner)
  Requirement:            20.000ns  (clk_i rise@20.000ns - clk_i rise@0.000ns)
  Data Path Delay:        7.829ns  (logic 2.665ns (34.042%)  route 5.164ns (65.958%))
  Logic Levels:           11  (CARRY4=4 LUT3=1 LUT4=1 LUT5=2 LUT6=3)
  Clock Path Skew:        -0.145ns (DCD - SCD + CPR)
    Destination Clock Delay (DCD):    2.487ns = ( 22.487 - 20.000 ) 
    Source Clock Delay      (SCD):    2.734ns
    Clock Pessimism Removal (CPR):    0.102ns
  Clock Uncertainty:      0.035ns  ((TSJ^2 + TIJ^2)^1/2 + DJ) / 2 + PE
    Total System Jitter     (TSJ):    0.071ns
    Total Input Jitter      (TIJ):    0.000ns
    Discrete Jitter          (DJ):    0.000ns
    Phase Error              (PE):    0.000ns

    Location             Delay type                Incr(ns)  Path(ns)    Netlist Resource(s)
  -------------------------------------------------------------------    -------------------
                         (clock clk_i rise edge)      0.000     0.000 r  
                         propagated clock network latency
                                                      2.734     2.734    
                         FDCE                         0.000     2.734 r  u_Frodo_top/selmode_reg[0]_rep__2/C
                         FDCE (Prop_fdce_C_Q)         0.379     3.113 f  u_Frodo_top/selmode_reg[0]_rep__2/Q
                         net (fo=124, unplaced)       0.704     3.817    u_Frodo_top/u_SHAKE/ram64a_i_642_0
                         LUT4 (Prop_lut4_I1_O)        0.253     4.070 r  u_Frodo_top/u_SHAKE/ram64a_i_1232/O
                         net (fo=1, unplaced)         0.000     4.070    u_Frodo_top/u_SHAKE/ram64a_i_1232_n_0
                         CARRY4 (Prop_carry4_DI[1]_CO[3])
                                                      0.451     4.521 r  u_Frodo_top/u_SHAKE/ram64a_i_931/CO[3]
                         net (fo=1, unplaced)         0.008     4.529    u_Frodo_top/u_SHAKE/ram64a_i_931_n_0
                         CARRY4 (Prop_carry4_CI_CO[3])
                                                      0.100     4.629 f  u_Frodo_top/u_SHAKE/ram64a_i_587/CO[3]
                         net (fo=3, unplaced)         0.788     5.417    u_Frodo_top/u_SHAKE/u_SampleMatrixSet/cmp_result[0]_0
                         LUT3 (Prop_lut3_I2_O)        0.105     5.522 r  u_Frodo_top/u_SHAKE/ram64a_i_374/O
                         net (fo=5, unplaced)         0.610     6.132    u_Frodo_top/u_SHAKE/ram64a_i_374_n_0
                         LUT6 (Prop_lut6_I3_O)        0.105     6.237 r  u_Frodo_top/u_SHAKE/ram64a_i_367/O
                         net (fo=2, unplaced)         0.539     6.776    u_Frodo_top/u_SHAKE/ram64a_i_367_n_0
                         LUT6 (Prop_lut6_I0_O)        0.105     6.881 f  u_Frodo_top/u_SHAKE/ram64a_i_231/O
                         net (fo=142, unplaced)       0.455     7.336    u_Frodo_top/u_SHAKE/o_buf_reg[48]_0
                         LUT5 (Prop_lut5_I3_O)        0.105     7.441 r  u_Frodo_top/u_SHAKE/ram64a_i_593/O
                         net (fo=1, unplaced)         0.537     7.978    u_Frodo_top/u_MatrixAddSet/addaSet[5]
                         CARRY4 (Prop_carry4_DI[1]_CO[3])
                                                      0.430     8.408 r  u_Frodo_top/u_MatrixAddSet/ram64a_i_377/CO[3]
                         net (fo=1, unplaced)         0.000     8.408    u_Frodo_top/u_MatrixAddSet/ram64a_i_377_n_0
                         CARRY4 (Prop_carry4_CI_O[3])
                                                      0.277     8.685 r  u_Frodo_top/u_MatrixAddSet/ram64a_i_245/O[3]
                         net (fo=2, unplaced)         0.530     9.215    u_Frodo_top/u_control/u_instDecoder/addabSet[11]
                         LUT5 (Prop_lut5_I0_O)        0.250     9.465 r  u_Frodo_top/u_control/u_instDecoder/ram64a_i_240/O
                         net (fo=1, unplaced)         0.347     9.812    u_Frodo_top/u_control/u_instDecoder/ram64a_i_240_n_0
                         LUT6 (Prop_lut6_I1_O)        0.105     9.917 r  u_Frodo_top/u_control/u_instDecoder/ram64a_i_117/O
                         net (fo=2, unplaced)         0.646    10.563    <hidden>
                         RAMB36E1                                     r  <hidden>
  -------------------------------------------------------------------    -------------------

                         (clock clk_i rise edge)     20.000    20.000 r  
                         propagated clock network latency
                                                      2.487    22.487    
                         clock pessimism              0.102    22.589    
                         clock uncertainty           -0.035    22.554    
                         RAMB36E1 (Setup_ramb36e1_CLKBWRCLK_DIBDI[10])
                                                     -0.641    21.913    <hidden>
  -------------------------------------------------------------------
                         required time                         21.913    
                         arrival time                         -10.563    
  -------------------------------------------------------------------
                         slack                                 11.350    

Slack (MET) :             11.350ns  (required time - arrival time)
  Source:                 u_Frodo_top/selmode_reg[0]_rep__2/C
                            (rising edge-triggered cell FDCE clocked by clk_i  {rise@0.000ns fall@10.000ns period=20.000ns})
  Destination:            <hidden>
                            (rising edge-triggered cell RAMB36E1 clocked by clk_i  {rise@0.000ns fall@10.000ns period=20.000ns})
  Path Group:             clk_i
  Path Type:              Setup (Max at Slow Process Corner)
  Requirement:            20.000ns  (clk_i rise@20.000ns - clk_i rise@0.000ns)
  Data Path Delay:        7.829ns  (logic 2.665ns (34.042%)  route 5.164ns (65.958%))
  Logic Levels:           11  (CARRY4=4 LUT3=1 LUT4=1 LUT5=1 LUT6=4)
  Clock Path Skew:        -0.145ns (DCD - SCD + CPR)
    Destination Clock Delay (DCD):    2.487ns = ( 22.487 - 20.000 ) 
    Source Clock Delay      (SCD):    2.734ns
    Clock Pessimism Removal (CPR):    0.102ns
  Clock Uncertainty:      0.035ns  ((TSJ^2 + TIJ^2)^1/2 + DJ) / 2 + PE
    Total System Jitter     (TSJ):    0.071ns
    Total Input Jitter      (TIJ):    0.000ns
    Discrete Jitter          (DJ):    0.000ns
    Phase Error              (PE):    0.000ns

    Location             Delay type                Incr(ns)  Path(ns)    Netlist Resource(s)
  -------------------------------------------------------------------    -------------------
                         (clock clk_i rise edge)      0.000     0.000 r  
                         propagated clock network latency
                                                      2.734     2.734    
                         FDCE                         0.000     2.734 r  u_Frodo_top/selmode_reg[0]_rep__2/C
                         FDCE (Prop_fdce_C_Q)         0.379     3.113 f  u_Frodo_top/selmode_reg[0]_rep__2/Q
                         net (fo=124, unplaced)       0.704     3.817    u_Frodo_top/u_SHAKE/ram64a_i_642_0
                         LUT4 (Prop_lut4_I1_O)        0.253     4.070 r  u_Frodo_top/u_SHAKE/ram64a_i_1232/O
                         net (fo=1, unplaced)         0.000     4.070    u_Frodo_top/u_SHAKE/ram64a_i_1232_n_0
                         CARRY4 (Prop_carry4_DI[1]_CO[3])
                                                      0.451     4.521 r  u_Frodo_top/u_SHAKE/ram64a_i_931/CO[3]
                         net (fo=1, unplaced)         0.008     4.529    u_Frodo_top/u_SHAKE/ram64a_i_931_n_0
                         CARRY4 (Prop_carry4_CI_CO[3])
                                                      0.100     4.629 f  u_Frodo_top/u_SHAKE/ram64a_i_587/CO[3]
                         net (fo=3, unplaced)         0.788     5.417    u_Frodo_top/u_SHAKE/u_SampleMatrixSet/cmp_result[0]_0
                         LUT3 (Prop_lut3_I2_O)        0.105     5.522 r  u_Frodo_top/u_SHAKE/ram64a_i_374/O
                         net (fo=5, unplaced)         0.610     6.132    u_Frodo_top/u_SHAKE/ram64a_i_374_n_0
                         LUT6 (Prop_lut6_I3_O)        0.105     6.237 r  u_Frodo_top/u_SHAKE/ram64a_i_367/O
                         net (fo=2, unplaced)         0.539     6.776    u_Frodo_top/u_SHAKE/ram64a_i_367_n_0
                         LUT6 (Prop_lut6_I0_O)        0.105     6.881 f  u_Frodo_top/u_SHAKE/ram64a_i_231/O
                         net (fo=142, unplaced)       0.455     7.336    u_Frodo_top/u_SHAKE/o_buf_reg[48]_0
                         LUT5 (Prop_lut5_I3_O)        0.105     7.441 r  u_Frodo_top/u_SHAKE/ram64a_i_593/O
                         net (fo=1, unplaced)         0.537     7.978    u_Frodo_top/u_MatrixAddSet/addaSet[5]
                         CARRY4 (Prop_carry4_DI[1]_CO[3])
                                                      0.430     8.408 r  u_Frodo_top/u_MatrixAddSet/ram64a_i_377/CO[3]
                         net (fo=1, unplaced)         0.000     8.408    u_Frodo_top/u_MatrixAddSet/ram64a_i_377_n_0
                         CARRY4 (Prop_carry4_CI_O[3])
                                                      0.277     8.685 r  u_Frodo_top/u_MatrixAddSet/ram64a_i_245/O[3]
                         net (fo=2, unplaced)         0.530     9.215    u_Frodo_top/u_control/u_instDecoder/addabSet[11]
                         LUT6 (Prop_lut6_I5_O)        0.250     9.465 r  u_Frodo_top/u_control/u_instDecoder/ram64b_i_299/O
                         net (fo=1, unplaced)         0.347     9.812    u_Frodo_top/u_SHAKE/ram64b_91
                         LUT6 (Prop_lut6_I5_O)        0.105     9.917 r  u_Frodo_top/u_SHAKE/ram64b_i_117/O
                         net (fo=2, unplaced)         0.646    10.563    <hidden>
                         RAMB36E1                                     r  <hidden>
  -------------------------------------------------------------------    -------------------

                         (clock clk_i rise edge)     20.000    20.000 r  
                         propagated clock network latency
                                                      2.487    22.487    
                         clock pessimism              0.102    22.589    
                         clock uncertainty           -0.035    22.554    
                         RAMB36E1 (Setup_ramb36e1_CLKBWRCLK_DIBDI[10])
                                                     -0.641    21.913    <hidden>
  -------------------------------------------------------------------
                         required time                         21.913    
                         arrival time                         -10.563    
  -------------------------------------------------------------------
                         slack                                 11.350    

Slack (MET) :             11.350ns  (required time - arrival time)
  Source:                 u_Frodo_top/selmode_reg[0]_rep__2/C
                            (rising edge-triggered cell FDCE clocked by clk_i  {rise@0.000ns fall@10.000ns period=20.000ns})
  Destination:            <hidden>
                            (rising edge-triggered cell RAMB36E1 clocked by clk_i  {rise@0.000ns fall@10.000ns period=20.000ns})
  Path Group:             clk_i
  Path Type:              Setup (Max at Slow Process Corner)
  Requirement:            20.000ns  (clk_i rise@20.000ns - clk_i rise@0.000ns)
  Data Path Delay:        7.829ns  (logic 2.665ns (34.042%)  route 5.164ns (65.958%))
  Logic Levels:           11  (CARRY4=4 LUT3=1 LUT4=1 LUT5=1 LUT6=4)
  Clock Path Skew:        -0.145ns (DCD - SCD + CPR)
    Destination Clock Delay (DCD):    2.487ns = ( 22.487 - 20.000 ) 
    Source Clock Delay      (SCD):    2.734ns
    Clock Pessimism Removal (CPR):    0.102ns
  Clock Uncertainty:      0.035ns  ((TSJ^2 + TIJ^2)^1/2 + DJ) / 2 + PE
    Total System Jitter     (TSJ):    0.071ns
    Total Input Jitter      (TIJ):    0.000ns
    Discrete Jitter          (DJ):    0.000ns
    Phase Error              (PE):    0.000ns

    Location             Delay type                Incr(ns)  Path(ns)    Netlist Resource(s)
  -------------------------------------------------------------------    -------------------
                         (clock clk_i rise edge)      0.000     0.000 r  
                         propagated clock network latency
                                                      2.734     2.734    
                         FDCE                         0.000     2.734 r  u_Frodo_top/selmode_reg[0]_rep__2/C
                         FDCE (Prop_fdce_C_Q)         0.379     3.113 f  u_Frodo_top/selmode_reg[0]_rep__2/Q
                         net (fo=124, unplaced)       0.704     3.817    u_Frodo_top/u_SHAKE/ram64a_i_642_0
                         LUT4 (Prop_lut4_I1_O)        0.253     4.070 r  u_Frodo_top/u_SHAKE/ram64a_i_1232/O
                         net (fo=1, unplaced)         0.000     4.070    u_Frodo_top/u_SHAKE/ram64a_i_1232_n_0
                         CARRY4 (Prop_carry4_DI[1]_CO[3])
                                                      0.451     4.521 r  u_Frodo_top/u_SHAKE/ram64a_i_931/CO[3]
                         net (fo=1, unplaced)         0.008     4.529    u_Frodo_top/u_SHAKE/ram64a_i_931_n_0
                         CARRY4 (Prop_carry4_CI_CO[3])
                                                      0.100     4.629 f  u_Frodo_top/u_SHAKE/ram64a_i_587/CO[3]
                         net (fo=3, unplaced)         0.788     5.417    u_Frodo_top/u_SHAKE/u_SampleMatrixSet/cmp_result[0]_0
                         LUT3 (Prop_lut3_I2_O)        0.105     5.522 r  u_Frodo_top/u_SHAKE/ram64a_i_374/O
                         net (fo=5, unplaced)         0.610     6.132    u_Frodo_top/u_SHAKE/ram64a_i_374_n_0
                         LUT6 (Prop_lut6_I3_O)        0.105     6.237 r  u_Frodo_top/u_SHAKE/ram64a_i_367/O
                         net (fo=2, unplaced)         0.539     6.776    u_Frodo_top/u_SHAKE/ram64a_i_367_n_0
                         LUT6 (Prop_lut6_I0_O)        0.105     6.881 f  u_Frodo_top/u_SHAKE/ram64a_i_231/O
                         net (fo=142, unplaced)       0.455     7.336    u_Frodo_top/u_SHAKE/o_buf_reg[48]_0
                         LUT5 (Prop_lut5_I3_O)        0.105     7.441 r  u_Frodo_top/u_SHAKE/ram64a_i_593/O
                         net (fo=1, unplaced)         0.537     7.978    u_Frodo_top/u_MatrixAddSet/addaSet[5]
                         CARRY4 (Prop_carry4_DI[1]_CO[3])
                                                      0.430     8.408 r  u_Frodo_top/u_MatrixAddSet/ram64a_i_377/CO[3]
                         net (fo=1, unplaced)         0.000     8.408    u_Frodo_top/u_MatrixAddSet/ram64a_i_377_n_0
                         CARRY4 (Prop_carry4_CI_O[3])
                                                      0.277     8.685 r  u_Frodo_top/u_MatrixAddSet/ram64a_i_245/O[3]
                         net (fo=2, unplaced)         0.530     9.215    u_Frodo_top/u_control/u_instDecoder/addabSet[11]
                         LUT6 (Prop_lut6_I5_O)        0.250     9.465 r  u_Frodo_top/u_control/u_instDecoder/ram64b_i_299/O
                         net (fo=1, unplaced)         0.347     9.812    u_Frodo_top/u_SHAKE/ram64b_91
                         LUT6 (Prop_lut6_I5_O)        0.105     9.917 r  u_Frodo_top/u_SHAKE/ram64b_i_117/O
                         net (fo=2, unplaced)         0.646    10.563    <hidden>
                         RAMB36E1                                     r  <hidden>
  -------------------------------------------------------------------    -------------------

                         (clock clk_i rise edge)     20.000    20.000 r  
                         propagated clock network latency
                                                      2.487    22.487    
                         clock pessimism              0.102    22.589    
                         clock uncertainty           -0.035    22.554    
                         RAMB36E1 (Setup_ramb36e1_CLKBWRCLK_DIBDI[10])
                                                     -0.641    21.913    <hidden>
  -------------------------------------------------------------------
                         required time                         21.913    
                         arrival time                         -10.563    
  -------------------------------------------------------------------
                         slack                                 11.350    

Slack (MET) :             11.379ns  (required time - arrival time)
  Source:                 u_Frodo_top/selmode_reg[0]_rep__2/C
                            (rising edge-triggered cell FDCE clocked by clk_i  {rise@0.000ns fall@10.000ns period=20.000ns})
  Destination:            <hidden>
                            (rising edge-triggered cell RAMB36E1 clocked by clk_i  {rise@0.000ns fall@10.000ns period=20.000ns})
  Path Group:             clk_i
  Path Type:              Setup (Max at Slow Process Corner)
  Requirement:            20.000ns  (clk_i rise@20.000ns - clk_i rise@0.000ns)
  Data Path Delay:        7.800ns  (logic 2.865ns (36.733%)  route 4.935ns (63.267%))
  Logic Levels:           13  (CARRY4=6 LUT3=1 LUT4=1 LUT5=2 LUT6=3)
  Clock Path Skew:        -0.145ns (DCD - SCD + CPR)
    Destination Clock Delay (DCD):    2.487ns = ( 22.487 - 20.000 ) 
    Source Clock Delay      (SCD):    2.734ns
    Clock Pessimism Removal (CPR):    0.102ns
  Clock Uncertainty:      0.035ns  ((TSJ^2 + TIJ^2)^1/2 + DJ) / 2 + PE
    Total System Jitter     (TSJ):    0.071ns
    Total Input Jitter      (TIJ):    0.000ns
    Discrete Jitter          (DJ):    0.000ns
    Phase Error              (PE):    0.000ns

    Location             Delay type                Incr(ns)  Path(ns)    Netlist Resource(s)
  -------------------------------------------------------------------    -------------------
                         (clock clk_i rise edge)      0.000     0.000 r  
                         propagated clock network latency
                                                      2.734     2.734    
                         FDCE                         0.000     2.734 r  u_Frodo_top/selmode_reg[0]_rep__2/C
                         FDCE (Prop_fdce_C_Q)         0.379     3.113 f  u_Frodo_top/selmode_reg[0]_rep__2/Q
                         net (fo=124, unplaced)       0.704     3.817    u_Frodo_top/u_SHAKE/ram64a_i_642_0
                         LUT4 (Prop_lut4_I1_O)        0.253     4.070 r  u_Frodo_top/u_SHAKE/ram64a_i_1001/O
                         net (fo=1, unplaced)         0.000     4.070    u_Frodo_top/u_SHAKE/ram64a_i_1001_n_0
                         CARRY4 (Prop_carry4_DI[1]_CO[3])
                                                      0.451     4.521 r  u_Frodo_top/u_SHAKE/ram64a_i_650/CO[3]
                         net (fo=1, unplaced)         0.008     4.529    u_Frodo_top/u_SHAKE/ram64a_i_650_n_0
                         CARRY4 (Prop_carry4_CI_CO[3])
                                                      0.100     4.629 f  u_Frodo_top/u_SHAKE/ram64a_i_409/CO[3]
                         net (fo=3, unplaced)         0.788     5.417    u_Frodo_top/u_SHAKE/u_SampleMatrixSet/cmp_result[3]_0
                         LUT3 (Prop_lut3_I2_O)        0.105     5.522 r  u_Frodo_top/u_SHAKE/ram64a_i_262/O
                         net (fo=5, unplaced)         0.610     6.132    u_Frodo_top/u_SHAKE/ram64a_i_262_n_0
                         LUT6 (Prop_lut6_I3_O)        0.105     6.237 r  u_Frodo_top/u_SHAKE/ram64a_i_287/O
                         net (fo=5, unplaced)         0.375     6.612    u_Frodo_top/u_SHAKE/ram64a_i_287_n_0
                         LUT6 (Prop_lut6_I1_O)        0.105     6.717 r  u_Frodo_top/u_SHAKE/ram64a_i_165/O
                         net (fo=7, unplaced)         0.382     7.099    u_Frodo_top/u_control/u_instDecoder/smOutSet[6]
                         LUT5 (Prop_lut5_I1_O)        0.105     7.204 r  u_Frodo_top/u_control/u_instDecoder/ram64a_i_280/O
                         net (fo=1, unplaced)         0.537     7.741    u_Frodo_top/u_MatrixAddSet/addaSet[46]
                         CARRY4 (Prop_carry4_DI[1]_CO[3])
                                                      0.430     8.171 r  u_Frodo_top/u_MatrixAddSet/ram64a_i_162/CO[3]
                         net (fo=1, unplaced)         0.008     8.179    u_Frodo_top/u_MatrixAddSet/ram64a_i_162_n_0
                         CARRY4 (Prop_carry4_CI_CO[3])
                                                      0.100     8.279 r  u_Frodo_top/u_MatrixAddSet/ram64a_i_269/CO[3]
                         net (fo=1, unplaced)         0.000     8.279    u_Frodo_top/u_MatrixAddSet/ram64a_i_269_n_0
                         CARRY4 (Prop_carry4_CI_CO[3])
                                                      0.100     8.379 r  u_Frodo_top/u_MatrixAddSet/ram64a_i_148/CO[3]
                         net (fo=1, unplaced)         0.000     8.379    u_Frodo_top/u_MatrixAddSet/ram64a_i_148_n_0
                         CARRY4 (Prop_carry4_CI_O[3])
                                                      0.277     8.656 r  u_Frodo_top/u_MatrixAddSet/ram64a_i_258/O[3]
                         net (fo=2, unplaced)         0.530     9.186    u_Frodo_top/u_control/u_instDecoder/addabSet[63]
                         LUT5 (Prop_lut5_I0_O)        0.250     9.436 r  u_Frodo_top/u_control/u_instDecoder/ram64a_i_132/O
                         net (fo=1, unplaced)         0.347     9.783    u_Frodo_top/u_control/u_instDecoder/ram64a_i_132_n_0
                         LUT6 (Prop_lut6_I1_O)        0.105     9.888 r  u_Frodo_top/u_control/u_instDecoder/ram64a_i_65/O
                         net (fo=2, unplaced)         0.646    10.534    <hidden>
                         RAMB36E1                                     r  <hidden>
  -------------------------------------------------------------------    -------------------

                         (clock clk_i rise edge)     20.000    20.000 r  
                         propagated clock network latency
                                                      2.487    22.487    
                         clock pessimism              0.102    22.589    
                         clock uncertainty           -0.035    22.554    
                         RAMB36E1 (Setup_ramb36e1_CLKBWRCLK_DIBDI[30])
                                                     -0.641    21.913    <hidden>
  -------------------------------------------------------------------
                         required time                         21.913    
                         arrival time                         -10.534    
  -------------------------------------------------------------------
                         slack                                 11.379    

Slack (MET) :             11.379ns  (required time - arrival time)
  Source:                 u_Frodo_top/selmode_reg[0]_rep__2/C
                            (rising edge-triggered cell FDCE clocked by clk_i  {rise@0.000ns fall@10.000ns period=20.000ns})
  Destination:            <hidden>
                            (rising edge-triggered cell RAMB36E1 clocked by clk_i  {rise@0.000ns fall@10.000ns period=20.000ns})
  Path Group:             clk_i
  Path Type:              Setup (Max at Slow Process Corner)
  Requirement:            20.000ns  (clk_i rise@20.000ns - clk_i rise@0.000ns)
  Data Path Delay:        7.800ns  (logic 2.865ns (36.733%)  route 4.935ns (63.267%))
  Logic Levels:           13  (CARRY4=6 LUT3=1 LUT4=1 LUT5=2 LUT6=3)
  Clock Path Skew:        -0.145ns (DCD - SCD + CPR)
    Destination Clock Delay (DCD):    2.487ns = ( 22.487 - 20.000 ) 
    Source Clock Delay      (SCD):    2.734ns
    Clock Pessimism Removal (CPR):    0.102ns
  Clock Uncertainty:      0.035ns  ((TSJ^2 + TIJ^2)^1/2 + DJ) / 2 + PE
    Total System Jitter     (TSJ):    0.071ns
    Total Input Jitter      (TIJ):    0.000ns
    Discrete Jitter          (DJ):    0.000ns
    Phase Error              (PE):    0.000ns

    Location             Delay type                Incr(ns)  Path(ns)    Netlist Resource(s)
  -------------------------------------------------------------------    -------------------
                         (clock clk_i rise edge)      0.000     0.000 r  
                         propagated clock network latency
                                                      2.734     2.734    
                         FDCE                         0.000     2.734 r  u_Frodo_top/selmode_reg[0]_rep__2/C
                         FDCE (Prop_fdce_C_Q)         0.379     3.113 f  u_Frodo_top/selmode_reg[0]_rep__2/Q
                         net (fo=124, unplaced)       0.704     3.817    u_Frodo_top/u_SHAKE/ram64a_i_642_0
                         LUT4 (Prop_lut4_I1_O)        0.253     4.070 r  u_Frodo_top/u_SHAKE/ram64a_i_1001/O
                         net (fo=1, unplaced)         0.000     4.070    u_Frodo_top/u_SHAKE/ram64a_i_1001_n_0
                         CARRY4 (Prop_carry4_DI[1]_CO[3])
                                                      0.451     4.521 r  u_Frodo_top/u_SHAKE/ram64a_i_650/CO[3]
                         net (fo=1, unplaced)         0.008     4.529    u_Frodo_top/u_SHAKE/ram64a_i_650_n_0
                         CARRY4 (Prop_carry4_CI_CO[3])
                                                      0.100     4.629 f  u_Frodo_top/u_SHAKE/ram64a_i_409/CO[3]
                         net (fo=3, unplaced)         0.788     5.417    u_Frodo_top/u_SHAKE/u_SampleMatrixSet/cmp_result[3]_0
                         LUT3 (Prop_lut3_I2_O)        0.105     5.522 r  u_Frodo_top/u_SHAKE/ram64a_i_262/O
                         net (fo=5, unplaced)         0.610     6.132    u_Frodo_top/u_SHAKE/ram64a_i_262_n_0
                         LUT6 (Prop_lut6_I3_O)        0.105     6.237 r  u_Frodo_top/u_SHAKE/ram64a_i_287/O
                         net (fo=5, unplaced)         0.375     6.612    u_Frodo_top/u_SHAKE/ram64a_i_287_n_0
                         LUT6 (Prop_lut6_I1_O)        0.105     6.717 r  u_Frodo_top/u_SHAKE/ram64a_i_165/O
                         net (fo=7, unplaced)         0.382     7.099    u_Frodo_top/u_control/u_instDecoder/smOutSet[6]
                         LUT5 (Prop_lut5_I1_O)        0.105     7.204 r  u_Frodo_top/u_control/u_instDecoder/ram64a_i_280/O
                         net (fo=1, unplaced)         0.537     7.741    u_Frodo_top/u_MatrixAddSet/addaSet[46]
                         CARRY4 (Prop_carry4_DI[1]_CO[3])
                                                      0.430     8.171 r  u_Frodo_top/u_MatrixAddSet/ram64a_i_162/CO[3]
                         net (fo=1, unplaced)         0.008     8.179    u_Frodo_top/u_MatrixAddSet/ram64a_i_162_n_0
                         CARRY4 (Prop_carry4_CI_CO[3])
                                                      0.100     8.279 r  u_Frodo_top/u_MatrixAddSet/ram64a_i_269/CO[3]
                         net (fo=1, unplaced)         0.000     8.279    u_Frodo_top/u_MatrixAddSet/ram64a_i_269_n_0
                         CARRY4 (Prop_carry4_CI_CO[3])
                                                      0.100     8.379 r  u_Frodo_top/u_MatrixAddSet/ram64a_i_148/CO[3]
                         net (fo=1, unplaced)         0.000     8.379    u_Frodo_top/u_MatrixAddSet/ram64a_i_148_n_0
                         CARRY4 (Prop_carry4_CI_O[3])
                                                      0.277     8.656 r  u_Frodo_top/u_MatrixAddSet/ram64a_i_258/O[3]
                         net (fo=2, unplaced)         0.530     9.186    u_Frodo_top/u_control/u_instDecoder/addabSet[63]
                         LUT5 (Prop_lut5_I0_O)        0.250     9.436 r  u_Frodo_top/u_control/u_instDecoder/ram64a_i_132/O
                         net (fo=1, unplaced)         0.347     9.783    u_Frodo_top/u_control/u_instDecoder/ram64a_i_132_n_0
                         LUT6 (Prop_lut6_I1_O)        0.105     9.888 r  u_Frodo_top/u_control/u_instDecoder/ram64a_i_65/O
                         net (fo=2, unplaced)         0.646    10.534    <hidden>
                         RAMB36E1                                     r  <hidden>
  -------------------------------------------------------------------    -------------------

                         (clock clk_i rise edge)     20.000    20.000 r  
                         propagated clock network latency
                                                      2.487    22.487    
                         clock pessimism              0.102    22.589    
                         clock uncertainty           -0.035    22.554    
                         RAMB36E1 (Setup_ramb36e1_CLKBWRCLK_DIBDI[12])
                                                     -0.641    21.913    <hidden>
  -------------------------------------------------------------------
                         required time                         21.913    
                         arrival time                         -10.534    
  -------------------------------------------------------------------
                         slack                                 11.379    




