INFO: [VRFC 10-2263] Analyzing Verilog file "D:/Frodokem_2026_tx/FrodoKEM/Viprj/project_1/project_1.sim/sim_1/impl/timing/xsim/tb_TOP_time_impl.v" into library xil_defaultlib
INFO: [VRFC 10-311] analyzing module ADDRBASE_ROM
INFO: [VRFC 10-311] analyzing module AddrGenUnit
INFO: [VRFC 10-311] analyzing module DecodeSet
INFO: [VRFC 10-311] analyzing module EncodeSet
INFO: [VRFC 10-311] analyzing module Frodo_top
INFO: [VRFC 10-311] analyzing module INSTROM
INFO: [VRFC 10-311] analyzing module MatrixAddSet
INFO: [VRFC 10-311] analyzing module MatrixMACSet
INFO: [VRFC 10-311] analyzing module MatrixMulAddSet
INFO: [VRFC 10-311] analyzing module PackSet
INFO: [VRFC 10-311] analyzing module RAM448
INFO: [VRFC 10-311] analyzing module RAM64a
INFO: [VRFC 10-311] analyzing module RAM64b
INFO: [VRFC 10-311] analyzing module SHAKE
INFO: [VRFC 10-311] analyzing module SampleMatrixSet
INFO: [VRFC 10-311] analyzing module TOP
INFO: [VRFC 10-311] analyzing module UnpackSet
INFO: [VRFC 10-311] analyzing module bidirectional_fifo
INFO: [VRFC 10-311] analyzing module control
INFO: [VRFC 10-311] analyzing module instDecoder
INFO: [VRFC 10-311] analyzing module theta
INFO: [VRFC 10-311] analyzing module ADDRBASE_ROM_dist_mem_gen_v8_0_17
INFO: [VRFC 10-311] analyzing module ADDRBASE_ROM_dist_mem_gen_v8_0_17_synth
INFO: [VRFC 10-311] analyzing module ADDRBASE_ROM_rom
INFO: [VRFC 10-311] analyzing module INSTROM_blk_mem_gen_generic_cstr
INFO: [VRFC 10-311] analyzing module INSTROM_blk_mem_gen_prim_width
INFO: [VRFC 10-311] analyzing module INSTROM_blk_mem_gen_prim_wrapper_init
INFO: [VRFC 10-311] analyzing module INSTROM_blk_mem_gen_top
INFO: [VRFC 10-311] analyzing module INSTROM_blk_mem_gen_v8_4_11
INFO: [VRFC 10-311] analyzing module INSTROM_blk_mem_gen_v8_4_11_synth
INFO: [VRFC 10-311] analyzing module RAM448_blk_mem_gen_generic_cstr
INFO: [VRFC 10-311] analyzing module RAM448_blk_mem_gen_prim_width
INFO: [VRFC 10-311] analyzing module RAM448_blk_mem_gen_prim_width__parameterized0
INFO: [VRFC 10-311] analyzing module RAM448_blk_mem_gen_prim_width__parameterized1
INFO: [VRFC 10-311] analyzing module RAM448_blk_mem_gen_prim_width__parameterized10
INFO: [VRFC 10-311] analyzing module RAM448_blk_mem_gen_prim_width__parameterized11
INFO: [VRFC 10-311] analyzing module RAM448_blk_mem_gen_prim_width__parameterized2
INFO: [VRFC 10-311] analyzing module RAM448_blk_mem_gen_prim_width__parameterized3
INFO: [VRFC 10-311] analyzing module RAM448_blk_mem_gen_prim_width__parameterized4
INFO: [VRFC 10-311] analyzing module RAM448_blk_mem_gen_prim_width__parameterized5
INFO: [VRFC 10-311] analyzing module RAM448_blk_mem_gen_prim_width__parameterized6
INFO: [VRFC 10-311] analyzing module RAM448_blk_mem_gen_prim_width__parameterized7
INFO: [VRFC 10-311] analyzing module RAM448_blk_mem_gen_prim_width__parameterized8
INFO: [VRFC 10-311] analyzing module RAM448_blk_mem_gen_prim_width__parameterized9
INFO: [VRFC 10-311] analyzing module RAM448_blk_mem_gen_prim_wrapper_init
INFO: [VRFC 10-311] analyzing module RAM448_blk_mem_gen_prim_wrapper_init__parameterized0
INFO: [VRFC 10-311] analyzing module RAM448_blk_mem_gen_prim_wrapper_init__parameterized1
INFO: [VRFC 10-311] analyzing module RAM448_blk_mem_gen_prim_wrapper_init__parameterized10
INFO: [VRFC 10-311] analyzing module RAM448_blk_mem_gen_prim_wrapper_init__parameterized11
INFO: [VRFC 10-311] analyzing module RAM448_blk_mem_gen_prim_wrapper_init__parameterized2
INFO: [VRFC 10-311] analyzing module RAM448_blk_mem_gen_prim_wrapper_init__parameterized3
INFO: [VRFC 10-311] analyzing module RAM448_blk_mem_gen_prim_wrapper_init__parameterized4
INFO: [VRFC 10-311] analyzing module RAM448_blk_mem_gen_prim_wrapper_init__parameterized5
INFO: [VRFC 10-311] analyzing module RAM448_blk_mem_gen_prim_wrapper_init__parameterized6
INFO: [VRFC 10-311] analyzing module RAM448_blk_mem_gen_prim_wrapper_init__parameterized7
INFO: [VRFC 10-311] analyzing module RAM448_blk_mem_gen_prim_wrapper_init__parameterized8
INFO: [VRFC 10-311] analyzing module RAM448_blk_mem_gen_prim_wrapper_init__parameterized9
INFO: [VRFC 10-311] analyzing module RAM448_blk_mem_gen_top
INFO: [VRFC 10-311] analyzing module RAM448_blk_mem_gen_v8_4_11
INFO: [VRFC 10-311] analyzing module RAM448_blk_mem_gen_v8_4_11_synth
INFO: [VRFC 10-311] analyzing module RAM64a_bindec
INFO: [VRFC 10-311] analyzing module RAM64a_bindec_0
INFO: [VRFC 10-311] analyzing module RAM64a_blk_mem_gen_generic_cstr
INFO: [VRFC 10-311] analyzing module RAM64a_blk_mem_gen_mux
INFO: [VRFC 10-311] analyzing module RAM64a_blk_mem_gen_mux__parameterized0
INFO: [VRFC 10-311] analyzing module RAM64a_blk_mem_gen_prim_width
INFO: [VRFC 10-311] analyzing module RAM64a_blk_mem_gen_prim_width__parameterized0
INFO: [VRFC 10-311] analyzing module RAM64a_blk_mem_gen_prim_width__parameterized1
INFO: [VRFC 10-311] analyzing module RAM64a_blk_mem_gen_prim_width__parameterized2
INFO: [VRFC 10-311] analyzing module RAM64a_blk_mem_gen_prim_width__parameterized3
INFO: [VRFC 10-311] analyzing module RAM64a_blk_mem_gen_prim_width__parameterized4
INFO: [VRFC 10-311] analyzing module RAM64a_blk_mem_gen_prim_wrapper_init
INFO: [VRFC 10-311] analyzing module RAM64a_blk_mem_gen_prim_wrapper_init__parameterized0
INFO: [VRFC 10-311] analyzing module RAM64a_blk_mem_gen_prim_wrapper_init__parameterized1
INFO: [VRFC 10-311] analyzing module RAM64a_blk_mem_gen_prim_wrapper_init__parameterized2
INFO: [VRFC 10-311] analyzing module RAM64a_blk_mem_gen_prim_wrapper_init__parameterized3
INFO: [VRFC 10-311] analyzing module RAM64a_blk_mem_gen_prim_wrapper_init__parameterized4
INFO: [VRFC 10-311] analyzing module RAM64a_blk_mem_gen_top
INFO: [VRFC 10-311] analyzing module RAM64a_blk_mem_gen_v8_4_11
INFO: [VRFC 10-311] analyzing module RAM64a_blk_mem_gen_v8_4_11_synth
INFO: [VRFC 10-311] analyzing module RAM64b_bindec
INFO: [VRFC 10-311] analyzing module RAM64b_bindec_0
INFO: [VRFC 10-311] analyzing module RAM64b_blk_mem_gen_generic_cstr
INFO: [VRFC 10-311] analyzing module RAM64b_blk_mem_gen_mux
INFO: [VRFC 10-311] analyzing module RAM64b_blk_mem_gen_mux__parameterized0
INFO: [VRFC 10-311] analyzing module RAM64b_blk_mem_gen_prim_width
INFO: [VRFC 10-311] analyzing module RAM64b_blk_mem_gen_prim_width__parameterized0
INFO: [VRFC 10-311] analyzing module RAM64b_blk_mem_gen_prim_width__parameterized1
INFO: [VRFC 10-311] analyzing module RAM64b_blk_mem_gen_prim_width__parameterized2
INFO: [VRFC 10-311] analyzing module RAM64b_blk_mem_gen_prim_width__parameterized3
INFO: [VRFC 10-311] analyzing module RAM64b_blk_mem_gen_prim_width__parameterized4
INFO: [VRFC 10-311] analyzing module RAM64b_blk_mem_gen_prim_wrapper_init
INFO: [VRFC 10-311] analyzing module RAM64b_blk_mem_gen_prim_wrapper_init__parameterized0
INFO: [VRFC 10-311] analyzing module RAM64b_blk_mem_gen_prim_wrapper_init__parameterized1
INFO: [VRFC 10-311] analyzing module RAM64b_blk_mem_gen_prim_wrapper_init__parameterized2
INFO: [VRFC 10-311] analyzing module RAM64b_blk_mem_gen_prim_wrapper_init__parameterized3
INFO: [VRFC 10-311] analyzing module RAM64b_blk_mem_gen_prim_wrapper_init__parameterized4
INFO: [VRFC 10-311] analyzing module RAM64b_blk_mem_gen_top
INFO: [VRFC 10-311] analyzing module RAM64b_blk_mem_gen_v8_4_11
INFO: [VRFC 10-311] analyzing module RAM64b_blk_mem_gen_v8_4_11_synth
INFO: [VRFC 10-311] analyzing module glbl
INFO: [VRFC 10-2263] Analyzing Verilog file "D:/Frodokem_2026_tx/FrodoKEM/SRC/TB_TOP.v" into library xil_defaultlib
INFO: [VRFC 10-311] analyzing module tb_TOP
