Copyright 1986-2022 Xilinx, Inc. All Rights Reserved. Copyright 2022-2025 Advanced Micro Devices, Inc. All Rights Reserved.
---------------------------------------------------------------------------------------------------------------------------------------------
| Tool Version : Vivado v.2025.1 (win64) Build 6140274 Thu May 22 00:12:29 MDT 2025
| Date         : Tue May  5 01:43:40 2026
| Host         : DESKTOP-KKLUIKL running 64-bit major release  (build 9200)
| Command      : report_timing_summary -file ./timing_reports/timing_summary.rpt
| Design       : TOP
| Device       : 7a35t-fgg484
| Speed File   : -2  PRODUCTION 1.23 2018-06-13
| Design State : Routed
---------------------------------------------------------------------------------------------------------------------------------------------

Timing Summary Report

------------------------------------------------------------------------------------------------
| Timer Settings
| --------------
------------------------------------------------------------------------------------------------

  Enable Multi Corner Analysis               :  Yes
  Enable Pessimism Removal                   :  Yes
  Pessimism Removal Resolution               :  Nearest Common Node
  Enable Input Delay Default Clock           :  No
  Enable Preset / Clear Arcs                 :  No
  Disable Flight Delays                      :  No
  Ignore I/O Paths                           :  No
  Timing Early Launch at Borrowing Latches   :  No
  Borrow Time for Max Delay Exceptions       :  Yes
  Merge Timing Exceptions                    :  Yes
  Inter-SLR Compensation                     :  Conservative

  Corner  Analyze    Analyze    
  Name    Max Paths  Min Paths  
  ------  ---------  ---------  
  Slow    Yes        Yes        
  Fast    Yes        Yes        


------------------------------------------------------------------------------------------------
| Report Methodology
| ------------------
------------------------------------------------------------------------------------------------

Rule       Severity  Description                    Violations  
---------  --------  -----------------------------  ----------  
TIMING-18  Warning   Missing input or output delay  3           

Note: This report is based on the most recent report_methodology run and may not be up-to-date. Run report_methodology on the current design for the latest report.



check_timing report

Table of Contents
-----------------
1. checking no_clock (0)
2. checking constant_clock (0)
3. checking pulse_width_clock (0)
4. checking unconstrained_internal_endpoints (0)
5. checking no_input_delay (2)
6. checking no_output_delay (1)
7. checking multiple_clock (0)
8. checking generated_clocks (0)
9. checking loops (0)
10. checking partial_input_delay (0)
11. checking partial_output_delay (0)
12. checking latch_loops (0)

1. checking no_clock (0)
------------------------
 There are 0 register/latch pins with no clock.


2. checking constant_clock (0)
------------------------------
 There are 0 register/latch pins with constant_clock.


3. checking pulse_width_clock (0)
---------------------------------
 There are 0 register/latch pins which need pulse_width check


4. checking unconstrained_internal_endpoints (0)
------------------------------------------------
 There are 0 pins that are not constrained for maximum delay.

 There are 0 pins that are not constrained for maximum delay due to constant clock.


5. checking no_input_delay (2)
------------------------------
 There are 2 input ports with no input delay specified. (HIGH)

 There are 0 input ports with no input delay but user has a false path constraint.


6. checking no_output_delay (1)
-------------------------------
 There is 1 port with no output delay specified. (HIGH)

 There are 0 ports with no output delay but user has a false path constraint

 There are 0 ports with no output delay but with a timing clock defined on it or propagating through it


7. checking multiple_clock (0)
------------------------------
 There are 0 register/latch pins with multiple clocks.


8. checking generated_clocks (0)
--------------------------------
 There are 0 generated clocks that are not connected to a clock source.


9. checking loops (0)
---------------------
 There are 0 combinational loops in the design.


10. checking partial_input_delay (0)
------------------------------------
 There are 0 input ports with partial input delay specified.


11. checking partial_output_delay (0)
-------------------------------------
 There are 0 ports with partial output delay specified.


12. checking latch_loops (0)
----------------------------
 There are 0 combinational latch loops in the design through latch input



------------------------------------------------------------------------------------------------
| Design Timing Summary
| ---------------------
------------------------------------------------------------------------------------------------

    WNS(ns)      TNS(ns)  TNS Failing Endpoints  TNS Total Endpoints      WHS(ns)      THS(ns)  THS Failing Endpoints  THS Total Endpoints     WPWS(ns)     TPWS(ns)  TPWS Failing Endpoints  TPWS Total Endpoints  
    -------      -------  ---------------------  -------------------      -------      -------  ---------------------  -------------------     --------     --------  ----------------------  --------------------  
      7.892        0.000                      0                15057        0.062        0.000                      0                15057        9.146        0.000                       0                  6205  


All user specified timing constraints are met.


------------------------------------------------------------------------------------------------
| Clock Summary
| -------------
------------------------------------------------------------------------------------------------

Clock  Waveform(ns)       Period(ns)      Frequency(MHz)
-----  ------------       ----------      --------------
clk_i  {0.000 10.000}     20.000          50.000          


------------------------------------------------------------------------------------------------
| Intra Clock Table
| -----------------
------------------------------------------------------------------------------------------------

Clock             WNS(ns)      TNS(ns)  TNS Failing Endpoints  TNS Total Endpoints      WHS(ns)      THS(ns)  THS Failing Endpoints  THS Total Endpoints     WPWS(ns)     TPWS(ns)  TPWS Failing Endpoints  TPWS Total Endpoints  
-----             -------      -------  ---------------------  -------------------      -------      -------  ---------------------  -------------------     --------     --------  ----------------------  --------------------  
clk_i               7.892        0.000                      0                15057        0.062        0.000                      0                15057        9.146        0.000                       0                  6205  


------------------------------------------------------------------------------------------------
| Inter Clock Table
| -----------------
------------------------------------------------------------------------------------------------

From Clock    To Clock          WNS(ns)      TNS(ns)  TNS Failing Endpoints  TNS Total Endpoints      WHS(ns)      THS(ns)  THS Failing Endpoints  THS Total Endpoints  
----------    --------          -------      -------  ---------------------  -------------------      -------      -------  ---------------------  -------------------  


------------------------------------------------------------------------------------------------
| Other Path Groups Table
| -----------------------
------------------------------------------------------------------------------------------------

Path Group    From Clock    To Clock          WNS(ns)      TNS(ns)  TNS Failing Endpoints  TNS Total Endpoints      WHS(ns)      THS(ns)  THS Failing Endpoints  THS Total Endpoints  
----------    ----------    --------          -------      -------  ---------------------  -------------------      -------      -------  ---------------------  -------------------  


------------------------------------------------------------------------------------------------
| Timing Details
| --------------
------------------------------------------------------------------------------------------------


---------------------------------------------------------------------------------------------------
From Clock:  clk_i
  To Clock:  clk_i

Setup :            0  Failing Endpoints,  Worst Slack        7.892ns,  Total Violation        0.000ns
Hold  :            0  Failing Endpoints,  Worst Slack        0.062ns,  Total Violation        0.000ns
PW    :            0  Failing Endpoints,  Worst Slack        9.146ns,  Total Violation        0.000ns
---------------------------------------------------------------------------------------------------


Max Delay Paths
--------------------------------------------------------------------------------------
Slack (MET) :             7.892ns  (required time - arrival time)
  Source:                 u_Frodo_top/u_SHAKE/o_buf_rd_ptr_reg[3]_rep/C
                            (rising edge-triggered cell FDCE clocked by clk_i  {rise@0.000ns fall@10.000ns period=20.000ns})
  Destination:            u_Frodo_top/u_SHAKE/g_sqzout448[1].sqzout448_reg[84]/D
                            (rising edge-triggered cell FDCE clocked by clk_i  {rise@0.000ns fall@10.000ns period=20.000ns})
  Path Group:             clk_i
  Path Type:              Setup (Max at Slow Process Corner)
  Requirement:            20.000ns  (clk_i rise@20.000ns - clk_i rise@0.000ns)
  Data Path Delay:        12.153ns  (logic 0.738ns (6.073%)  route 11.415ns (93.927%))
  Logic Levels:           2  (LUT6=2)
  Clock Path Skew:        0.051ns (DCD - SCD + CPR)
    Destination Clock Delay (DCD):    4.439ns = ( 24.439 - 20.000 ) 
    Source Clock Delay      (SCD):    4.555ns
    Clock Pessimism Removal (CPR):    0.166ns
  Clock Uncertainty:      0.035ns  ((TSJ^2 + TIJ^2)^1/2 + DJ) / 2 + PE
    Total System Jitter     (TSJ):    0.071ns
    Total Input Jitter      (TIJ):    0.000ns
    Discrete Jitter          (DJ):    0.000ns
    Phase Error              (PE):    0.000ns

    Location             Delay type                Incr(ns)  Path(ns)    Netlist Resource(s)
  -------------------------------------------------------------------    -------------------
                         (clock clk_i rise edge)      0.000     0.000 r  
    W19                                               0.000     0.000 r  clk_i (IN)
                         net (fo=0)                   0.000     0.000    clk_i
    W19                  IBUF (Prop_ibuf_I_O)         1.423     1.423 r  clk_i_IBUF_inst/O
                         net (fo=1, routed)           1.693     3.116    clk_i_IBUF
    BUFGCTRL_X0Y0        BUFG (Prop_bufg_I_O)         0.081     3.197 r  clk_i_IBUF_BUFG_inst/O
                         net (fo=6204, routed)        1.357     4.555    u_Frodo_top/u_SHAKE/clk_i_IBUF_BUFG
    SLICE_X54Y86         FDCE                                         r  u_Frodo_top/u_SHAKE/o_buf_rd_ptr_reg[3]_rep/C
  -------------------------------------------------------------------    -------------------
    SLICE_X54Y86         FDCE (Prop_fdce_C_Q)         0.398     4.953 r  u_Frodo_top/u_SHAKE/o_buf_rd_ptr_reg[3]_rep/Q
                         net (fo=261, routed)        10.901    15.854    u_Frodo_top/u_SHAKE/o_buf_rd_ptr_reg[3]_rep_n_0
    SLICE_X54Y109        LUT6 (Prop_lut6_I2_O)        0.235    16.089 r  u_Frodo_top/u_SHAKE/g_sqzout448[1].sqzout448[84]_i_3/O
                         net (fo=1, routed)           0.514    16.603    u_Frodo_top/u_SHAKE/g_sqzout448[1].sqzout448[84]_i_3_n_0
    SLICE_X55Y108        LUT6 (Prop_lut6_I5_O)        0.105    16.708 r  u_Frodo_top/u_SHAKE/g_sqzout448[1].sqzout448[84]_i_1/O
                         net (fo=1, routed)           0.000    16.708    u_Frodo_top/u_SHAKE/g_sqzout448[1].sqzout448[84]_i_1_n_0
    SLICE_X55Y108        FDCE                                         r  u_Frodo_top/u_SHAKE/g_sqzout448[1].sqzout448_reg[84]/D
  -------------------------------------------------------------------    -------------------

                         (clock clk_i rise edge)     20.000    20.000 r  
    W19                                               0.000    20.000 r  clk_i (IN)
                         net (fo=0)                   0.000    20.000    clk_i
    W19                  IBUF (Prop_ibuf_I_O)         1.357    21.357 r  clk_i_IBUF_inst/O
                         net (fo=1, routed)           1.604    22.962    clk_i_IBUF
    BUFGCTRL_X0Y0        BUFG (Prop_bufg_I_O)         0.077    23.039 r  clk_i_IBUF_BUFG_inst/O
                         net (fo=6204, routed)        1.401    24.439    u_Frodo_top/u_SHAKE/clk_i_IBUF_BUFG
    SLICE_X55Y108        FDCE                                         r  u_Frodo_top/u_SHAKE/g_sqzout448[1].sqzout448_reg[84]/C
                         clock pessimism              0.166    24.605    
                         clock uncertainty           -0.035    24.570    
    SLICE_X55Y108        FDCE (Setup_fdce_C_D)        0.030    24.600    u_Frodo_top/u_SHAKE/g_sqzout448[1].sqzout448_reg[84]
  -------------------------------------------------------------------
                         required time                         24.600    
                         arrival time                         -16.708    
  -------------------------------------------------------------------
                         slack                                  7.892    





Min Delay Paths
--------------------------------------------------------------------------------------
Slack (MET) :             0.062ns  (arrival time - required time)
  Source:                 u_Frodo_top/u_MatrixMACSet/sum_s4_reg[3][0]/C
                            (rising edge-triggered cell FDCE clocked by clk_i  {rise@0.000ns fall@10.000ns period=20.000ns})
  Destination:            u_Frodo_top/u_MatrixMACSet/sum_s5_reg[1][0]/D
                            (rising edge-triggered cell FDCE clocked by clk_i  {rise@0.000ns fall@10.000ns period=20.000ns})
  Path Group:             clk_i
  Path Type:              Hold (Min at Fast Process Corner)
  Requirement:            0.000ns  (clk_i rise@0.000ns - clk_i rise@0.000ns)
  Data Path Delay:        0.432ns  (logic 0.279ns (64.595%)  route 0.153ns (35.405%))
  Logic Levels:           2  (CARRY4=1 LUT2=1)
  Clock Path Skew:        0.265ns (DCD - SCD - CPR)
    Destination Clock Delay (DCD):    1.995ns
    Source Clock Delay      (SCD):    1.480ns
    Clock Pessimism Removal (CPR):    0.251ns

    Location             Delay type                Incr(ns)  Path(ns)    Netlist Resource(s)
  -------------------------------------------------------------------    -------------------
                         (clock clk_i rise edge)      0.000     0.000 r  
    W19                                               0.000     0.000 r  clk_i (IN)
                         net (fo=0)                   0.000     0.000    clk_i
    W19                  IBUF (Prop_ibuf_I_O)         0.260     0.260 r  clk_i_IBUF_inst/O
                         net (fo=1, routed)           0.634     0.894    clk_i_IBUF
    BUFGCTRL_X0Y0        BUFG (Prop_bufg_I_O)         0.026     0.920 r  clk_i_IBUF_BUFG_inst/O
                         net (fo=6204, routed)        0.560     1.480    u_Frodo_top/u_MatrixMACSet/clk_i_IBUF_BUFG
    SLICE_X34Y54         FDCE                                         r  u_Frodo_top/u_MatrixMACSet/sum_s4_reg[3][0]/C
  -------------------------------------------------------------------    -------------------
    SLICE_X34Y54         FDCE (Prop_fdce_C_Q)         0.164     1.644 r  u_Frodo_top/u_MatrixMACSet/sum_s4_reg[3][0]/Q
                         net (fo=1, routed)           0.153     1.797    u_Frodo_top/u_MatrixMACSet/sum_s4_reg[3]_17[0]
    SLICE_X36Y53         LUT2 (Prop_lut2_I1_O)        0.045     1.842 r  u_Frodo_top/u_MatrixMACSet/sum_s5[1][3]_i_5/O
                         net (fo=1, routed)           0.000     1.842    u_Frodo_top/u_MatrixMACSet/sum_s5[1][3]_i_5_n_0
    SLICE_X36Y53         CARRY4 (Prop_carry4_S[0]_O[0])
                                                      0.070     1.912 r  u_Frodo_top/u_MatrixMACSet/sum_s5_reg[1][3]_i_1/O[0]
                         net (fo=1, routed)           0.000     1.912    u_Frodo_top/u_MatrixMACSet/sum_s5_reg[1][3]_i_1_n_7
    SLICE_X36Y53         FDCE                                         r  u_Frodo_top/u_MatrixMACSet/sum_s5_reg[1][0]/D
  -------------------------------------------------------------------    -------------------

                         (clock clk_i rise edge)      0.000     0.000 r  
    W19                                               0.000     0.000 r  clk_i (IN)
                         net (fo=0)                   0.000     0.000    clk_i
    W19                  IBUF (Prop_ibuf_I_O)         0.448     0.448 r  clk_i_IBUF_inst/O
                         net (fo=1, routed)           0.689     1.137    clk_i_IBUF
    BUFGCTRL_X0Y0        BUFG (Prop_bufg_I_O)         0.029     1.166 r  clk_i_IBUF_BUFG_inst/O
                         net (fo=6204, routed)        0.829     1.995    u_Frodo_top/u_MatrixMACSet/clk_i_IBUF_BUFG
    SLICE_X36Y53         FDCE                                         r  u_Frodo_top/u_MatrixMACSet/sum_s5_reg[1][0]/C
                         clock pessimism             -0.251     1.745    
    SLICE_X36Y53         FDCE (Hold_fdce_C_D)         0.105     1.850    u_Frodo_top/u_MatrixMACSet/sum_s5_reg[1][0]
  -------------------------------------------------------------------
                         required time                         -1.850    
                         arrival time                           1.912    
  -------------------------------------------------------------------
                         slack                                  0.062    





Pulse Width Checks
--------------------------------------------------------------------------------------
Clock Name:         clk_i
Waveform(ns):       { 0.000 10.000 }
Period(ns):         20.000
Sources:            { clk_i }

Check Type        Corner  Lib Pin             Reference Pin  Required(ns)  Actual(ns)  Slack(ns)  Location      Pin
Min Period        n/a     RAMB36E1/CLKARDCLK  n/a            2.170         20.000      17.830     RAMB36_X1Y11  <hidden>
Low Pulse Width   Slow    SRL16E/CLK          n/a            0.854         10.000      9.146      SLICE_X14Y52  u_Frodo_top/u_MatrixMACSet/vld_s4_reg_srl4_u_Frodo_top_u_MatrixMACSet_vld_s4_reg_c/CLK
High Pulse Width  Slow    SRL16E/CLK          n/a            0.854         10.000      9.146      SLICE_X14Y52  u_Frodo_top/u_MatrixMACSet/vld_s4_reg_srl4_u_Frodo_top_u_MatrixMACSet_vld_s4_reg_c/CLK



