Copyright 1986-2022 Xilinx, Inc. All Rights Reserved. Copyright 2022-2025 Advanced Micro Devices, Inc. All Rights Reserved.
---------------------------------------------------------------------------------------------------------------------------------------------
| Tool Version : Vivado v.2025.1 (win64) Build 6140274 Thu May 22 00:12:29 MDT 2025
| Date         : Tue May  5 01:43:40 2026
| Host         : DESKTOP-KKLUIKL running 64-bit major release  (build 9200)
| Command      : report_timing -delay_type max -sort_by slack -max_paths 10 -path_type full -file ./timing_reports/worst_setup_paths.rpt
| Design       : TOP
| Device       : 7a35t-fgg484
| Speed File   : -2  PRODUCTION 1.23 2018-06-13
| Design State : Routed
---------------------------------------------------------------------------------------------------------------------------------------------

Timing Report

Slack (MET) :             7.892ns  (required time - arrival time)
  Source:                 u_Frodo_top/u_SHAKE/o_buf_rd_ptr_reg[3]_rep/C
                            (rising edge-triggered cell FDCE clocked by clk_i  {rise@0.000ns fall@10.000ns period=20.000ns})
  Destination:            u_Frodo_top/u_SHAKE/g_sqzout448[1].sqzout448_reg[84]/D
                            (rising edge-triggered cell FDCE clocked by clk_i  {rise@0.000ns fall@10.000ns period=20.000ns})
  Path Group:             clk_i
  Path Type:              Setup (Max at Slow Process Corner)
  Requirement:            20.000ns  (clk_i rise@20.000ns - clk_i rise@0.000ns)
  Data Path Delay:        12.153ns  (logic 0.738ns (6.073%)  route 11.415ns (93.927%))
  Logic Levels:           2  (LUT6=2)
  Clock Path Skew:        0.051ns (DCD - SCD + CPR)
    Destination Clock Delay (DCD):    4.439ns = ( 24.439 - 20.000 ) 
    Source Clock Delay      (SCD):    4.555ns
    Clock Pessimism Removal (CPR):    0.166ns
  Clock Uncertainty:      0.035ns  ((TSJ^2 + TIJ^2)^1/2 + DJ) / 2 + PE
    Total System Jitter     (TSJ):    0.071ns
    Total Input Jitter      (TIJ):    0.000ns
    Discrete Jitter          (DJ):    0.000ns
    Phase Error              (PE):    0.000ns

    Location             Delay type                Incr(ns)  Path(ns)    Netlist Resource(s)
  -------------------------------------------------------------------    -------------------
                         (clock clk_i rise edge)      0.000     0.000 r  
                         propagated clock network latency
                                                      4.555     4.555    
    SLICE_X54Y86         FDCE                         0.000     4.555 r  u_Frodo_top/u_SHAKE/o_buf_rd_ptr_reg[3]_rep/C
    SLICE_X54Y86         FDCE (Prop_fdce_C_Q)         0.398     4.953 r  u_Frodo_top/u_SHAKE/o_buf_rd_ptr_reg[3]_rep/Q
                         net (fo=261, routed)        10.901    15.854    u_Frodo_top/u_SHAKE/o_buf_rd_ptr_reg[3]_rep_n_0
    SLICE_X54Y109        LUT6 (Prop_lut6_I2_O)        0.235    16.089 r  u_Frodo_top/u_SHAKE/g_sqzout448[1].sqzout448[84]_i_3/O
                         net (fo=1, routed)           0.514    16.603    u_Frodo_top/u_SHAKE/g_sqzout448[1].sqzout448[84]_i_3_n_0
    SLICE_X55Y108        LUT6 (Prop_lut6_I5_O)        0.105    16.708 r  u_Frodo_top/u_SHAKE/g_sqzout448[1].sqzout448[84]_i_1/O
                         net (fo=1, routed)           0.000    16.708    u_Frodo_top/u_SHAKE/g_sqzout448[1].sqzout448[84]_i_1_n_0
    SLICE_X55Y108        FDCE                                         r  u_Frodo_top/u_SHAKE/g_sqzout448[1].sqzout448_reg[84]/D
  -------------------------------------------------------------------    -------------------

                         (clock clk_i rise edge)     20.000    20.000 r  
                         propagated clock network latency
                                                      4.439    24.439    
                         clock pessimism              0.166    24.605    
                         clock uncertainty           -0.035    24.570    
    SLICE_X55Y108        FDCE (Setup_fdce_C_D)        0.030    24.600    u_Frodo_top/u_SHAKE/g_sqzout448[1].sqzout448_reg[84]
  -------------------------------------------------------------------
                         required time                         24.600    
                         arrival time                         -16.708    
  -------------------------------------------------------------------
                         slack                                  7.892    

Slack (MET) :             8.105ns  (required time - arrival time)
  Source:                 u_Frodo_top/u_SHAKE/o_buf_rd_ptr_reg[3]_rep/C
                            (rising edge-triggered cell FDCE clocked by clk_i  {rise@0.000ns fall@10.000ns period=20.000ns})
  Destination:            u_Frodo_top/u_SHAKE/g_sqzout448[3].sqzout448_reg[212]/D
                            (rising edge-triggered cell FDCE clocked by clk_i  {rise@0.000ns fall@10.000ns period=20.000ns})
  Path Group:             clk_i
  Path Type:              Setup (Max at Slow Process Corner)
  Requirement:            20.000ns  (clk_i rise@20.000ns - clk_i rise@0.000ns)
  Data Path Delay:        11.941ns  (logic 0.738ns (6.180%)  route 11.203ns (93.820%))
  Logic Levels:           2  (LUT5=1 LUT6=1)
  Clock Path Skew:        0.052ns (DCD - SCD + CPR)
    Destination Clock Delay (DCD):    4.440ns = ( 24.440 - 20.000 ) 
    Source Clock Delay      (SCD):    4.555ns
    Clock Pessimism Removal (CPR):    0.166ns
  Clock Uncertainty:      0.035ns  ((TSJ^2 + TIJ^2)^1/2 + DJ) / 2 + PE
    Total System Jitter     (TSJ):    0.071ns
    Total Input Jitter      (TIJ):    0.000ns
    Discrete Jitter          (DJ):    0.000ns
    Phase Error              (PE):    0.000ns

    Location             Delay type                Incr(ns)  Path(ns)    Netlist Resource(s)
  -------------------------------------------------------------------    -------------------
                         (clock clk_i rise edge)      0.000     0.000 r  
                         propagated clock network latency
                                                      4.555     4.555    
    SLICE_X54Y86         FDCE                         0.000     4.555 r  u_Frodo_top/u_SHAKE/o_buf_rd_ptr_reg[3]_rep/C
    SLICE_X54Y86         FDCE (Prop_fdce_C_Q)         0.398     4.953 r  u_Frodo_top/u_SHAKE/o_buf_rd_ptr_reg[3]_rep/Q
                         net (fo=261, routed)        10.832    15.785    u_Frodo_top/u_SHAKE/o_buf_rd_ptr_reg[3]_rep_n_0
    SLICE_X56Y109        LUT6 (Prop_lut6_I1_O)        0.235    16.020 r  u_Frodo_top/u_SHAKE/g_sqzout448[3].sqzout448[212]_i_2/O
                         net (fo=1, routed)           0.371    16.391    u_Frodo_top/u_SHAKE/g_sqzout448[3].sqzout448[212]_i_2_n_0
    SLICE_X55Y107        LUT5 (Prop_lut5_I2_O)        0.105    16.496 r  u_Frodo_top/u_SHAKE/g_sqzout448[3].sqzout448[212]_i_1/O
                         net (fo=1, routed)           0.000    16.496    u_Frodo_top/u_SHAKE/g_sqzout448[3].sqzout448[212]_i_1_n_0
    SLICE_X55Y107        FDCE                                         r  u_Frodo_top/u_SHAKE/g_sqzout448[3].sqzout448_reg[212]/D
  -------------------------------------------------------------------    -------------------

                         (clock clk_i rise edge)     20.000    20.000 r  
                         propagated clock network latency
                                                      4.440    24.440    
                         clock pessimism              0.166    24.606    
                         clock uncertainty           -0.035    24.571    
    SLICE_X55Y107        FDCE (Setup_fdce_C_D)        0.030    24.601    u_Frodo_top/u_SHAKE/g_sqzout448[3].sqzout448_reg[212]
  -------------------------------------------------------------------
                         required time                         24.601    
                         arrival time                         -16.496    
  -------------------------------------------------------------------
                         slack                                  8.105    

Slack (MET) :             8.263ns  (required time - arrival time)
  Source:                 u_Frodo_top/u_SHAKE/o_buf_rd_ptr_reg[3]_rep/C
                            (rising edge-triggered cell FDCE clocked by clk_i  {rise@0.000ns fall@10.000ns period=20.000ns})
  Destination:            u_Frodo_top/u_SHAKE/g_sqzout448[5].sqzout448_reg[340]/D
                            (rising edge-triggered cell FDCE clocked by clk_i  {rise@0.000ns fall@10.000ns period=20.000ns})
  Path Group:             clk_i
  Path Type:              Setup (Max at Slow Process Corner)
  Requirement:            20.000ns  (clk_i rise@20.000ns - clk_i rise@0.000ns)
  Data Path Delay:        11.781ns  (logic 0.738ns (6.264%)  route 11.043ns (93.736%))
  Logic Levels:           2  (LUT5=1 LUT6=1)
  Clock Path Skew:        0.050ns (DCD - SCD + CPR)
    Destination Clock Delay (DCD):    4.438ns = ( 24.438 - 20.000 ) 
    Source Clock Delay      (SCD):    4.555ns
    Clock Pessimism Removal (CPR):    0.166ns
  Clock Uncertainty:      0.035ns  ((TSJ^2 + TIJ^2)^1/2 + DJ) / 2 + PE
    Total System Jitter     (TSJ):    0.071ns
    Total Input Jitter      (TIJ):    0.000ns
    Discrete Jitter          (DJ):    0.000ns
    Phase Error              (PE):    0.000ns

    Location             Delay type                Incr(ns)  Path(ns)    Netlist Resource(s)
  -------------------------------------------------------------------    -------------------
                         (clock clk_i rise edge)      0.000     0.000 r  
                         propagated clock network latency
                                                      4.555     4.555    
    SLICE_X54Y86         FDCE                         0.000     4.555 r  u_Frodo_top/u_SHAKE/o_buf_rd_ptr_reg[3]_rep/C
    SLICE_X54Y86         FDCE (Prop_fdce_C_Q)         0.398     4.953 r  u_Frodo_top/u_SHAKE/o_buf_rd_ptr_reg[3]_rep/Q
                         net (fo=261, routed)        10.730    15.683    u_Frodo_top/u_SHAKE/o_buf_rd_ptr_reg[3]_rep_n_0
    SLICE_X55Y109        LUT6 (Prop_lut6_I2_O)        0.235    15.918 r  u_Frodo_top/u_SHAKE/g_sqzout448[5].sqzout448[340]_i_3/O
                         net (fo=1, routed)           0.313    16.231    u_Frodo_top/u_SHAKE/g_sqzout448[5].sqzout448[340]_i_3_n_0
    SLICE_X55Y110        LUT5 (Prop_lut5_I4_O)        0.105    16.336 r  u_Frodo_top/u_SHAKE/g_sqzout448[5].sqzout448[340]_i_1/O
                         net (fo=1, routed)           0.000    16.336    u_Frodo_top/u_SHAKE/g_sqzout448[5].sqzout448[340]_i_1_n_0
    SLICE_X55Y110        FDCE                                         r  u_Frodo_top/u_SHAKE/g_sqzout448[5].sqzout448_reg[340]/D
  -------------------------------------------------------------------    -------------------

                         (clock clk_i rise edge)     20.000    20.000 r  
                         propagated clock network latency
                                                      4.438    24.438    
                         clock pessimism              0.166    24.604    
                         clock uncertainty           -0.035    24.569    
    SLICE_X55Y110        FDCE (Setup_fdce_C_D)        0.030    24.599    u_Frodo_top/u_SHAKE/g_sqzout448[5].sqzout448_reg[340]
  -------------------------------------------------------------------
                         required time                         24.599    
                         arrival time                         -16.336    
  -------------------------------------------------------------------
                         slack                                  8.263    

Slack (MET) :             8.383ns  (required time - arrival time)
  Source:                 u_Frodo_top/u_SHAKE/o_buf_rd_ptr_reg[3]_rep/C
                            (rising edge-triggered cell FDCE clocked by clk_i  {rise@0.000ns fall@10.000ns period=20.000ns})
  Destination:            u_Frodo_top/u_SHAKE/g_sqzout448[5].sqzout448_reg[357]/D
                            (rising edge-triggered cell FDCE clocked by clk_i  {rise@0.000ns fall@10.000ns period=20.000ns})
  Path Group:             clk_i
  Path Type:              Setup (Max at Slow Process Corner)
  Requirement:            20.000ns  (clk_i rise@20.000ns - clk_i rise@0.000ns)
  Data Path Delay:        11.704ns  (logic 0.738ns (6.306%)  route 10.966ns (93.694%))
  Logic Levels:           2  (LUT4=1 LUT5=1)
  Clock Path Skew:        0.051ns (DCD - SCD + CPR)
    Destination Clock Delay (DCD):    4.439ns = ( 24.439 - 20.000 ) 
    Source Clock Delay      (SCD):    4.555ns
    Clock Pessimism Removal (CPR):    0.166ns
  Clock Uncertainty:      0.035ns  ((TSJ^2 + TIJ^2)^1/2 + DJ) / 2 + PE
    Total System Jitter     (TSJ):    0.071ns
    Total Input Jitter      (TIJ):    0.000ns
    Discrete Jitter          (DJ):    0.000ns
    Phase Error              (PE):    0.000ns

    Location             Delay type                Incr(ns)  Path(ns)    Netlist Resource(s)
  -------------------------------------------------------------------    -------------------
                         (clock clk_i rise edge)      0.000     0.000 r  
                         propagated clock network latency
                                                      4.555     4.555    
    SLICE_X54Y86         FDCE                         0.000     4.555 r  u_Frodo_top/u_SHAKE/o_buf_rd_ptr_reg[3]_rep/C
    SLICE_X54Y86         FDCE (Prop_fdce_C_Q)         0.398     4.953 r  u_Frodo_top/u_SHAKE/o_buf_rd_ptr_reg[3]_rep/Q
                         net (fo=261, routed)        10.295    15.247    u_Frodo_top/u_SHAKE/o_buf_rd_ptr_reg[3]_rep_n_0
    SLICE_X55Y109        LUT4 (Prop_lut4_I1_O)        0.235    15.482 r  u_Frodo_top/u_SHAKE/g_sqzout448[5].sqzout448[357]_i_2/O
                         net (fo=1, routed)           0.671    16.154    u_Frodo_top/u_SHAKE/g_sqzout448[5].sqzout448[357]_i_2_n_0
    SLICE_X56Y109        LUT5 (Prop_lut5_I2_O)        0.105    16.259 r  u_Frodo_top/u_SHAKE/g_sqzout448[5].sqzout448[357]_i_1/O
                         net (fo=1, routed)           0.000    16.259    u_Frodo_top/u_SHAKE/g_sqzout448[5].sqzout448[357]_i_1_n_0
    SLICE_X56Y109        FDCE                                         r  u_Frodo_top/u_SHAKE/g_sqzout448[5].sqzout448_reg[357]/D
  -------------------------------------------------------------------    -------------------

                         (clock clk_i rise edge)     20.000    20.000 r  
                         propagated clock network latency
                                                      4.439    24.439    
                         clock pessimism              0.166    24.605    
                         clock uncertainty           -0.035    24.570    
    SLICE_X56Y109        FDCE (Setup_fdce_C_D)        0.072    24.642    u_Frodo_top/u_SHAKE/g_sqzout448[5].sqzout448_reg[357]
  -------------------------------------------------------------------
                         required time                         24.642    
                         arrival time                         -16.259    
  -------------------------------------------------------------------
                         slack                                  8.383    

Slack (MET) :             8.397ns  (required time - arrival time)
  Source:                 u_Frodo_top/u_SHAKE/o_buf_rd_ptr_reg[3]_rep/C
                            (rising edge-triggered cell FDCE clocked by clk_i  {rise@0.000ns fall@10.000ns period=20.000ns})
  Destination:            u_Frodo_top/u_SHAKE/g_sqzout448[1].sqzout448_reg[83]/D
                            (rising edge-triggered cell FDCE clocked by clk_i  {rise@0.000ns fall@10.000ns period=20.000ns})
  Path Group:             clk_i
  Path Type:              Setup (Max at Slow Process Corner)
  Requirement:            20.000ns  (clk_i rise@20.000ns - clk_i rise@0.000ns)
  Data Path Delay:        11.646ns  (logic 0.738ns (6.337%)  route 10.908ns (93.663%))
  Logic Levels:           2  (LUT6=2)
  Clock Path Skew:        0.047ns (DCD - SCD + CPR)
    Destination Clock Delay (DCD):    4.435ns = ( 24.435 - 20.000 ) 
    Source Clock Delay      (SCD):    4.555ns
    Clock Pessimism Removal (CPR):    0.166ns
  Clock Uncertainty:      0.035ns  ((TSJ^2 + TIJ^2)^1/2 + DJ) / 2 + PE
    Total System Jitter     (TSJ):    0.071ns
    Total Input Jitter      (TIJ):    0.000ns
    Discrete Jitter          (DJ):    0.000ns
    Phase Error              (PE):    0.000ns

    Location             Delay type                Incr(ns)  Path(ns)    Netlist Resource(s)
  -------------------------------------------------------------------    -------------------
                         (clock clk_i rise edge)      0.000     0.000 r  
                         propagated clock network latency
                                                      4.555     4.555    
    SLICE_X54Y86         FDCE                         0.000     4.555 r  u_Frodo_top/u_SHAKE/o_buf_rd_ptr_reg[3]_rep/C
    SLICE_X54Y86         FDCE (Prop_fdce_C_Q)         0.398     4.953 r  u_Frodo_top/u_SHAKE/o_buf_rd_ptr_reg[3]_rep/Q
                         net (fo=261, routed)        10.407    15.360    u_Frodo_top/u_SHAKE/o_buf_rd_ptr_reg[3]_rep_n_0
    SLICE_X55Y115        LUT6 (Prop_lut6_I2_O)        0.235    15.595 r  u_Frodo_top/u_SHAKE/g_sqzout448[1].sqzout448[83]_i_3/O
                         net (fo=1, routed)           0.501    16.095    u_Frodo_top/u_SHAKE/g_sqzout448[1].sqzout448[83]_i_3_n_0
    SLICE_X48Y113        LUT6 (Prop_lut6_I5_O)        0.105    16.200 r  u_Frodo_top/u_SHAKE/g_sqzout448[1].sqzout448[83]_i_1/O
                         net (fo=1, routed)           0.000    16.200    u_Frodo_top/u_SHAKE/g_sqzout448[1].sqzout448[83]_i_1_n_0
    SLICE_X48Y113        FDCE                                         r  u_Frodo_top/u_SHAKE/g_sqzout448[1].sqzout448_reg[83]/D
  -------------------------------------------------------------------    -------------------

                         (clock clk_i rise edge)     20.000    20.000 r  
                         propagated clock network latency
                                                      4.435    24.435    
                         clock pessimism              0.166    24.601    
                         clock uncertainty           -0.035    24.566    
    SLICE_X48Y113        FDCE (Setup_fdce_C_D)        0.032    24.598    u_Frodo_top/u_SHAKE/g_sqzout448[1].sqzout448_reg[83]
  -------------------------------------------------------------------
                         required time                         24.598    
                         arrival time                         -16.200    
  -------------------------------------------------------------------
                         slack                                  8.397    

Slack (MET) :             8.404ns  (required time - arrival time)
  Source:                 u_Frodo_top/u_SHAKE/o_buf_rd_ptr_reg[3]_rep/C
                            (rising edge-triggered cell FDCE clocked by clk_i  {rise@0.000ns fall@10.000ns period=20.000ns})
  Destination:            u_Frodo_top/u_SHAKE/g_sqzout448[5].sqzout448_reg[339]/D
                            (rising edge-triggered cell FDCE clocked by clk_i  {rise@0.000ns fall@10.000ns period=20.000ns})
  Path Group:             clk_i
  Path Type:              Setup (Max at Slow Process Corner)
  Requirement:            20.000ns  (clk_i rise@20.000ns - clk_i rise@0.000ns)
  Data Path Delay:        11.638ns  (logic 0.738ns (6.341%)  route 10.900ns (93.659%))
  Logic Levels:           2  (LUT5=1 LUT6=1)
  Clock Path Skew:        0.048ns (DCD - SCD + CPR)
    Destination Clock Delay (DCD):    4.436ns = ( 24.436 - 20.000 ) 
    Source Clock Delay      (SCD):    4.555ns
    Clock Pessimism Removal (CPR):    0.166ns
  Clock Uncertainty:      0.035ns  ((TSJ^2 + TIJ^2)^1/2 + DJ) / 2 + PE
    Total System Jitter     (TSJ):    0.071ns
    Total Input Jitter      (TIJ):    0.000ns
    Discrete Jitter          (DJ):    0.000ns
    Phase Error              (PE):    0.000ns

    Location             Delay type                Incr(ns)  Path(ns)    Netlist Resource(s)
  -------------------------------------------------------------------    -------------------
                         (clock clk_i rise edge)      0.000     0.000 r  
                         propagated clock network latency
                                                      4.555     4.555    
    SLICE_X54Y86         FDCE                         0.000     4.555 r  u_Frodo_top/u_SHAKE/o_buf_rd_ptr_reg[3]_rep/C
    SLICE_X54Y86         FDCE (Prop_fdce_C_Q)         0.398     4.953 r  u_Frodo_top/u_SHAKE/o_buf_rd_ptr_reg[3]_rep/Q
                         net (fo=261, routed)        10.064    15.017    u_Frodo_top/u_SHAKE/o_buf_rd_ptr_reg[3]_rep_n_0
    SLICE_X55Y115        LUT6 (Prop_lut6_I2_O)        0.235    15.252 r  u_Frodo_top/u_SHAKE/g_sqzout448[5].sqzout448[339]_i_3/O
                         net (fo=1, routed)           0.836    16.088    u_Frodo_top/u_SHAKE/g_sqzout448[5].sqzout448[339]_i_3_n_0
    SLICE_X55Y113        LUT5 (Prop_lut5_I4_O)        0.105    16.193 r  u_Frodo_top/u_SHAKE/g_sqzout448[5].sqzout448[339]_i_1/O
                         net (fo=1, routed)           0.000    16.193    u_Frodo_top/u_SHAKE/g_sqzout448[5].sqzout448[339]_i_1_n_0
    SLICE_X55Y113        FDCE                                         r  u_Frodo_top/u_SHAKE/g_sqzout448[5].sqzout448_reg[339]/D
  -------------------------------------------------------------------    -------------------

                         (clock clk_i rise edge)     20.000    20.000 r  
                         propagated clock network latency
                                                      4.436    24.436    
                         clock pessimism              0.166    24.602    
                         clock uncertainty           -0.035    24.567    
    SLICE_X55Y113        FDCE (Setup_fdce_C_D)        0.030    24.597    u_Frodo_top/u_SHAKE/g_sqzout448[5].sqzout448_reg[339]
  -------------------------------------------------------------------
                         required time                         24.597    
                         arrival time                         -16.193    
  -------------------------------------------------------------------
                         slack                                  8.404    

Slack (MET) :             8.409ns  (required time - arrival time)
  Source:                 u_Frodo_top/u_SHAKE/o_buf_rd_ptr_reg[3]_rep/C
                            (rising edge-triggered cell FDCE clocked by clk_i  {rise@0.000ns fall@10.000ns period=20.000ns})
  Destination:            u_Frodo_top/u_SHAKE/g_sqzout448[3].sqzout448_reg[211]/D
                            (rising edge-triggered cell FDCE clocked by clk_i  {rise@0.000ns fall@10.000ns period=20.000ns})
  Path Group:             clk_i
  Path Type:              Setup (Max at Slow Process Corner)
  Requirement:            20.000ns  (clk_i rise@20.000ns - clk_i rise@0.000ns)
  Data Path Delay:        11.674ns  (logic 1.016ns (8.703%)  route 10.658ns (91.297%))
  Logic Levels:           2  (LUT5=1 MUXF8=1)
  Clock Path Skew:        0.047ns (DCD - SCD + CPR)
    Destination Clock Delay (DCD):    4.435ns = ( 24.435 - 20.000 ) 
    Source Clock Delay      (SCD):    4.555ns
    Clock Pessimism Removal (CPR):    0.166ns
  Clock Uncertainty:      0.035ns  ((TSJ^2 + TIJ^2)^1/2 + DJ) / 2 + PE
    Total System Jitter     (TSJ):    0.071ns
    Total Input Jitter      (TIJ):    0.000ns
    Discrete Jitter          (DJ):    0.000ns
    Phase Error              (PE):    0.000ns

    Location             Delay type                Incr(ns)  Path(ns)    Netlist Resource(s)
  -------------------------------------------------------------------    -------------------
                         (clock clk_i rise edge)      0.000     0.000 r  
                         propagated clock network latency
                                                      4.555     4.555    
    SLICE_X54Y86         FDCE                         0.000     4.555 r  u_Frodo_top/u_SHAKE/o_buf_rd_ptr_reg[3]_rep/C
    SLICE_X54Y86         FDCE (Prop_fdce_C_Q)         0.398     4.953 r  u_Frodo_top/u_SHAKE/o_buf_rd_ptr_reg[3]_rep/Q
                         net (fo=261, routed)         9.834    14.787    u_Frodo_top/u_SHAKE/o_buf_rd_ptr_reg[3]_rep_n_0
    SLICE_X53Y115        MUXF8 (Prop_muxf8_S_O)       0.354    15.141 r  u_Frodo_top/u_SHAKE/g_sqzout448[3].sqzout448_reg[211]_i_3/O
                         net (fo=1, routed)           0.824    15.965    u_Frodo_top/u_SHAKE/g_sqzout448[3].sqzout448_reg[211]_i_3_n_0
    SLICE_X56Y114        LUT5 (Prop_lut5_I4_O)        0.264    16.229 r  u_Frodo_top/u_SHAKE/g_sqzout448[3].sqzout448[211]_i_1/O
                         net (fo=1, routed)           0.000    16.229    u_Frodo_top/u_SHAKE/g_sqzout448[3].sqzout448[211]_i_1_n_0
    SLICE_X56Y114        FDCE                                         r  u_Frodo_top/u_SHAKE/g_sqzout448[3].sqzout448_reg[211]/D
  -------------------------------------------------------------------    -------------------

                         (clock clk_i rise edge)     20.000    20.000 r  
                         propagated clock network latency
                                                      4.435    24.435    
                         clock pessimism              0.166    24.601    
                         clock uncertainty           -0.035    24.566    
    SLICE_X56Y114        FDCE (Setup_fdce_C_D)        0.072    24.638    u_Frodo_top/u_SHAKE/g_sqzout448[3].sqzout448_reg[211]
  -------------------------------------------------------------------
                         required time                         24.638    
                         arrival time                         -16.229    
  -------------------------------------------------------------------
                         slack                                  8.409    

Slack (MET) :             8.557ns  (required time - arrival time)
  Source:                 <hidden>
                            (rising edge-triggered cell RAMB36E1 clocked by clk_i  {rise@0.000ns fall@10.000ns period=20.000ns})
  Destination:            u_Frodo_top/u_MatrixMulAddSet/amulbaddc[20]/A[13]
                            (rising edge-triggered cell DSP48E1 clocked by clk_i  {rise@0.000ns fall@10.000ns period=20.000ns})
  Path Group:             clk_i
  Path Type:              Setup (Max at Slow Process Corner)
  Requirement:            20.000ns  (clk_i rise@20.000ns - clk_i rise@0.000ns)
  Data Path Delay:        8.240ns  (logic 0.944ns (11.457%)  route 7.296ns (88.543%))
  Logic Levels:           2  (LUT4=1 LUT6=1)
  Clock Path Skew:        -0.037ns (DCD - SCD + CPR)
    Destination Clock Delay (DCD):    4.382ns = ( 24.382 - 20.000 ) 
    Source Clock Delay      (SCD):    4.577ns
    Clock Pessimism Removal (CPR):    0.159ns
  Clock Uncertainty:      0.035ns  ((TSJ^2 + TIJ^2)^1/2 + DJ) / 2 + PE
    Total System Jitter     (TSJ):    0.071ns
    Total Input Jitter      (TIJ):    0.000ns
    Discrete Jitter          (DJ):    0.000ns
    Phase Error              (PE):    0.000ns

    Location             Delay type                Incr(ns)  Path(ns)    Netlist Resource(s)
  -------------------------------------------------------------------    -------------------
                         (clock clk_i rise edge)      0.000     0.000 r  
                         propagated clock network latency
                                                      4.577     4.577    
    RAMB36_X0Y14         RAMB36E1                     0.000     4.577 r  <hidden>
    RAMB36_X0Y14         RAMB36E1 (Prop_ramb36e1_CLKARDCLK_DOADO[8])
                                                      0.734     5.311 r  <hidden>
                         net (fo=1, routed)           1.098     6.409    <hidden>
    SLICE_X11Y75         LUT4 (Prop_lut4_I1_O)        0.105     6.514 r  <hidden>
                         net (fo=7, routed)           1.244     7.758    u_Frodo_top/u_MatrixMulAddSet/douta[45]
    SLICE_X33Y66         LUT6 (Prop_lut6_I1_O)        0.105     7.863 r  u_Frodo_top/u_MatrixMulAddSet/amulbaddc[0]_i_19/O
                         net (fo=28, routed)          4.953    12.817    u_Frodo_top/u_MatrixMulAddSet/mul_mulina[13]
    DSP48_X0Y1           DSP48E1                                      r  u_Frodo_top/u_MatrixMulAddSet/amulbaddc[20]/A[13]
  -------------------------------------------------------------------    -------------------

                         (clock clk_i rise edge)     20.000    20.000 r  
                         propagated clock network latency
                                                      4.382    24.382    
                         clock pessimism              0.159    24.541    
                         clock uncertainty           -0.035    24.505    
    DSP48_X0Y1           DSP48E1 (Setup_dsp48e1_CLK_A[13])
                                                     -3.132    21.373    u_Frodo_top/u_MatrixMulAddSet/amulbaddc[20]
  -------------------------------------------------------------------
                         required time                         21.373    
                         arrival time                         -12.817    
  -------------------------------------------------------------------
                         slack                                  8.557    

Slack (MET) :             8.696ns  (required time - arrival time)
  Source:                 u_Frodo_top/u_SHAKE/o_buf_rd_ptr_reg[3]_rep/C
                            (rising edge-triggered cell FDCE clocked by clk_i  {rise@0.000ns fall@10.000ns period=20.000ns})
  Destination:            u_Frodo_top/u_SHAKE/g_sqzout448[5].sqzout448_reg[353]/D
                            (rising edge-triggered cell FDCE clocked by clk_i  {rise@0.000ns fall@10.000ns period=20.000ns})
  Path Group:             clk_i
  Path Type:              Setup (Max at Slow Process Corner)
  Requirement:            20.000ns  (clk_i rise@20.000ns - clk_i rise@0.000ns)
  Data Path Delay:        11.347ns  (logic 0.738ns (6.504%)  route 10.609ns (93.496%))
  Logic Levels:           2  (LUT5=1 LUT6=1)
  Clock Path Skew:        0.048ns (DCD - SCD + CPR)
    Destination Clock Delay (DCD):    4.436ns = ( 24.436 - 20.000 ) 
    Source Clock Delay      (SCD):    4.555ns
    Clock Pessimism Removal (CPR):    0.166ns
  Clock Uncertainty:      0.035ns  ((TSJ^2 + TIJ^2)^1/2 + DJ) / 2 + PE
    Total System Jitter     (TSJ):    0.071ns
    Total Input Jitter      (TIJ):    0.000ns
    Discrete Jitter          (DJ):    0.000ns
    Phase Error              (PE):    0.000ns

    Location             Delay type                Incr(ns)  Path(ns)    Netlist Resource(s)
  -------------------------------------------------------------------    -------------------
                         (clock clk_i rise edge)      0.000     0.000 r  
                         propagated clock network latency
                                                      4.555     4.555    
    SLICE_X54Y86         FDCE                         0.000     4.555 r  u_Frodo_top/u_SHAKE/o_buf_rd_ptr_reg[3]_rep/C
    SLICE_X54Y86         FDCE (Prop_fdce_C_Q)         0.398     4.953 r  u_Frodo_top/u_SHAKE/o_buf_rd_ptr_reg[3]_rep/Q
                         net (fo=261, routed)         9.773    14.725    u_Frodo_top/u_SHAKE/o_buf_rd_ptr_reg[3]_rep_n_0
    SLICE_X49Y113        LUT6 (Prop_lut6_I2_O)        0.235    14.960 r  u_Frodo_top/u_SHAKE/g_sqzout448[5].sqzout448[353]_i_3/O
                         net (fo=1, routed)           0.836    15.796    u_Frodo_top/u_SHAKE/g_sqzout448[5].sqzout448[353]_i_3_n_0
    SLICE_X49Y111        LUT5 (Prop_lut5_I4_O)        0.105    15.901 r  u_Frodo_top/u_SHAKE/g_sqzout448[5].sqzout448[353]_i_1/O
                         net (fo=1, routed)           0.000    15.901    u_Frodo_top/u_SHAKE/g_sqzout448[5].sqzout448[353]_i_1_n_0
    SLICE_X49Y111        FDCE                                         r  u_Frodo_top/u_SHAKE/g_sqzout448[5].sqzout448_reg[353]/D
  -------------------------------------------------------------------    -------------------

                         (clock clk_i rise edge)     20.000    20.000 r  
                         propagated clock network latency
                                                      4.436    24.436    
                         clock pessimism              0.166    24.602    
                         clock uncertainty           -0.035    24.567    
    SLICE_X49Y111        FDCE (Setup_fdce_C_D)        0.030    24.597    u_Frodo_top/u_SHAKE/g_sqzout448[5].sqzout448_reg[353]
  -------------------------------------------------------------------
                         required time                         24.597    
                         arrival time                         -15.901    
  -------------------------------------------------------------------
                         slack                                  8.696    

Slack (MET) :             8.713ns  (required time - arrival time)
  Source:                 u_Frodo_top/u_SHAKE/o_buf_rd_ptr_reg[3]_rep/C
                            (rising edge-triggered cell FDCE clocked by clk_i  {rise@0.000ns fall@10.000ns period=20.000ns})
  Destination:            u_Frodo_top/u_SHAKE/g_sqzout448[3].sqzout448_reg[209]/D
                            (rising edge-triggered cell FDCE clocked by clk_i  {rise@0.000ns fall@10.000ns period=20.000ns})
  Path Group:             clk_i
  Path Type:              Setup (Max at Slow Process Corner)
  Requirement:            20.000ns  (clk_i rise@20.000ns - clk_i rise@0.000ns)
  Data Path Delay:        11.330ns  (logic 1.016ns (8.968%)  route 10.314ns (91.032%))
  Logic Levels:           2  (LUT5=1 MUXF8=1)
  Clock Path Skew:        0.046ns (DCD - SCD + CPR)
    Destination Clock Delay (DCD):    4.434ns = ( 24.434 - 20.000 ) 
    Source Clock Delay      (SCD):    4.555ns
    Clock Pessimism Removal (CPR):    0.166ns
  Clock Uncertainty:      0.035ns  ((TSJ^2 + TIJ^2)^1/2 + DJ) / 2 + PE
    Total System Jitter     (TSJ):    0.071ns
    Total Input Jitter      (TIJ):    0.000ns
    Discrete Jitter          (DJ):    0.000ns
    Phase Error              (PE):    0.000ns

    Location             Delay type                Incr(ns)  Path(ns)    Netlist Resource(s)
  -------------------------------------------------------------------    -------------------
                         (clock clk_i rise edge)      0.000     0.000 r  
                         propagated clock network latency
                                                      4.555     4.555    
    SLICE_X54Y86         FDCE                         0.000     4.555 r  u_Frodo_top/u_SHAKE/o_buf_rd_ptr_reg[3]_rep/C
    SLICE_X54Y86         FDCE (Prop_fdce_C_Q)         0.398     4.953 r  u_Frodo_top/u_SHAKE/o_buf_rd_ptr_reg[3]_rep/Q
                         net (fo=261, routed)         9.007    13.959    u_Frodo_top/u_SHAKE/o_buf_rd_ptr_reg[3]_rep_n_0
    SLICE_X35Y116        MUXF8 (Prop_muxf8_S_O)       0.354    14.313 r  u_Frodo_top/u_SHAKE/g_sqzout448[3].sqzout448_reg[209]_i_3/O
                         net (fo=1, routed)           1.307    15.620    u_Frodo_top/u_SHAKE/g_sqzout448[3].sqzout448_reg[209]_i_3_n_0
    SLICE_X49Y114        LUT5 (Prop_lut5_I4_O)        0.264    15.884 r  u_Frodo_top/u_SHAKE/g_sqzout448[3].sqzout448[209]_i_1/O
                         net (fo=1, routed)           0.000    15.884    u_Frodo_top/u_SHAKE/g_sqzout448[3].sqzout448[209]_i_1_n_0
    SLICE_X49Y114        FDCE                                         r  u_Frodo_top/u_SHAKE/g_sqzout448[3].sqzout448_reg[209]/D
  -------------------------------------------------------------------    -------------------

                         (clock clk_i rise edge)     20.000    20.000 r  
                         propagated clock network latency
                                                      4.434    24.434    
                         clock pessimism              0.166    24.600    
                         clock uncertainty           -0.035    24.565    
    SLICE_X49Y114        FDCE (Setup_fdce_C_D)        0.032    24.597    u_Frodo_top/u_SHAKE/g_sqzout448[3].sqzout448_reg[209]
  -------------------------------------------------------------------
                         required time                         24.597    
                         arrival time                         -15.884    
  -------------------------------------------------------------------
                         slack                                  8.713    




