C  0x00007ffafc995325
#
# No core dump will be written. Minidumps are not enabled by default on client versions of Windows
#
# An error report file with more information is saved as:
# D:\Work_prj\Frodokem_2026\Viprj\FrodoKEM\hs_err_pid103076.log
srcscan starts
INFO: analyzing module AddrGenUnit (VERI-9002)
D:/Work_prj/Frodokem_2026/SRC/AddrGenUnit.v(69): WARNING: data object 'ADDRc_part0_r_r' is already declared (VERI-2170)
D:/Work_prj/Frodokem_2026/SRC/AddrGenUnit.v(68): INFO: previous declaration of 'ADDRc_part0_r_r' is from here (VERI-1967)
D:/Work_prj/Frodokem_2026/SRC/AddrGenUnit.v(69): WARNING: second declaration of 'ADDRc_part0_r_r' is ignored (VERI-1329)
D:/Work_prj/Frodokem_2026/SRC/AddrGenUnit.v(204): WARNING: data object 'ADDRc_part0' is already declared (VERI-2170)
D:/Work_prj/Frodokem_2026/SRC/AddrGenUnit.v(73): INFO: previous declaration of 'ADDRc_part0' is from here (VERI-1967)
D:/Work_prj/Frodokem_2026/SRC/AddrGenUnit.v(204): WARNING: second declaration of 'ADDRc_part0' is ignored (VERI-1329)
D:/Work_prj/Frodokem_2026/SRC/AddrGenUnit.v(205): WARNING: 'ADDRc_part_1' is already declared (VERI-1116)
D:/Work_prj/Frodokem_2026/SRC/AddrGenUnit.v(205): WARNING: second declaration of 'ADDRc_part_1' is ignored (VERI-1329)
D:/Work_prj/Frodokem_2026/SRC/AddrGenUnit.v(205): INFO: previous declaration of 'ADDRc_part_1' is from here (VERI-1967)
D:/Work_prj/Frodokem_2026/SRC/AddrGenUnit.v(205): INFO: previous declaration of 'ADDRc_part_1' is from here (VERI-1967)
D:/Work_prj/Frodokem_2026/SRC/AddrGenUnit.v(205): INFO: previous declaration of 'ADDRc_part_1' is from here (VERI-1967)
D:/Work_prj/Frodokem_2026/SRC/AddrGenUnit.v(205): INFO: previous declaration of 'ADDRc_part_1' is from here (VERI-1967)
D:/Work_prj/Frodokem_2026/SRC/AddrGenUnit.v(205): INFO: previous declaration of 'ADDRc_part_1' is from here (VERI-1967)
D:/Work_prj/Frodokem_2026/SRC/AddrGenUnit.v(206): WARNING: data object 'ADDRc_part0_r_r' is already declared (VERI-2170)
D:/Work_prj/Frodokem_2026/SRC/AddrGenUnit.v(68): INFO: previous declaration of 'ADDRc_part0_r_r' is from here (VERI-1967)
D:/Work_prj/Frodokem_2026/SRC/AddrGenUnit.v(206): WARNING: second declaration of 'ADDRc_part0_r_r' is ignored (VERI-1329)
D:/Work_prj/Frodokem_2026/SRC/AddrGenUnit.v(211): INFO: undeclared symbol 'ADDRc_0', assumed default net type 'wire' (VERI-2561)
D:/Work_prj/Frodokem_2026/SRC/AddrGenUnit.v(213): ERROR: 'ADDRe_part0_r_r' is not declared (VERI-1128)
D:/Work_prj/Frodokem_2026/SRC/AddrGenUnit.v(214): ERROR: 'ADDRc_6' is not declared (VERI-1128)
D:/Work_prj/Frodokem_2026/SRC/AddrGenUnit.v(218): ERROR: 'ADDRc_1' is not declared (VERI-1128)
D:/Work_prj/Frodokem_2026/SRC/AddrGenUnit.v(219): ERROR: 'ADDRc_2' is not declared (VERI-1128)
D:/Work_prj/Frodokem_2026/SRC/AddrGenUnit.v(220): ERROR: 'ADDRc_3' is not declared (VERI-1128)
D:/Work_prj/Frodokem_2026/SRC/AddrGenUnit.v(221): ERROR: 'ADDRc_4' is not declared (VERI-1128)
D:/Work_prj/Frodokem_2026/SRC/AddrGenUnit.v(222): ERROR: 'ADDRc_5' is not declared (VERI-1128)
D:/Work_prj/Frodokem_2026/SRC/AddrGenUnit.v(223): ERROR: 'ADDRc_6' is not declared (VERI-1128)
D:/Work_prj/Frodokem_2026/SRC/AddrGenUnit.v(226): ERROR: 'ADDRc_1' is not declared (VERI-1128)
D:/Work_prj/Frodokem_2026/SRC/AddrGenUnit.v(227): ERROR: 'ADDRc_2' is not declared (VERI-1128)
D:/Work_prj/Frodokem_2026/SRC/AddrGenUnit.v(227): ERROR: 'ADDRc_1' is not declared (VERI-1128)
D:/Work_prj/Frodokem_2026/SRC/AddrGenUnit.v(228): ERROR: 'ADDRc_3' is not declared (VERI-1128)
D:/Work_prj/Frodokem_2026/SRC/AddrGenUnit.v(228): ERROR: 'ADDRc_2' is not declared (VERI-1128)
D:/Work_prj/Frodokem_2026/SRC/AddrGenUnit.v(229): ERROR: 'ADDRc_4' is not declared (VERI-1128)
D:/Work_prj/Frodokem_2026/SRC/AddrGenUnit.v(229): ERROR: 'ADDRc_3' is not declared (VERI-1128)
D:/Work_prj/Frodokem_2026/SRC/AddrGenUnit.v(230): ERROR: 'ADDRc_5' is not declared (VERI-1128)
D:/Work_prj/Frodokem_2026/SRC/AddrGenUnit.v(230): ERROR: 'ADDRc_4' is not declared (VERI-1128)
D:/Work_prj/Frodokem_2026/SRC/AddrGenUnit.v(231): ERROR: 'ADDRc_6' is not declared (VERI-1128)
D:/Work_prj/Frodokem_2026/SRC/AddrGenUnit.v(231): ERROR: 'ADDRc_5' is not declared (VERI-1128)
INFO: analyzing module DecodeSet (VERI-9002)
INFO: analyzing module EncodeSet (VERI-9002)
INFO: analyzing module instDecoder (VERI-9002)
INFO: analyzing module MatrixAddSet (VERI-9002)
INFO: analyzing module MatrixMACSet (VERI-9002)
INFO: analyzing module MatrixMulAddSet (VERI-9002)
INFO: analyzing module MatrixSubSet (VERI-9002)
INFO: analyzing module PackSet (VERI-9002)
INFO: analyzing module RAM_Arbitration (VERI-9002)
INFO: analyzing module SHAKE (VERI-9002)
D:/Work_prj/Frodokem_2026/SRC/SHAKE.v(63): WARNING: identifier 'CS' is used before its declaration (VERI-1875)
INFO: analyzing module SampleMatrixSet (VERI-9002)
INFO: analyzing module UnpackSet (VERI-9002)
INFO: analyzing module bidirectional_fifo (VERI-9002)
INFO: analyzing module control (VERI-9002)
D:/Work_prj/Frodokem_2026/SRC/control.v(116): WARNING: identifier 'sqzout64_en' is used before its declaration (VERI-1875)
D:/Work_prj/Frodokem_2026/SRC/control.v(463): WARNING: identifier 'fifo64outval' is used before its declaration (VERI-1875)
D:/Work_prj/Frodokem_2026/SRC/control.v(463): WARNING: identifier 'fifo64cnt' is used before its declaration (VERI-1875)
D:/Work_prj/Frodokem_2026/SRC/control.v(463): WARNING: identifier 'fifobubble' is used before its declaration (VERI-1875)
INFO: analyzing module dram448_r (VERI-9002)
INFO: analyzing module dram64_r (VERI-9002)
INFO: analyzing module dual_ram (VERI-9002)
INFO: analyzing module dual_ram_asyn (VERI-9002)
INFO: analyzing module roundmod (VERI-9002)
INFO: analyzing module theta (VERI-9002)
INFO: analyzing module thopichiiota (VERI-9002)
INFO: analyzing module Frodo_top (VERI-9002)
D:/Work_prj/Frodokem_2026/SRC/Frodo_top.v(41): INFO: undeclared symbol 'opermode', assumed default net type 'wire' (VERI-2561)
D:/Work_prj/Frodokem_2026/SRC/Frodo_top.v(716): INFO: undeclared symbol 'macabSet_val_t', assumed default net type 'wire' (VERI-2561)
D:/Work_prj/Frodokem_2026/SRC/Frodo_top.v(793): INFO: undeclared symbol 'sqz_cnt', assumed default net type 'wire' (VERI-2561)
INFO: analyzing module tb_Frodo_top (VERI-9002)
srcscan exits with return value 0
