Vivado Simulator v2025.1.0
Copyright 1986-2022 Xilinx, Inc. All Rights Reserved.
Copyright 2022-2025 Advanced Micro Devices, Inc. All Rights Reserved.
Running: D:/Xlinx/2025.1/Vivado/bin/unwrapped/win64.o/xelab.exe --incr --debug typical --relax --mt 2 -L xil_defaultlib -L unisims_ver -L unimacro_ver -L secureip -L xpm --snapshot tb_Frodo_top_behav xil_defaultlib.tb_Frodo_top xil_defaultlib.glbl -log elaborate.log 
Using 2 slave threads.
Starting static elaboration
Pass Through NonSizing Optimizer
WARNING: [VRFC 10-3091] actual bit length 1 differs from formal bit length 9 for port 'sqz_cnt' [D:/Work_prj/Frodokem_2026/SRC/Frodo_top.v:846]
WARNING: [VRFC 10-3091] actual bit length 1 differs from formal bit length 4 for port 'prefixe_out' [D:/Work_prj/Frodokem_2026/SRC/Frodo_top.v:889]
WARNING: [VRFC 10-3705] select index 31 into 'mem' is out of bounds [D:/Work_prj/Frodokem_2026/dual_ram_asyn.v:63]
WARNING: [VRFC 10-3705] select index 63 into 'mem' is out of bounds [D:/Work_prj/Frodokem_2026/dual_ram_asyn.v:64]
WARNING: [VRFC 10-3705] select index 23 into 'mem' is out of bounds [D:/Work_prj/Frodokem_2026/dual_ram_asyn.v:69]
WARNING: [VRFC 10-3705] select index 31 into 'mem' is out of bounds [D:/Work_prj/Frodokem_2026/dual_ram_asyn.v:70]
WARNING: [VRFC 10-3705] select index 39 into 'mem' is out of bounds [D:/Work_prj/Frodokem_2026/dual_ram_asyn.v:71]
WARNING: [VRFC 10-3705] select index 47 into 'mem' is out of bounds [D:/Work_prj/Frodokem_2026/dual_ram_asyn.v:72]
WARNING: [VRFC 10-3705] select index 55 into 'mem' is out of bounds [D:/Work_prj/Frodokem_2026/dual_ram_asyn.v:73]
WARNING: [VRFC 10-3705] select index 63 into 'mem' is out of bounds [D:/Work_prj/Frodokem_2026/dual_ram_asyn.v:74]
WARNING: [VRFC 10-3705] select index 31 into 'mem' is out of bounds [D:/Work_prj/Frodokem_2026/dual_ram_asyn.v:91]
WARNING: [VRFC 10-3705] select index 63 into 'mem' is out of bounds [D:/Work_prj/Frodokem_2026/dual_ram_asyn.v:92]
WARNING: [VRFC 10-3705] select index 23 into 'mem' is out of bounds [D:/Work_prj/Frodokem_2026/dual_ram_asyn.v:97]
WARNING: [VRFC 10-3705] select index 31 into 'mem' is out of bounds [D:/Work_prj/Frodokem_2026/dual_ram_asyn.v:98]
WARNING: [VRFC 10-3705] select index 39 into 'mem' is out of bounds [D:/Work_prj/Frodokem_2026/dual_ram_asyn.v:99]
WARNING: [VRFC 10-3705] select index 47 into 'mem' is out of bounds [D:/Work_prj/Frodokem_2026/dual_ram_asyn.v:100]
WARNING: [VRFC 10-3705] select index 55 into 'mem' is out of bounds [D:/Work_prj/Frodokem_2026/dual_ram_asyn.v:101]
WARNING: [VRFC 10-3705] select index 63 into 'mem' is out of bounds [D:/Work_prj/Frodokem_2026/dual_ram_asyn.v:102]
WARNING: [VRFC 10-3705] select index 63 into 'mem' is out of bounds [D:/Work_prj/Frodokem_2026/dual_ram.v:61]
WARNING: [VRFC 10-3705] select index 39 into 'mem' is out of bounds [D:/Work_prj/Frodokem_2026/dual_ram.v:68]
WARNING: [VRFC 10-3705] select index 47 into 'mem' is out of bounds [D:/Work_prj/Frodokem_2026/dual_ram.v:69]
WARNING: [VRFC 10-3705] select index 55 into 'mem' is out of bounds [D:/Work_prj/Frodokem_2026/dual_ram.v:70]
WARNING: [VRFC 10-3705] select index 63 into 'mem' is out of bounds [D:/Work_prj/Frodokem_2026/dual_ram.v:71]
WARNING: [VRFC 10-3705] select index 63 into 'mem' is out of bounds [D:/Work_prj/Frodokem_2026/dual_ram.v:89]
WARNING: [VRFC 10-3705] select index 39 into 'mem' is out of bounds [D:/Work_prj/Frodokem_2026/dual_ram.v:96]
WARNING: [VRFC 10-3705] select index 47 into 'mem' is out of bounds [D:/Work_prj/Frodokem_2026/dual_ram.v:97]
WARNING: [VRFC 10-3705] select index 55 into 'mem' is out of bounds [D:/Work_prj/Frodokem_2026/dual_ram.v:98]
WARNING: [VRFC 10-3705] select index 63 into 'mem' is out of bounds [D:/Work_prj/Frodokem_2026/dual_ram.v:99]
Completed static elaboration
Starting simulation data flow analysis
Completed simulation data flow analysis
Time Resolution for simulation is 1ps
Compiling module xil_defaultlib.SampleMatrixSet_default
Compiling module xil_defaultlib.bidirectional_fifo
Compiling module xil_defaultlib.theta
Compiling module xil_defaultlib.thopichiiota
Compiling module xil_defaultlib.SHAKE
Compiling module xil_defaultlib.PackSet
Compiling module xil_defaultlib.UnpackSet
Compiling module xil_defaultlib.roundmod_default
Compiling module xil_defaultlib.roundmod(B=3,Q=16)
Compiling module xil_defaultlib.roundmod(B=4,Q=16)
Compiling module xil_defaultlib.DecodeSet_default
Compiling module xil_defaultlib.EncodeSet
Compiling module xil_defaultlib.dram64_r(MEM_DEPTH=3000,HEX_FILE...
Compiling module xil_defaultlib.dram64_r(MEM_DEPTH=3000,HEX_FILE...
Compiling module xil_defaultlib.dram448_r(HEX_FILE="D:/Work_prj/...
Compiling module xil_defaultlib.MatrixAddSet_default
Compiling module xil_defaultlib.MatrixMACSet_default
Compiling module xil_defaultlib.MatrixMulAddSet_default
Compiling module xil_defaultlib.MatrixSubSet_default
Compiling module xil_defaultlib.dual_ram_asyn(ADDR_WIDTH=6,DATA_...
Compiling module xil_defaultlib.dual_ram(ADDR_WIDTH=10,DATA_WIDT...
Compiling module xil_defaultlib.instDecoder
Compiling module xil_defaultlib.RAM_Arbitration
Compiling module xil_defaultlib.AddrGenUnit
Compiling module xil_defaultlib.control
Compiling module xil_defaultlib.Frodo_top
Compiling module xil_defaultlib.tb_Frodo_top
Compiling module xil_defaultlib.glbl
Built simulation snapshot tb_Frodo_top_behav
