#-----------------------------------------------------------
# Vivado v2025.1 (64-bit)
# SW Build 6140274 on Thu May 22 00:12:29 MDT 2025
# IP Build 6138677 on Thu May 22 03:10:11 MDT 2025
# SharedData Build 6139179 on Tue May 20 17:58:58 MDT 2025
# Start of session at: Wed Apr 29 14:54:05 2026
# Process ID         : 25624
# Current directory  : D:/Work_prj/Frodokem_2026_tx/FrodeKEM/Viprj/project_1/project_1.runs/RAM64b_synth_1
# Command line       : vivado.exe -log RAM64b.vds -product Vivado -mode batch -messageDb vivado.pb -notrace -source RAM64b.tcl
# Log file           : D:/Work_prj/Frodokem_2026_tx/FrodeKEM/Viprj/project_1/project_1.runs/RAM64b_synth_1/RAM64b.vds
# Journal file       : D:/Work_prj/Frodokem_2026_tx/FrodeKEM/Viprj/project_1/project_1.runs/RAM64b_synth_1\vivado.jou
# Running On         : DESKTOP-KKLUIKL
# Platform           : Windows Server 2016 or Windows 10
# Operating System   : 19045
# Processor Detail   : AMD Ryzen 7 5800H with Radeon Graphics         
# CPU Frequency      : 3194 MHz
# CPU Physical cores : 8
# CPU Logical cores  : 16
# Host memory        : 17024 MB
# Swap memory        : 16147 MB
# Total Virtual      : 33172 MB
# Available Virtual  : 5941 MB
#-----------------------------------------------------------
source RAM64b.tcl -notrace
