#-----------------------------------------------------------
# Vivado v2025.1 (64-bit)
# SW Build 6140274 on Thu May 22 00:12:29 MDT 2025
# IP Build 6138677 on Thu May 22 03:10:11 MDT 2025
# SharedData Build 6139179 on Tue May 20 17:58:58 MDT 2025
# Start of session at: Tue Apr 14 17:30:26 2026
# Process ID         : 59036
# Current directory  : D:/FrodoKEM_git/project_1
# Command line       : vivado.exe -gui_launcher_event rodinguilauncherevent47620 D:\FrodoKEM_git\project_1\project_1.xpr
# Log file           : D:/FrodoKEM_git/project_1/vivado.log
# Journal file       : D:/FrodoKEM_git/project_1\vivado.jou
# Running On         : DESKTOP-KKLUIKL
# Platform           : Windows Server 2016 or Windows 10
# Operating System   : 19045
# Processor Detail   : AMD Ryzen 7 5800H with Radeon Graphics         
# CPU Frequency      : 3194 MHz
# CPU Physical cores : 8
# CPU Logical cores  : 16
# Host memory        : 17024 MB
# Swap memory        : 14495 MB
# Total Virtual      : 31520 MB
# Available Virtual  : 6530 MB
#-----------------------------------------------------------
start_gui
open_project D:/FrodoKEM_git/project_1/project_1.xpr
update_compile_order -fileset sources_1
reset_run synth_1
reset_run impl_1
reset_run ADDRBASE_ROM_synth_1
reset_run INSTROM_synth_1
reset_run clk_wiz_0_synth_1
reset_run RAM64a_synth_1
reset_run RAM64b_synth_1
reset_run RAM448_synth_1
launch_runs synth_1 -jobs 8
wait_on_run synth_1
launch_runs impl_1 -jobs 8
wait_on_run impl_1
open_run synth_1 -name synth_1
report_utilization -name utilization_1
get_package_pins W19
report_property [get_package_pins W19]
reset_run synth_1
launch_runs synth_1 -jobs 8
wait_on_run synth_1
close_design
launch_runs impl_1 -jobs 8
wait_on_run impl_1
open_run synth_1 -name synth_1
open_run impl_1
report_utilization -name utilization_1
