#-----------------------------------------------------------
# Vivado v2025.1 (64-bit)
# SW Build 6140274 on Thu May 22 00:12:29 MDT 2025
# IP Build 6138677 on Thu May 22 03:10:11 MDT 2025
# SharedData Build 6139179 on Tue May 20 17:58:58 MDT 2025
# Start of session at: Fri Apr 24 14:52:17 2026
# Process ID         : 7024
# Current directory  : D:/Work_prj/Frodokem_2026/Viprj/FrodoKEM
# Command line       : vivado.exe -gui_launcher_event rodinguilauncherevent24548 D:\Work_prj\Frodokem_2026\Viprj\FrodoKEM\FrodoKEM.xpr
# Log file           : D:/Work_prj/Frodokem_2026/Viprj/FrodoKEM/vivado.log
# Journal file       : D:/Work_prj/Frodokem_2026/Viprj/FrodoKEM\vivado.jou
# Running On         : DESKTOP-KKLUIKL
# Platform           : Windows Server 2016 or Windows 10
# Operating System   : 19045
# Processor Detail   : AMD Ryzen 7 5800H with Radeon Graphics         
# CPU Frequency      : 3194 MHz
# CPU Physical cores : 8
# CPU Logical cores  : 16
# Host memory        : 17024 MB
# Swap memory        : 13421 MB
# Total Virtual      : 30446 MB
# Available Virtual  : 22896 MB
#-----------------------------------------------------------
start_gui
open_project D:/Work_prj/Frodokem_2026/Viprj/FrodoKEM/FrodoKEM.xpr
update_compile_order -fileset sources_1
launch_simulation
open_wave_config D:/Work_prj/Frodokem_2026/Viprj/FrodoKEM/tb_Frodo_top_behav.wcfg
source tb_Frodo_top.tcl
current_wave_config {tb_Frodo_top_behav.wcfg}
add_wave {{/tb_Frodo_top/dut/u_bidirectional_fifo/data_448_in}} 
current_wave_config {tb_Frodo_top_behav.wcfg}
add_wave {{/tb_Frodo_top/dut/u_bidirectional_fifo/wr_en_448}} 
current_wave_config {tb_Frodo_top_behav.wcfg}
add_wave {{/tb_Frodo_top/dut/u_bidirectional_fifo/rd_en_64}} 
current_wave_config {tb_Frodo_top_behav.wcfg}
add_wave {{/tb_Frodo_top/dut/u_bidirectional_fifo/data_64_out}} 
current_wave_config {tb_Frodo_top_behav.wcfg}
add_wave {{/tb_Frodo_top/dut/u_bidirectional_fifo/data_64_out_val}} 
current_wave_config {tb_Frodo_top_behav.wcfg}
add_wave {{/tb_Frodo_top/dut/ram448/dout_a}} 
current_wave_config {tb_Frodo_top_behav.wcfg}
add_wave {{/tb_Frodo_top/dut/ram448/addr_a}} 
run 2 ms
current_wave_config {tb_Frodo_top_behav.wcfg}
add_wave {{/tb_Frodo_top/dut/u_control/substate}} 
relaunch_sim
run 2 ms
current_wave_config {tb_Frodo_top_behav.wcfg}
add_wave {{/tb_Frodo_top/dut/u_control/fifoinhashcnt}} 
current_wave_config {tb_Frodo_top_behav.wcfg}
add_wave {{/tb_Frodo_top/dut/u_control/fifo_rd_en_64}} 
current_wave_config {tb_Frodo_top_behav.wcfg}
add_wave {{/tb_Frodo_top/dut/u_control/fifobubble}} 
relaunch_sim
relaunch_sim
run 2 ms
current_wave_config {tb_Frodo_top_behav.wcfg}
add_wave {{/tb_Frodo_top/dut/u_control/fifo64cnt}} 
current_wave_config {tb_Frodo_top_behav.wcfg}
add_wave {{/tb_Frodo_top/dut/u_control/fifo_wr_en_448}} 
save_wave_config {D:/Work_prj/Frodokem_2026/Viprj/FrodoKEM/tb_Frodo_top_behav.wcfg}
relaunch_sim
relaunch_sim
relaunch_sim
run 2 ms
relaunch_sim
run all
current_wave_config {tb_Frodo_top_behav.wcfg}
add_wave {{/tb_Frodo_top/dut/u_control/addra_add}} 
current_wave_config {tb_Frodo_top_behav.wcfg}
add_wave {{/tb_Frodo_top/dut/u_control/prefixa}} 
relaunch_sim
run all
relaunch_sim
run all
relaunch_sim
relaunch_sim
run all
relaunch_sim
run all
current_wave_config {tb_Frodo_top_behav.wcfg}
add_wave {{/tb_Frodo_top/dut/u_SHAKE/sqzout64}} 
current_wave_config {tb_Frodo_top_behav.wcfg}
add_wave {{/tb_Frodo_top/dut/u_SHAKE/sqzout64_en}} 
current_wave_config {tb_Frodo_top_behav.wcfg}
add_wave {{/tb_Frodo_top/dut/ram64a/wr_mask_a}} {{/tb_Frodo_top/dut/ram64a/wr_mask_b}} 
current_wave_config {tb_Frodo_top_behav.wcfg}
add_wave {{/tb_Frodo_top/dut/ram64a/addr_b}} 
current_wave_config {tb_Frodo_top_behav.wcfg}
add_wave {{/tb_Frodo_top/dut/ram64b/wr_mask_a}} {{/tb_Frodo_top/dut/ram64b/wr_mask_b}} 
current_wave_config {tb_Frodo_top_behav.wcfg}
add_wave {{/tb_Frodo_top/dut/ram448/wr_mask_a}} {{/tb_Frodo_top/dut/ram448/wr_mask_b}} 
relaunch_sim
run 2 ms
relaunch_sim
run all
run all
current_wave_config {tb_Frodo_top_behav.wcfg}
add_wave {{/tb_Frodo_top/dut/ram448/addr_a}} 
relaunch_sim
run all
current_wave_config {tb_Frodo_top_behav.wcfg}
add_wave {{/tb_Frodo_top/dut/u_control/hashsel448}} 
current_wave_config {tb_Frodo_top_behav.wcfg}
add_wave {{/tb_Frodo_top/dut/hashsel448}} 
relaunch_sim
run 2 ms
relaunch_sim
run 2 ms
relaunch_sim
run 2 ms
relaunch_sim
run all
current_wave_config {tb_Frodo_top_behav.wcfg}
add_wave {{/tb_Frodo_top/dut/ram64a/wr_mask_b}} 
current_wave_config {tb_Frodo_top_behav.wcfg}
add_wave {{/tb_Frodo_top/dut/ram64a/addr_b}} 
current_wave_config {tb_Frodo_top_behav.wcfg}
add_wave {{/tb_Frodo_top/dut/ram64a/wr_mask_a}} 
current_wave_config {tb_Frodo_top_behav.wcfg}
add_wave {{/tb_Frodo_top/dut/ram64b/wr_mask_a}} {{/tb_Frodo_top/dut/ram64b/wr_mask_b}} 
current_wave_config {tb_Frodo_top_behav.wcfg}
add_wave {{/tb_Frodo_top/dut/ram448/wr_mask_a}} {{/tb_Frodo_top/dut/ram448/wr_mask_b}} 
close_sim
