#-----------------------------------------------------------
# Vivado v2025.1 (64-bit)
# SW Build 6140274 on Thu May 22 00:12:29 MDT 2025
# IP Build 6138677 on Thu May 22 03:10:11 MDT 2025
# SharedData Build 6139179 on Tue May 20 17:58:58 MDT 2025
# Start of session at: Tue Apr 28 17:52:57 2026
# Process ID         : 23188
# Current directory  : D:/Work_prj/Frodokem_2026/Viprj/FrodoKEM
# Command line       : vivado.exe -gui_launcher_event rodinguilauncherevent31404 D:\Work_prj\Frodokem_2026\Viprj\FrodoKEM\FrodoKEM.xpr
# Log file           : D:/Work_prj/Frodokem_2026/Viprj/FrodoKEM/vivado.log
# Journal file       : D:/Work_prj/Frodokem_2026/Viprj/FrodoKEM\vivado.jou
# Running On         : DESKTOP-KKLUIKL
# Platform           : Windows Server 2016 or Windows 10
# Operating System   : 19045
# Processor Detail   : AMD Ryzen 7 5800H with Radeon Graphics         
# CPU Frequency      : 3194 MHz
# CPU Physical cores : 8
# CPU Logical cores  : 16
# Host memory        : 17024 MB
# Swap memory        : 15044 MB
# Total Virtual      : 32069 MB
# Available Virtual  : 5756 MB
#-----------------------------------------------------------
start_gui
open_project D:/Work_prj/Frodokem_2026/Viprj/FrodoKEM/FrodoKEM.xpr
update_compile_order -fileset sources_1
launch_simulation
open_wave_config D:/Work_prj/Frodokem_2026/Viprj/FrodoKEM/tb_Frodo_top_behav.wcfg
source tb_Frodo_top.tcl
current_wave_config {tb_Frodo_top_behav.wcfg}
add_wave {{/tb_Frodo_top/dut/ram448/addr_a}} 
current_wave_config {tb_Frodo_top_behav.wcfg}
add_wave {{/tb_Frodo_top/dut/ram64a/addr_a}} 
current_wave_config {tb_Frodo_top_behav.wcfg}
add_wave {{/tb_Frodo_top/dut/ram64a/addr_b}} 
run 120890 ns
current_wave_config {tb_Frodo_top_behav.wcfg}
add_wave {{/tb_Frodo_top/dut/ram64a/wr_mask_b}} 
current_wave_config {tb_Frodo_top_behav.wcfg}
add_wave {{/tb_Frodo_top/dut/ram64a/din_b}} 
current_wave_config {tb_Frodo_top_behav.wcfg}
add_wave {{/tb_Frodo_top/dut/u_MatrixMACSet/mulaSet}} 
current_wave_config {tb_Frodo_top_behav.wcfg}
add_wave {{/tb_Frodo_top/dut/u_MatrixMACSet/mulbSet}} 
current_wave_config {tb_Frodo_top_behav.wcfg}
add_wave {{/tb_Frodo_top/dut/u_MatrixMACSet/mulabSet_val}} 
current_wave_config {tb_Frodo_top_behav.wcfg}
add_wave {{/tb_Frodo_top/dut/u_MatrixMACSet/macabSet_val}} 
current_wave_config {tb_Frodo_top_behav.wcfg}
add_wave {{/tb_Frodo_top/dut/u_MatrixAddSet/addabSet}} 
current_wave_config {tb_Frodo_top_behav.wcfg}
add_wave {{/tb_Frodo_top/dut/u_MatrixAddSet/addbSet}} 
current_wave_config {tb_Frodo_top_behav.wcfg}
add_wave {{/tb_Frodo_top/dut/u_MatrixAddSet/addaSet}} 
current_wave_config {tb_Frodo_top_behav.wcfg}
add_wave {{/tb_Frodo_top/dut/u_MatrixMACSet/macabSet}} 
current_wave_config {tb_Frodo_top_behav.wcfg}
add_wave {{/tb_Frodo_top/dut/ram64a/dout_a}} 
relaunch_sim
run 120890 ns
current_wave_config {tb_Frodo_top_behav.wcfg}
add_wave {{/tb_Frodo_top/dut/u_control/substate}} 
current_wave_config {tb_Frodo_top_behav.wcfg}
add_wave {{/tb_Frodo_top/dut/u_control/substate_nxt}} 
current_wave_config {tb_Frodo_top_behav.wcfg}
add_wave {{/tb_Frodo_top/dut/u_control/addr_cnt}} 
current_wave_config {tb_Frodo_top_behav.wcfg}
add_wave {{/tb_Frodo_top/dut/u_control/prefixa}} 
current_wave_config {tb_Frodo_top_behav.wcfg}
add_wave {{/tb_Frodo_top/dut/u_control/addr_run_cnt_clr}} 
relaunch_sim
run 120890 ns
current_wave_config {tb_Frodo_top_behav.wcfg}
add_wave {{/tb_Frodo_top/dut/ram64a/din_b}} 
relaunch_sim
run 120890 ns
relaunch_sim
run 2 ms
current_wave_config {tb_Frodo_top_behav.wcfg}
add_wave {{/tb_Frodo_top/dut/u_control/u_AddrGenUnit/loopi}} {{/tb_Frodo_top/dut/u_control/u_AddrGenUnit/loopj}} {{/tb_Frodo_top/dut/u_control/u_AddrGenUnit/loopk}} 
run 2 ms
current_wave_config {tb_Frodo_top_behav.wcfg}
add_wave {{/tb_Frodo_top/dut/u_control/loopifullflag}} 
current_wave_config {tb_Frodo_top_behav.wcfg}
add_wave {{/tb_Frodo_top/dut/u_control/mac0backflag}} {{/tb_Frodo_top/dut/u_control/mac0backflagcnt}} 
current_wave_config {tb_Frodo_top_behav.wcfg}
add_wave {{/tb_Frodo_top/dut/u_control/macmode}} 
current_wave_config {tb_Frodo_top_behav.wcfg}
add_wave {{/tb_Frodo_top/dut/u_control/substate}} 
current_wave_config {tb_Frodo_top_behav.wcfg}
add_wave {{/tb_Frodo_top/dut/u_control/loopifullflag}} 
current_wave_config {tb_Frodo_top_behav.wcfg}
add_wave {{/tb_Frodo_top/dut/u_control/loopifullfalg}} 
relaunch_sim
run 2 ms
update_compile_order -fileset sources_1
update_compile_order -fileset sources_1
relaunch_sim
relaunch_sim
current_wave_config {tb_Frodo_top_behav.wcfg}
add_wave {{/tb_Frodo_top/dut/valid}} 
current_wave_config {tb_Frodo_top_behav.wcfg}
add_wave {{/tb_Frodo_top/dut/ram64b/dout_a}} 
current_wave_config {tb_Frodo_top_behav.wcfg}
add_wave {{/tb_Frodo_top/dut/u_control/u_instDecoder/prefixb}} 
current_wave_config {tb_Frodo_top_behav.wcfg}
add_wave {{/tb_Frodo_top/dut/u_control/u_instDecoder/prefixa}} 
current_wave_config {tb_Frodo_top_behav.wcfg}
add_wave {{/tb_Frodo_top/dut/u_control/DO_valid}} 
relaunch_sim
relaunch_sim
relaunch_sim
current_wave_config {tb_Frodo_top_behav.wcfg}
add_wave {{/tb_Frodo_top/dut/dout}} 
update_compile_order -fileset sources_1
update_compile_order -fileset sources_1
update_compile_order -fileset sources_1
update_compile_order -fileset sources_1
update_compile_order -fileset sources_1
relaunch_sim
current_wave_config {tb_Frodo_top_behav.wcfg}
add_wave {{/tb_Frodo_top/dut/ram64a/addr_a}} 
current_wave_config {tb_Frodo_top_behav.wcfg}
add_wave {{/tb_Frodo_top/dut/ram64b/wr_mask_a}} 
current_wave_config {tb_Frodo_top_behav.wcfg}
add_wave {{/tb_Frodo_top/dut/ram64b/addr_b}} 
current_wave_config {tb_Frodo_top_behav.wcfg}
add_wave {{/tb_Frodo_top/dut/ram64b/addr_a}} 
current_wave_config {tb_Frodo_top_behav.wcfg}
add_wave {{/tb_Frodo_top/dut/u_control/substate}} 
current_wave_config {tb_Frodo_top_behav.wcfg}
add_wave {{/tb_Frodo_top/dut/u_control/encode_done}} 
relaunch_sim
current_wave_config {tb_Frodo_top_behav.wcfg}
add_wave {{/tb_Frodo_top/dut/u_control/onestate}} 
current_wave_config {tb_Frodo_top_behav.wcfg}
add_wave {{/tb_Frodo_top/dut/u_control/mac_en}} 
relaunch_sim
current_wave_config {tb_Frodo_top_behav.wcfg}
add_wave {{/tb_Frodo_top/dut/u_control/addra_add}} 
current_wave_config {tb_Frodo_top_behav.wcfg}
add_wave {{/tb_Frodo_top/dut/u_control/loopifullfalg}} 
current_wave_config {tb_Frodo_top_behav.wcfg}
add_wave {{/tb_Frodo_top/dut/u_control/u_AddrGenUnit/loopi}} {{/tb_Frodo_top/dut/u_control/u_AddrGenUnit/loopj}} {{/tb_Frodo_top/dut/u_control/u_AddrGenUnit/loopk}} 
current_wave_config {tb_Frodo_top_behav.wcfg}
add_wave {{/tb_Frodo_top/dut/u_control/u_AddrGenUnit/loopifull}} 
update_compile_order -fileset sources_1
update_compile_order -fileset sources_1
relaunch_sim
relaunch_sim
relaunch_sim
relaunch_sim
current_wave_config {tb_Frodo_top_behav.wcfg}
add_wave {{/tb_Frodo_top/dut/ram64b/addr_a}} 
current_wave_config {tb_Frodo_top_behav.wcfg}
add_wave {{/tb_Frodo_top/dut/ram64b/wr_mask_a}} 
current_wave_config {tb_Frodo_top_behav.wcfg}
add_wave {{/tb_Frodo_top/dut/ram64b/din_a}} 
relaunch_sim
relaunch_sim
