srcscan starts
INFO: analyzing module AddrGenUnit (VERI-9002)
INFO: analyzing module DecodeSet (VERI-9002)
INFO: analyzing module EncodeSet (VERI-9002)
INFO: analyzing module Frodo_top (VERI-9002)
D:/Work_prj/Frodokem_2026/SRC/Frodo_top.v(41): INFO: undeclared symbol 'opermode', assumed default net type 'wire' (VERI-2561)
INFO: analyzing module instDecoder (VERI-9002)
INFO: analyzing module MatrixAddSet (VERI-9002)
INFO: analyzing module MatrixMACSet (VERI-9002)
INFO: analyzing module MatrixMulAddSet (VERI-9002)
INFO: analyzing module MatrixSubSet (VERI-9002)
INFO: analyzing module PackSet (VERI-9002)
INFO: analyzing module RAM_Arbitration (VERI-9002)
INFO: analyzing module SHAKE (VERI-9002)
D:/Work_prj/Frodokem_2026/SRC/SHAKE.v(63): WARNING: identifier 'CS' is used before its declaration (VERI-1875)
INFO: analyzing module SampleMatrixSet (VERI-9002)
INFO: analyzing module UnpackSet (VERI-9002)
INFO: analyzing module bidirectional_fifo (VERI-9002)
INFO: analyzing module control (VERI-9002)
D:/Work_prj/Frodokem_2026/SRC/control.v(715): WARNING: syntax error near 'end' (VERI-1137)
D:/Work_prj/Frodokem_2026/SRC/control.v(715): ERROR: Verilog 2000 keyword 'end' used in incorrect context (VERI-2344)
D:/Work_prj/Frodokem_2026/SRC/control.v(1211): INFO: undeclared symbol 'pad', assumed default net type 'wire' (VERI-2561)
D:/Work_prj/Frodokem_2026/SRC/control.v(124): WARNING: identifier 'sqzout64_en' is used before its declaration (VERI-1875)
INFO: analyzing module dram448_r (VERI-9002)
INFO: analyzing module dram64_r (VERI-9002)
INFO: analyzing module dual_ram (VERI-9002)
INFO: analyzing module dual_ram_asyn (VERI-9002)
INFO: analyzing module roundmod (VERI-9002)
INFO: analyzing module theta (VERI-9002)
INFO: analyzing module thopichiiota (VERI-9002)
Listing tops:
VeriTop library:xil_defaultlib mod:Frodo_top
END of tops
D:/Work_prj/Frodokem_2026/SRC/Frodo_top.v(2): INFO: compiling module 'Frodo_top_default' (VERI-1018)
ModName: dram448_r(HEX_FILE="D:/Work_prj/Frodokem_2026/TB/RAM448.hex",OUTPUT_FILE="D:/Work_prj/Frodokem_2026/TB/RAM448out.hex")
ModName: dram64_r(MEM_DEPTH=3000,HEX_FILE="D:/Work_prj/Frodokem_2026/TB/RAM64a.hex",OUTPUT_FILE="D:/Work_prj/Frodokem_2026/TB/RAM64aout.hex")
ModName: dram64_r(MEM_DEPTH=3000,HEX_FILE="D:/Work_prj/Frodokem_2026/TB/RAM64b.hex",OUTPUT_FILE="D:/Work_prj/Frodokem_2026/TB/RAM64bout.hex")
ModName: dual_ram(ADDR_WIDTH=10,DATA_WIDTH=36,MEM_DEPTH=1024,HEX_FILE="D:/Work_prj/Frodokem_2026/Inst.hex")
ModName: dual_ram_asyn(ADDR_WIDTH=6,DATA_WIDTH=16,MEM_DEPTH=64,HEX_FILE="D:/Work_prj/Frodokem_2026/Addr.hex")
ModName: roundmod(B=3,Q=16)
ModName: roundmod(B=4,Q=16)
BaseName dram448_r has 1 entries
BaseName dram64_r has 2 entries
BaseName dual_ram has 1 entries
BaseName dual_ram_asyn has 1 entries
BaseName roundmod has 2 entries
srcscan exits with return value 0
