srcscan starts
INFO: analyzing module AddrGenUnit (VERI-9002)
INFO: analyzing module DecodeSet (VERI-9002)
INFO: analyzing module EncodeSet (VERI-9002)
INFO: analyzing module instDecoder (VERI-9002)
INFO: analyzing module MatrixAddSet (VERI-9002)
INFO: analyzing module MatrixMACSet (VERI-9002)
INFO: analyzing module MatrixMulAddSet (VERI-9002)
INFO: analyzing module MatrixSubSet (VERI-9002)
INFO: analyzing module PackSet (VERI-9002)
INFO: analyzing module RAM_Arbitration (VERI-9002)
INFO: analyzing module SHAKE (VERI-9002)
C:/Users/22301/AppData/Local/Temp/VivadoEditorAssist13596225814756631472.tmp(63): WARNING: identifier 'CS' is used before its declaration (VERI-1875)
INFO: analyzing module SampleMatrixSet (VERI-9002)
INFO: analyzing module UnpackSet (VERI-9002)
INFO: analyzing module bidirectional_fifo (VERI-9002)
INFO: analyzing module control (VERI-9002)
D:/Work_prj/Frodokem_2026/SRC/control.v(715): WARNING: syntax error near 'end' (VERI-1137)
D:/Work_prj/Frodokem_2026/SRC/control.v(715): ERROR: Verilog 2000 keyword 'end' used in incorrect context (VERI-2344)
D:/Work_prj/Frodokem_2026/SRC/control.v(1211): INFO: undeclared symbol 'pad', assumed default net type 'wire' (VERI-2561)
D:/Work_prj/Frodokem_2026/SRC/control.v(124): WARNING: identifier 'sqzout64_en' is used before its declaration (VERI-1875)
INFO: analyzing module dram448_r (VERI-9002)
INFO: analyzing module dram64_r (VERI-9002)
INFO: analyzing module dual_ram (VERI-9002)
INFO: analyzing module dual_ram_asyn (VERI-9002)
INFO: analyzing module roundmod (VERI-9002)
INFO: analyzing module theta (VERI-9002)
INFO: analyzing module thopichiiota (VERI-9002)
INFO: analyzing module Frodo_top (VERI-9002)
D:/Work_prj/Frodokem_2026/SRC/Frodo_top.v(41): INFO: undeclared symbol 'opermode', assumed default net type 'wire' (VERI-2561)
srcscan exits with return value 0
