#-----------------------------------------------------------
# Vivado v2025.1 (64-bit)
# SW Build 6140274 on Thu May 22 00:12:29 MDT 2025
# IP Build 6138677 on Thu May 22 03:10:11 MDT 2025
# SharedData Build 6139179 on Tue May 20 17:58:58 MDT 2025
# Start of session at: Wed Apr 29 15:11:22 2026
# Process ID         : 26712
# Current directory  : D:/Work_prj/Frodokem_2026_tx/FrodeKEM/Viprj/project_1/project_1.runs/ila_0_synth_1
# Command line       : vivado.exe -log ila_0.vds -product Vivado -mode batch -messageDb vivado.pb -notrace -source ila_0.tcl
# Log file           : D:/Work_prj/Frodokem_2026_tx/FrodeKEM/Viprj/project_1/project_1.runs/ila_0_synth_1/ila_0.vds
# Journal file       : D:/Work_prj/Frodokem_2026_tx/FrodeKEM/Viprj/project_1/project_1.runs/ila_0_synth_1\vivado.jou
# Running On         : DESKTOP-KKLUIKL
# Platform           : Windows Server 2016 or Windows 10
# Operating System   : 19045
# Processor Detail   : AMD Ryzen 7 5800H with Radeon Graphics         
# CPU Frequency      : 3194 MHz
# CPU Physical cores : 8
# CPU Logical cores  : 16
# Host memory        : 17024 MB
# Swap memory        : 14413 MB
# Total Virtual      : 31438 MB
# Available Virtual  : 4502 MB
#-----------------------------------------------------------
source ila_0.tcl -notrace
