Copyright 1986-2022 Xilinx, Inc. All Rights Reserved. Copyright 2022-2025 Advanced Micro Devices, Inc. All Rights Reserved.
---------------------------------------------------------------------------------------------------------------------------------------------
| Tool Version : Vivado v.2025.1 (win64) Build 6140274 Thu May 22 00:12:29 MDT 2025
| Date         : Wed Apr 29 16:20:48 2026
| Host         : DESKTOP-KKLUIKL running 64-bit major release  (build 9200)
| Command      : report_timing -delay_type max -max_paths 10 -path_type full -sort_by slack -file impl_worst_paths_post_route.rpt
| Design       : TOP
| Device       : 7a35t-fgg484
| Speed File   : -2  PRODUCTION 1.23 2018-06-13
| Design State : Routed
---------------------------------------------------------------------------------------------------------------------------------------------

Timing Report

Slack (MET) :             2.604ns  (required time - arrival time)
  Source:                 <hidden>
                            (rising edge-triggered cell RAMB36E1 clocked by clk_i  {rise@0.000ns fall@10.000ns period=20.000ns})
  Destination:            u_Frodo_top/u_MatrixMulAddSet/amulbaddc[17]/B[1]
                            (rising edge-triggered cell DSP48E1 clocked by clk_i  {rise@0.000ns fall@10.000ns period=20.000ns})
  Path Group:             clk_i
  Path Type:              Setup (Max at Slow Process Corner)
  Requirement:            20.000ns  (clk_i rise@20.000ns - clk_i rise@0.000ns)
  Data Path Delay:        14.290ns  (logic 2.230ns (15.605%)  route 12.060ns (84.395%))
  Logic Levels:           1  (LUT5=1)
  Clock Path Skew:        -0.090ns (DCD - SCD + CPR)
    Destination Clock Delay (DCD):    4.358ns = ( 24.358 - 20.000 ) 
    Source Clock Delay      (SCD):    4.607ns
    Clock Pessimism Removal (CPR):    0.159ns
  Clock Uncertainty:      0.035ns  ((TSJ^2 + TIJ^2)^1/2 + DJ) / 2 + PE
    Total System Jitter     (TSJ):    0.071ns
    Total Input Jitter      (TIJ):    0.000ns
    Discrete Jitter          (DJ):    0.000ns
    Phase Error              (PE):    0.000ns

    Location             Delay type                Incr(ns)  Path(ns)    Netlist Resource(s)
  -------------------------------------------------------------------    -------------------
                         (clock clk_i rise edge)      0.000     0.000 r  
                         propagated clock network latency
                                                      4.607     4.607    
    RAMB36_X0Y1          RAMB36E1                     0.000     4.607 r  <hidden>
    RAMB36_X0Y1          RAMB36E1 (Prop_ramb36e1_CLKARDCLK_DOADO[29])
                                                      2.125     6.732 f  <hidden>
                         net (fo=1183, routed)       11.580    18.312    u_Frodo_top/u_control/u_instDecoder/douta[0]
    SLICE_X52Y71         LUT5 (Prop_lut5_I2_O)        0.105    18.417 r  u_Frodo_top/u_control/u_instDecoder/amulbaddc[17]_i_15/O
                         net (fo=1, routed)           0.480    18.897    u_Frodo_top/u_MatrixMulAddSet/mulbSet[273]
    DSP48_X1Y28          DSP48E1                                      r  u_Frodo_top/u_MatrixMulAddSet/amulbaddc[17]/B[1]
  -------------------------------------------------------------------    -------------------

                         (clock clk_i rise edge)     20.000    20.000 r  
                         propagated clock network latency
                                                      4.358    24.358    
                         clock pessimism              0.159    24.517    
                         clock uncertainty           -0.035    24.482    
    DSP48_X1Y28          DSP48E1 (Setup_dsp48e1_CLK_B[1])
                                                     -2.980    21.502    u_Frodo_top/u_MatrixMulAddSet/amulbaddc[17]
  -------------------------------------------------------------------
                         required time                         21.502    
                         arrival time                         -18.897    
  -------------------------------------------------------------------
                         slack                                  2.604    

Slack (MET) :             2.634ns  (required time - arrival time)
  Source:                 <hidden>
                            (rising edge-triggered cell RAMB36E1 clocked by clk_i  {rise@0.000ns fall@10.000ns period=20.000ns})
  Destination:            u_Frodo_top/u_MatrixMulAddSet/amulbaddc[17]/B[11]
                            (rising edge-triggered cell DSP48E1 clocked by clk_i  {rise@0.000ns fall@10.000ns period=20.000ns})
  Path Group:             clk_i
  Path Type:              Setup (Max at Slow Process Corner)
  Requirement:            20.000ns  (clk_i rise@20.000ns - clk_i rise@0.000ns)
  Data Path Delay:        14.261ns  (logic 2.230ns (15.637%)  route 12.031ns (84.363%))
  Logic Levels:           1  (LUT5=1)
  Clock Path Skew:        -0.090ns (DCD - SCD + CPR)
    Destination Clock Delay (DCD):    4.358ns = ( 24.358 - 20.000 ) 
    Source Clock Delay      (SCD):    4.607ns
    Clock Pessimism Removal (CPR):    0.159ns
  Clock Uncertainty:      0.035ns  ((TSJ^2 + TIJ^2)^1/2 + DJ) / 2 + PE
    Total System Jitter     (TSJ):    0.071ns
    Total Input Jitter      (TIJ):    0.000ns
    Discrete Jitter          (DJ):    0.000ns
    Phase Error              (PE):    0.000ns

    Location             Delay type                Incr(ns)  Path(ns)    Netlist Resource(s)
  -------------------------------------------------------------------    -------------------
                         (clock clk_i rise edge)      0.000     0.000 r  
                         propagated clock network latency
                                                      4.607     4.607    
    RAMB36_X0Y1          RAMB36E1                     0.000     4.607 r  <hidden>
    RAMB36_X0Y1          RAMB36E1 (Prop_ramb36e1_CLKARDCLK_DOADO[29])
                                                      2.125     6.732 f  <hidden>
                         net (fo=1183, routed)       11.595    18.327    u_Frodo_top/u_control/u_instDecoder/douta[0]
    SLICE_X52Y71         LUT5 (Prop_lut5_I2_O)        0.105    18.432 r  u_Frodo_top/u_control/u_instDecoder/amulbaddc[17]_i_5/O
                         net (fo=1, routed)           0.436    18.868    u_Frodo_top/u_MatrixMulAddSet/mulbSet[283]
    DSP48_X1Y28          DSP48E1                                      r  u_Frodo_top/u_MatrixMulAddSet/amulbaddc[17]/B[11]
  -------------------------------------------------------------------    -------------------

                         (clock clk_i rise edge)     20.000    20.000 r  
                         propagated clock network latency
                                                      4.358    24.358    
                         clock pessimism              0.159    24.517    
                         clock uncertainty           -0.035    24.482    
    DSP48_X1Y28          DSP48E1 (Setup_dsp48e1_CLK_B[11])
                                                     -2.980    21.502    u_Frodo_top/u_MatrixMulAddSet/amulbaddc[17]
  -------------------------------------------------------------------
                         required time                         21.502    
                         arrival time                         -18.868    
  -------------------------------------------------------------------
                         slack                                  2.634    

Slack (MET) :             2.642ns  (required time - arrival time)
  Source:                 <hidden>
                            (rising edge-triggered cell RAMB36E1 clocked by clk_i  {rise@0.000ns fall@10.000ns period=20.000ns})
  Destination:            u_Frodo_top/u_MatrixMACSet/p_0_out__11/A[9]
                            (rising edge-triggered cell DSP48E1 clocked by clk_i  {rise@0.000ns fall@10.000ns period=20.000ns})
  Path Group:             clk_i
  Path Type:              Setup (Max at Slow Process Corner)
  Requirement:            20.000ns  (clk_i rise@20.000ns - clk_i rise@0.000ns)
  Data Path Delay:        14.105ns  (logic 2.230ns (15.810%)  route 11.875ns (84.190%))
  Logic Levels:           1  (LUT6=1)
  Clock Path Skew:        -0.086ns (DCD - SCD + CPR)
    Destination Clock Delay (DCD):    4.362ns = ( 24.362 - 20.000 ) 
    Source Clock Delay      (SCD):    4.607ns
    Clock Pessimism Removal (CPR):    0.159ns
  Clock Uncertainty:      0.035ns  ((TSJ^2 + TIJ^2)^1/2 + DJ) / 2 + PE
    Total System Jitter     (TSJ):    0.071ns
    Total Input Jitter      (TIJ):    0.000ns
    Discrete Jitter          (DJ):    0.000ns
    Phase Error              (PE):    0.000ns

    Location             Delay type                Incr(ns)  Path(ns)    Netlist Resource(s)
  -------------------------------------------------------------------    -------------------
                         (clock clk_i rise edge)      0.000     0.000 r  
                         propagated clock network latency
                                                      4.607     4.607    
    RAMB36_X0Y1          RAMB36E1                     0.000     4.607 r  <hidden>
    RAMB36_X0Y1          RAMB36E1 (Prop_ramb36e1_CLKARDCLK_DOADO[29])
                                                      2.125     6.732 r  <hidden>
                         net (fo=1183, routed)       11.449    18.181    u_Frodo_top/u_control/u_instDecoder/douta[0]
    SLICE_X55Y67         LUT6 (Prop_lut6_I0_O)        0.105    18.286 r  u_Frodo_top/u_control/u_instDecoder/p_0_out__11_i_7/O
                         net (fo=1, routed)           0.426    18.711    u_Frodo_top/u_MatrixMACSet/mulaSet[249]
    DSP48_X1Y27          DSP48E1                                      r  u_Frodo_top/u_MatrixMACSet/p_0_out__11/A[9]
  -------------------------------------------------------------------    -------------------

                         (clock clk_i rise edge)     20.000    20.000 r  
                         propagated clock network latency
                                                      4.362    24.362    
                         clock pessimism              0.159    24.521    
                         clock uncertainty           -0.035    24.486    
    DSP48_X1Y27          DSP48E1 (Setup_dsp48e1_CLK_A[9])
                                                     -3.132    21.354    u_Frodo_top/u_MatrixMACSet/p_0_out__11
  -------------------------------------------------------------------
                         required time                         21.354    
                         arrival time                         -18.711    
  -------------------------------------------------------------------
                         slack                                  2.642    

Slack (MET) :             2.648ns  (required time - arrival time)
  Source:                 <hidden>
                            (rising edge-triggered cell RAMB36E1 clocked by clk_i  {rise@0.000ns fall@10.000ns period=20.000ns})
  Destination:            u_Frodo_top/u_MatrixMACSet/p_0_out__10/A[8]
                            (rising edge-triggered cell DSP48E1 clocked by clk_i  {rise@0.000ns fall@10.000ns period=20.000ns})
  Path Group:             clk_i
  Path Type:              Setup (Max at Slow Process Corner)
  Requirement:            20.000ns  (clk_i rise@20.000ns - clk_i rise@0.000ns)
  Data Path Delay:        14.099ns  (logic 2.230ns (15.817%)  route 11.869ns (84.183%))
  Logic Levels:           1  (LUT6=1)
  Clock Path Skew:        -0.086ns (DCD - SCD + CPR)
    Destination Clock Delay (DCD):    4.362ns = ( 24.362 - 20.000 ) 
    Source Clock Delay      (SCD):    4.607ns
    Clock Pessimism Removal (CPR):    0.159ns
  Clock Uncertainty:      0.035ns  ((TSJ^2 + TIJ^2)^1/2 + DJ) / 2 + PE
    Total System Jitter     (TSJ):    0.071ns
    Total Input Jitter      (TIJ):    0.000ns
    Discrete Jitter          (DJ):    0.000ns
    Phase Error              (PE):    0.000ns

    Location             Delay type                Incr(ns)  Path(ns)    Netlist Resource(s)
  -------------------------------------------------------------------    -------------------
                         (clock clk_i rise edge)      0.000     0.000 r  
                         propagated clock network latency
                                                      4.607     4.607    
    RAMB36_X0Y1          RAMB36E1                     0.000     4.607 r  <hidden>
    RAMB36_X0Y1          RAMB36E1 (Prop_ramb36e1_CLKARDCLK_DOADO[29])
                                                      2.125     6.732 r  <hidden>
                         net (fo=1183, routed)       11.208    17.940    u_Frodo_top/u_control/u_instDecoder/douta[0]
    SLICE_X57Y78         LUT6 (Prop_lut6_I0_O)        0.105    18.045 r  u_Frodo_top/u_control/u_instDecoder/p_0_out__10_i_8/O
                         net (fo=1, routed)           0.660    18.705    u_Frodo_top/u_MatrixMACSet/mulaSet[264]
    DSP48_X1Y32          DSP48E1                                      r  u_Frodo_top/u_MatrixMACSet/p_0_out__10/A[8]
  -------------------------------------------------------------------    -------------------

                         (clock clk_i rise edge)     20.000    20.000 r  
                         propagated clock network latency
                                                      4.362    24.362    
                         clock pessimism              0.159    24.521    
                         clock uncertainty           -0.035    24.486    
    DSP48_X1Y32          DSP48E1 (Setup_dsp48e1_CLK_A[8])
                                                     -3.132    21.354    u_Frodo_top/u_MatrixMACSet/p_0_out__10
  -------------------------------------------------------------------
                         required time                         21.354    
                         arrival time                         -18.705    
  -------------------------------------------------------------------
                         slack                                  2.648    

Slack (MET) :             2.756ns  (required time - arrival time)
  Source:                 <hidden>
                            (rising edge-triggered cell RAMB36E1 clocked by clk_i  {rise@0.000ns fall@10.000ns period=20.000ns})
  Destination:            u_Frodo_top/u_MatrixMACSet/p_0_out__8/A[8]
                            (rising edge-triggered cell DSP48E1 clocked by clk_i  {rise@0.000ns fall@10.000ns period=20.000ns})
  Path Group:             clk_i
  Path Type:              Setup (Max at Slow Process Corner)
  Requirement:            20.000ns  (clk_i rise@20.000ns - clk_i rise@0.000ns)
  Data Path Delay:        13.993ns  (logic 2.230ns (15.937%)  route 11.763ns (84.063%))
  Logic Levels:           1  (LUT6=1)
  Clock Path Skew:        -0.084ns (DCD - SCD + CPR)
    Destination Clock Delay (DCD):    4.364ns = ( 24.364 - 20.000 ) 
    Source Clock Delay      (SCD):    4.607ns
    Clock Pessimism Removal (CPR):    0.159ns
  Clock Uncertainty:      0.035ns  ((TSJ^2 + TIJ^2)^1/2 + DJ) / 2 + PE
    Total System Jitter     (TSJ):    0.071ns
    Total Input Jitter      (TIJ):    0.000ns
    Discrete Jitter          (DJ):    0.000ns
    Phase Error              (PE):    0.000ns

    Location             Delay type                Incr(ns)  Path(ns)    Netlist Resource(s)
  -------------------------------------------------------------------    -------------------
                         (clock clk_i rise edge)      0.000     0.000 r  
                         propagated clock network latency
                                                      4.607     4.607    
    RAMB36_X0Y1          RAMB36E1                     0.000     4.607 r  <hidden>
    RAMB36_X0Y1          RAMB36E1 (Prop_ramb36e1_CLKARDCLK_DOADO[29])
                                                      2.125     6.732 r  <hidden>
                         net (fo=1183, routed)       11.204    17.936    u_Frodo_top/u_control/u_instDecoder/douta[0]
    SLICE_X53Y80         LUT6 (Prop_lut6_I0_O)        0.105    18.041 r  u_Frodo_top/u_control/u_instDecoder/p_0_out__8_i_8/O
                         net (fo=1, routed)           0.558    18.599    u_Frodo_top/u_MatrixMACSet/mulaSet[296]
    DSP48_X1Y33          DSP48E1                                      r  u_Frodo_top/u_MatrixMACSet/p_0_out__8/A[8]
  -------------------------------------------------------------------    -------------------

                         (clock clk_i rise edge)     20.000    20.000 r  
                         propagated clock network latency
                                                      4.364    24.364    
                         clock pessimism              0.159    24.523    
                         clock uncertainty           -0.035    24.488    
    DSP48_X1Y33          DSP48E1 (Setup_dsp48e1_CLK_A[8])
                                                     -3.132    21.356    u_Frodo_top/u_MatrixMACSet/p_0_out__8
  -------------------------------------------------------------------
                         required time                         21.356    
                         arrival time                         -18.599    
  -------------------------------------------------------------------
                         slack                                  2.756    

Slack (MET) :             2.782ns  (required time - arrival time)
  Source:                 <hidden>
                            (rising edge-triggered cell RAMB36E1 clocked by clk_i  {rise@0.000ns fall@10.000ns period=20.000ns})
  Destination:            u_Frodo_top/u_MatrixMACSet/p_0_out__10/A[6]
                            (rising edge-triggered cell DSP48E1 clocked by clk_i  {rise@0.000ns fall@10.000ns period=20.000ns})
  Path Group:             clk_i
  Path Type:              Setup (Max at Slow Process Corner)
  Requirement:            20.000ns  (clk_i rise@20.000ns - clk_i rise@0.000ns)
  Data Path Delay:        13.965ns  (logic 2.230ns (15.969%)  route 11.735ns (84.031%))
  Logic Levels:           1  (LUT6=1)
  Clock Path Skew:        -0.086ns (DCD - SCD + CPR)
    Destination Clock Delay (DCD):    4.362ns = ( 24.362 - 20.000 ) 
    Source Clock Delay      (SCD):    4.607ns
    Clock Pessimism Removal (CPR):    0.159ns
  Clock Uncertainty:      0.035ns  ((TSJ^2 + TIJ^2)^1/2 + DJ) / 2 + PE
    Total System Jitter     (TSJ):    0.071ns
    Total Input Jitter      (TIJ):    0.000ns
    Discrete Jitter          (DJ):    0.000ns
    Phase Error              (PE):    0.000ns

    Location             Delay type                Incr(ns)  Path(ns)    Netlist Resource(s)
  -------------------------------------------------------------------    -------------------
                         (clock clk_i rise edge)      0.000     0.000 r  
                         propagated clock network latency
                                                      4.607     4.607    
    RAMB36_X0Y1          RAMB36E1                     0.000     4.607 r  <hidden>
    RAMB36_X0Y1          RAMB36E1 (Prop_ramb36e1_CLKARDCLK_DOADO[29])
                                                      2.125     6.732 r  <hidden>
                         net (fo=1183, routed)       11.098    17.830    u_Frodo_top/u_control/u_instDecoder/douta[0]
    SLICE_X57Y74         LUT6 (Prop_lut6_I0_O)        0.105    17.935 r  u_Frodo_top/u_control/u_instDecoder/p_0_out__10_i_10/O
                         net (fo=1, routed)           0.637    18.572    u_Frodo_top/u_MatrixMACSet/mulaSet[262]
    DSP48_X1Y32          DSP48E1                                      r  u_Frodo_top/u_MatrixMACSet/p_0_out__10/A[6]
  -------------------------------------------------------------------    -------------------

                         (clock clk_i rise edge)     20.000    20.000 r  
                         propagated clock network latency
                                                      4.362    24.362    
                         clock pessimism              0.159    24.521    
                         clock uncertainty           -0.035    24.486    
    DSP48_X1Y32          DSP48E1 (Setup_dsp48e1_CLK_A[6])
                                                     -3.132    21.354    u_Frodo_top/u_MatrixMACSet/p_0_out__10
  -------------------------------------------------------------------
                         required time                         21.354    
                         arrival time                         -18.572    
  -------------------------------------------------------------------
                         slack                                  2.782    

Slack (MET) :             2.837ns  (required time - arrival time)
  Source:                 <hidden>
                            (rising edge-triggered cell RAMB36E1 clocked by clk_i  {rise@0.000ns fall@10.000ns period=20.000ns})
  Destination:            u_Frodo_top/u_MatrixMACSet/p_0_out__8/A[10]
                            (rising edge-triggered cell DSP48E1 clocked by clk_i  {rise@0.000ns fall@10.000ns period=20.000ns})
  Path Group:             clk_i
  Path Type:              Setup (Max at Slow Process Corner)
  Requirement:            20.000ns  (clk_i rise@20.000ns - clk_i rise@0.000ns)
  Data Path Delay:        13.912ns  (logic 2.230ns (16.029%)  route 11.682ns (83.971%))
  Logic Levels:           1  (LUT6=1)
  Clock Path Skew:        -0.084ns (DCD - SCD + CPR)
    Destination Clock Delay (DCD):    4.364ns = ( 24.364 - 20.000 ) 
    Source Clock Delay      (SCD):    4.607ns
    Clock Pessimism Removal (CPR):    0.159ns
  Clock Uncertainty:      0.035ns  ((TSJ^2 + TIJ^2)^1/2 + DJ) / 2 + PE
    Total System Jitter     (TSJ):    0.071ns
    Total Input Jitter      (TIJ):    0.000ns
    Discrete Jitter          (DJ):    0.000ns
    Phase Error              (PE):    0.000ns

    Location             Delay type                Incr(ns)  Path(ns)    Netlist Resource(s)
  -------------------------------------------------------------------    -------------------
                         (clock clk_i rise edge)      0.000     0.000 r  
                         propagated clock network latency
                                                      4.607     4.607    
    RAMB36_X0Y1          RAMB36E1                     0.000     4.607 r  <hidden>
    RAMB36_X0Y1          RAMB36E1 (Prop_ramb36e1_CLKARDCLK_DOADO[29])
                                                      2.125     6.732 r  <hidden>
                         net (fo=1183, routed)       11.115    17.847    u_Frodo_top/u_control/u_instDecoder/douta[0]
    SLICE_X48Y82         LUT6 (Prop_lut6_I0_O)        0.105    17.952 r  u_Frodo_top/u_control/u_instDecoder/p_0_out__8_i_6/O
                         net (fo=1, routed)           0.567    18.519    u_Frodo_top/u_MatrixMACSet/mulaSet[298]
    DSP48_X1Y33          DSP48E1                                      r  u_Frodo_top/u_MatrixMACSet/p_0_out__8/A[10]
  -------------------------------------------------------------------    -------------------

                         (clock clk_i rise edge)     20.000    20.000 r  
                         propagated clock network latency
                                                      4.364    24.364    
                         clock pessimism              0.159    24.523    
                         clock uncertainty           -0.035    24.488    
    DSP48_X1Y33          DSP48E1 (Setup_dsp48e1_CLK_A[10])
                                                     -3.132    21.356    u_Frodo_top/u_MatrixMACSet/p_0_out__8
  -------------------------------------------------------------------
                         required time                         21.356    
                         arrival time                         -18.519    
  -------------------------------------------------------------------
                         slack                                  2.837    

Slack (MET) :             2.984ns  (required time - arrival time)
  Source:                 <hidden>
                            (rising edge-triggered cell RAMB36E1 clocked by clk_i  {rise@0.000ns fall@10.000ns period=20.000ns})
  Destination:            u_Frodo_top/u_MatrixMulAddSet/amulbaddc[18]/B[1]
                            (rising edge-triggered cell DSP48E1 clocked by clk_i  {rise@0.000ns fall@10.000ns period=20.000ns})
  Path Group:             clk_i
  Path Type:              Setup (Max at Slow Process Corner)
  Requirement:            20.000ns  (clk_i rise@20.000ns - clk_i rise@0.000ns)
  Data Path Delay:        13.919ns  (logic 2.230ns (16.021%)  route 11.689ns (83.979%))
  Logic Levels:           1  (LUT5=1)
  Clock Path Skew:        -0.082ns (DCD - SCD + CPR)
    Destination Clock Delay (DCD):    4.366ns = ( 24.366 - 20.000 ) 
    Source Clock Delay      (SCD):    4.607ns
    Clock Pessimism Removal (CPR):    0.159ns
  Clock Uncertainty:      0.035ns  ((TSJ^2 + TIJ^2)^1/2 + DJ) / 2 + PE
    Total System Jitter     (TSJ):    0.071ns
    Total Input Jitter      (TIJ):    0.000ns
    Discrete Jitter          (DJ):    0.000ns
    Phase Error              (PE):    0.000ns

    Location             Delay type                Incr(ns)  Path(ns)    Netlist Resource(s)
  -------------------------------------------------------------------    -------------------
                         (clock clk_i rise edge)      0.000     0.000 r  
                         propagated clock network latency
                                                      4.607     4.607    
    RAMB36_X0Y1          RAMB36E1                     0.000     4.607 r  <hidden>
    RAMB36_X0Y1          RAMB36E1 (Prop_ramb36e1_CLKARDCLK_DOADO[29])
                                                      2.125     6.732 f  <hidden>
                         net (fo=1183, routed)       11.375    18.107    u_Frodo_top/u_control/u_instDecoder/douta[0]
    SLICE_X54Y84         LUT5 (Prop_lut5_I2_O)        0.105    18.212 r  u_Frodo_top/u_control/u_instDecoder/amulbaddc[18]_i_15/O
                         net (fo=1, routed)           0.314    18.526    u_Frodo_top/u_MatrixMulAddSet/mulbSet[289]
    DSP48_X1Y34          DSP48E1                                      r  u_Frodo_top/u_MatrixMulAddSet/amulbaddc[18]/B[1]
  -------------------------------------------------------------------    -------------------

                         (clock clk_i rise edge)     20.000    20.000 r  
                         propagated clock network latency
                                                      4.366    24.366    
                         clock pessimism              0.159    24.525    
                         clock uncertainty           -0.035    24.490    
    DSP48_X1Y34          DSP48E1 (Setup_dsp48e1_CLK_B[1])
                                                     -2.980    21.510    u_Frodo_top/u_MatrixMulAddSet/amulbaddc[18]
  -------------------------------------------------------------------
                         required time                         21.510    
                         arrival time                         -18.526    
  -------------------------------------------------------------------
                         slack                                  2.984    

Slack (MET) :             2.987ns  (required time - arrival time)
  Source:                 <hidden>
                            (rising edge-triggered cell RAMB36E1 clocked by clk_i  {rise@0.000ns fall@10.000ns period=20.000ns})
  Destination:            u_Frodo_top/u_MatrixMulAddSet/amulbaddc[18]/B[9]
                            (rising edge-triggered cell DSP48E1 clocked by clk_i  {rise@0.000ns fall@10.000ns period=20.000ns})
  Path Group:             clk_i
  Path Type:              Setup (Max at Slow Process Corner)
  Requirement:            20.000ns  (clk_i rise@20.000ns - clk_i rise@0.000ns)
  Data Path Delay:        13.916ns  (logic 2.230ns (16.025%)  route 11.686ns (83.975%))
  Logic Levels:           1  (LUT5=1)
  Clock Path Skew:        -0.082ns (DCD - SCD + CPR)
    Destination Clock Delay (DCD):    4.366ns = ( 24.366 - 20.000 ) 
    Source Clock Delay      (SCD):    4.607ns
    Clock Pessimism Removal (CPR):    0.159ns
  Clock Uncertainty:      0.035ns  ((TSJ^2 + TIJ^2)^1/2 + DJ) / 2 + PE
    Total System Jitter     (TSJ):    0.071ns
    Total Input Jitter      (TIJ):    0.000ns
    Discrete Jitter          (DJ):    0.000ns
    Phase Error              (PE):    0.000ns

    Location             Delay type                Incr(ns)  Path(ns)    Netlist Resource(s)
  -------------------------------------------------------------------    -------------------
                         (clock clk_i rise edge)      0.000     0.000 r  
                         propagated clock network latency
                                                      4.607     4.607    
    RAMB36_X0Y1          RAMB36E1                     0.000     4.607 r  <hidden>
    RAMB36_X0Y1          RAMB36E1 (Prop_ramb36e1_CLKARDCLK_DOADO[29])
                                                      2.125     6.732 f  <hidden>
                         net (fo=1183, routed)       11.229    17.961    u_Frodo_top/u_control/u_instDecoder/douta[0]
    SLICE_X52Y84         LUT5 (Prop_lut5_I2_O)        0.105    18.066 r  u_Frodo_top/u_control/u_instDecoder/amulbaddc[18]_i_7/O
                         net (fo=1, routed)           0.457    18.523    u_Frodo_top/u_MatrixMulAddSet/mulbSet[297]
    DSP48_X1Y34          DSP48E1                                      r  u_Frodo_top/u_MatrixMulAddSet/amulbaddc[18]/B[9]
  -------------------------------------------------------------------    -------------------

                         (clock clk_i rise edge)     20.000    20.000 r  
                         propagated clock network latency
                                                      4.366    24.366    
                         clock pessimism              0.159    24.525    
                         clock uncertainty           -0.035    24.490    
    DSP48_X1Y34          DSP48E1 (Setup_dsp48e1_CLK_B[9])
                                                     -2.980    21.510    u_Frodo_top/u_MatrixMulAddSet/amulbaddc[18]
  -------------------------------------------------------------------
                         required time                         21.510    
                         arrival time                         -18.523    
  -------------------------------------------------------------------
                         slack                                  2.987    

Slack (MET) :             2.987ns  (required time - arrival time)
  Source:                 <hidden>
                            (rising edge-triggered cell RAMB36E1 clocked by clk_i  {rise@0.000ns fall@10.000ns period=20.000ns})
  Destination:            u_Frodo_top/u_MatrixMACSet/p_0_out__10/A[1]
                            (rising edge-triggered cell DSP48E1 clocked by clk_i  {rise@0.000ns fall@10.000ns period=20.000ns})
  Path Group:             clk_i
  Path Type:              Setup (Max at Slow Process Corner)
  Requirement:            20.000ns  (clk_i rise@20.000ns - clk_i rise@0.000ns)
  Data Path Delay:        13.760ns  (logic 2.230ns (16.207%)  route 11.530ns (83.793%))
  Logic Levels:           1  (LUT6=1)
  Clock Path Skew:        -0.086ns (DCD - SCD + CPR)
    Destination Clock Delay (DCD):    4.362ns = ( 24.362 - 20.000 ) 
    Source Clock Delay      (SCD):    4.607ns
    Clock Pessimism Removal (CPR):    0.159ns
  Clock Uncertainty:      0.035ns  ((TSJ^2 + TIJ^2)^1/2 + DJ) / 2 + PE
    Total System Jitter     (TSJ):    0.071ns
    Total Input Jitter      (TIJ):    0.000ns
    Discrete Jitter          (DJ):    0.000ns
    Phase Error              (PE):    0.000ns

    Location             Delay type                Incr(ns)  Path(ns)    Netlist Resource(s)
  -------------------------------------------------------------------    -------------------
                         (clock clk_i rise edge)      0.000     0.000 r  
                         propagated clock network latency
                                                      4.607     4.607    
    RAMB36_X0Y1          RAMB36E1                     0.000     4.607 r  <hidden>
    RAMB36_X0Y1          RAMB36E1 (Prop_ramb36e1_CLKARDCLK_DOADO[29])
                                                      2.125     6.732 r  <hidden>
                         net (fo=1183, routed)       10.894    17.626    u_Frodo_top/u_control/u_instDecoder/douta[0]
    SLICE_X56Y75         LUT6 (Prop_lut6_I0_O)        0.105    17.731 r  u_Frodo_top/u_control/u_instDecoder/p_0_out__10_i_15/O
                         net (fo=1, routed)           0.636    18.366    u_Frodo_top/u_MatrixMACSet/mulaSet[257]
    DSP48_X1Y32          DSP48E1                                      r  u_Frodo_top/u_MatrixMACSet/p_0_out__10/A[1]
  -------------------------------------------------------------------    -------------------

                         (clock clk_i rise edge)     20.000    20.000 r  
                         propagated clock network latency
                                                      4.362    24.362    
                         clock pessimism              0.159    24.521    
                         clock uncertainty           -0.035    24.486    
    DSP48_X1Y32          DSP48E1 (Setup_dsp48e1_CLK_A[1])
                                                     -3.132    21.354    u_Frodo_top/u_MatrixMACSet/p_0_out__10
  -------------------------------------------------------------------
                         required time                         21.354    
                         arrival time                         -18.366    
  -------------------------------------------------------------------
                         slack                                  2.987    




