#-----------------------------------------------------------
# Vivado v2025.1 (64-bit)
# SW Build 6140274 on Thu May 22 00:12:29 MDT 2025
# IP Build 6138677 on Thu May 22 03:10:11 MDT 2025
# SharedData Build 6139179 on Tue May 20 17:58:58 MDT 2025
# Start of session at: Wed May  6 21:55:13 2026
# Process ID         : 19472
# Current directory  : D:/FrodoKem_submit/FrodoKEM-Hardware-Implementation/Viprj/project_1
# Command line       : vivado.exe -gui_launcher_event rodinguilauncherevent12256 D:\FrodoKem_submit\FrodoKEM-Hardware-Implementation\Viprj\project_1\project_1.xpr
# Log file           : D:/FrodoKem_submit/FrodoKEM-Hardware-Implementation/Viprj/project_1/vivado.log
# Journal file       : D:/FrodoKem_submit/FrodoKEM-Hardware-Implementation/Viprj/project_1\vivado.jou
# Running On         : DESKTOP-KKLUIKL
# Platform           : Windows Server 2016 or Windows 10
# Operating System   : 19045
# Processor Detail   : AMD Ryzen 7 5800H with Radeon Graphics         
# CPU Frequency      : 3194 MHz
# CPU Physical cores : 8
# CPU Logical cores  : 16
# Host memory        : 17024 MB
# Swap memory        : 14495 MB
# Total Virtual      : 31520 MB
# Available Virtual  : 11942 MB
#-----------------------------------------------------------
start_gui
open_project D:/FrodoKem_submit/FrodoKEM-Hardware-Implementation/Viprj/project_1/project_1.xpr
WARNING: [Board 49-26] cannot add Board Part xilinx.com:emb-plus-vpr-4616:part0:1.0 available at D:/Xlinx/2025.1/data/xhub/boards\XilinxBoardStore\boards\Xilinx\emb-plus-vpr-4616\1.0\board.xml as part xcve2302-sfva784-2mp-e-s specified in board_part file is either invalid or not available
WARNING: [Board 49-26] cannot add Board Part xilinx.com:emb-plus-vpr-4616:part0:1.1 available at D:/Xlinx/2025.1/data/xhub/boards\XilinxBoardStore\boards\Xilinx\emb-plus-vpr-4616\1.1\board.xml as part xcve2302-sfva784-2mp-e-s specified in board_part file is either invalid or not available
WARNING: [Board 49-26] cannot add Board Part xilinx.com:v80:part0:1.0 available at D:/Xlinx/2025.1/data/xhub/boards\XilinxBoardStore\boards\Xilinx\v80\1.0\board.xml as part xcv80-lsva4737-2mhp-e-s specified in board_part file is either invalid or not available
WARNING: [Board 49-26] cannot add Board Part xilinx.com:vck190:part0:2.2 available at D:/Xlinx/2025.1/data/xhub/boards\XilinxBoardStore\boards\Xilinx\vck190\production\2.2\board.xml as part xcvc1902-vsva2197-2mp-e-s specified in board_part file is either invalid or not available
WARNING: [Board 49-26] cannot add Board Part xilinx.com:vck190:part0:3.0 available at D:/Xlinx/2025.1/data/xhub/boards\XilinxBoardStore\boards\Xilinx\vck190\production\3.0\board.xml as part xcvc1902-vsva2197-2mp-e-s specified in board_part file is either invalid or not available
WARNING: [Board 49-26] cannot add Board Part xilinx.com:vck190:part0:3.1 available at D:/Xlinx/2025.1/data/xhub/boards\XilinxBoardStore\boards\Xilinx\vck190\production\3.1\board.xml as part xcvc1902-vsva2197-2mp-e-s specified in board_part file is either invalid or not available
WARNING: [Board 49-26] cannot add Board Part xilinx.com:vck190:part0:3.2 available at D:/Xlinx/2025.1/data/xhub/boards\XilinxBoardStore\boards\Xilinx\vck190\production\3.2\board.xml as part xcvc1902-vsva2197-2mp-e-s specified in board_part file is either invalid or not available
WARNING: [Board 49-26] cannot add Board Part xilinx.com:vck190:part0:3.3 available at D:/Xlinx/2025.1/data/xhub/boards\XilinxBoardStore\boards\Xilinx\vck190\production\3.3\board.xml as part xcvc1902-vsva2197-2mp-e-s specified in board_part file is either invalid or not available
WARNING: [Board 49-26] cannot add Board Part xilinx.com:vck190:part0:3.4 available at D:/Xlinx/2025.1/data/xhub/boards\XilinxBoardStore\boards\Xilinx\vck190\production\3.4\board.xml as part xcvc1902-vsva2197-2mp-e-s specified in board_part file is either invalid or not available
WARNING: [Board 49-26] cannot add Board Part xilinx.com:vck190_newl:part0:1.0 available at D:/Xlinx/2025.1/data/xhub/boards\XilinxBoardStore\boards\Xilinx\vck190_newl\production\1.0\board.xml as part xcvc1902-vsva2197-2mp-e-s specified in board_part file is either invalid or not available
WARNING: [Board 49-26] cannot add Board Part xilinx.com:vck190_newl:part0:1.1 available at D:/Xlinx/2025.1/data/xhub/boards\XilinxBoardStore\boards\Xilinx\vck190_newl\production\1.1\board.xml as part xcvc1902-vsva2197-2mp-e-s specified in board_part file is either invalid or not available
WARNING: [Board 49-26] cannot add Board Part xilinx.com:vck190_newl:part0:1.2 available at D:/Xlinx/2025.1/data/xhub/boards\XilinxBoardStore\boards\Xilinx\vck190_newl\production\1.2\board.xml as part xcvc1902-vsva2197-2mp-e-s specified in board_part file is either invalid or not available
WARNING: [Board 49-26] cannot add Board Part xilinx.com:vck190_newl:part0:1.3 available at D:/Xlinx/2025.1/data/xhub/boards\XilinxBoardStore\boards\Xilinx\vck190_newl\production\1.3\board.xml as part xcvc1902-vsva2197-2mp-e-s specified in board_part file is either invalid or not available
WARNING: [Board 49-26] cannot add Board Part xilinx.com:vek280:part0:1.0 available at D:/Xlinx/2025.1/data/xhub/boards\XilinxBoardStore\boards\Xilinx\vek280\production\1.0\board.xml as part xcve2802-vsvh1760-2mp-e-s specified in board_part file is either invalid or not available
WARNING: [Board 49-26] cannot add Board Part xilinx.com:vek280:part0:1.1 available at D:/Xlinx/2025.1/data/xhub/boards\XilinxBoardStore\boards\Xilinx\vek280\production\1.1\board.xml as part xcve2802-vsvh1760-2mp-e-s specified in board_part file is either invalid or not available
WARNING: [Board 49-26] cannot add Board Part xilinx.com:vek280:part0:1.2 available at D:/Xlinx/2025.1/data/xhub/boards\XilinxBoardStore\boards\Xilinx\vek280\production\1.2\board.xml as part xcve2802-vsvh1760-2mp-e-s specified in board_part file is either invalid or not available
WARNING: [Board 49-26] cannot add Board Part xilinx.com:vek385:part0:1.0 available at D:/Xlinx/2025.1/data/xhub/boards\XilinxBoardStore\boards\Xilinx\vek385\1.0\board.xml as part xc2ve3858-ssva2112-2mp-e-s specified in board_part file is either invalid or not available
WARNING: [Board 49-26] cannot add Board Part xilinx.com:vhk158:part0:1.0 available at D:/Xlinx/2025.1/data/xhub/boards\XilinxBoardStore\boards\Xilinx\vhk158\production\1.0\board.xml as part xcvh1582-vsva3697-2mp-e-s specified in board_part file is either invalid or not available
WARNING: [Board 49-26] cannot add Board Part xilinx.com:vhk158:part0:1.1 available at D:/Xlinx/2025.1/data/xhub/boards\XilinxBoardStore\boards\Xilinx\vhk158\production\1.1\board.xml as part xcvh1582-vsva3697-2mp-e-s specified in board_part file is either invalid or not available
WARNING: [Board 49-26] cannot add Board Part xilinx.com:vhk158:part0:1.2 available at D:/Xlinx/2025.1/data/xhub/boards\XilinxBoardStore\boards\Xilinx\vhk158\production\1.2\board.xml as part xcvh1582-vsva3697-2mp-e-s specified in board_part file is either invalid or not available
WARNING: [Board 49-26] cannot add Board Part xilinx.com:vmk180:part0:2.2 available at D:/Xlinx/2025.1/data/xhub/boards\XilinxBoardStore\boards\Xilinx\vmk180\production\2.2\board.xml as part xcvm1802-vsva2197-2mp-e-s specified in board_part file is either invalid or not available
WARNING: [Board 49-26] cannot add Board Part xilinx.com:vmk180:part0:3.0 available at D:/Xlinx/2025.1/data/xhub/boards\XilinxBoardStore\boards\Xilinx\vmk180\production\3.0\board.xml as part xcvm1802-vsva2197-2mp-e-s specified in board_part file is either invalid or not available
WARNING: [Board 49-26] cannot add Board Part xilinx.com:vmk180:part0:3.1 available at D:/Xlinx/2025.1/data/xhub/boards\XilinxBoardStore\boards\Xilinx\vmk180\production\3.1\board.xml as part xcvm1802-vsva2197-2mp-e-s specified in board_part file is either invalid or not available
WARNING: [Board 49-26] cannot add Board Part xilinx.com:vmk180:part0:3.2 available at D:/Xlinx/2025.1/data/xhub/boards\XilinxBoardStore\boards\Xilinx\vmk180\production\3.2\board.xml as part xcvm1802-vsva2197-2mp-e-s specified in board_part file is either invalid or not available
WARNING: [Board 49-26] cannot add Board Part xilinx.com:vmk180:part0:3.3 available at D:/Xlinx/2025.1/data/xhub/boards\XilinxBoardStore\boards\Xilinx\vmk180\production\3.3\board.xml as part xcvm1802-vsva2197-2mp-e-s specified in board_part file is either invalid or not available
WARNING: [Board 49-26] cannot add Board Part xilinx.com:vmk180_newl:part0:1.0 available at D:/Xlinx/2025.1/data/xhub/boards\XilinxBoardStore\boards\Xilinx\vmk180_newl\production\1.0\board.xml as part xcvm1802-vsva2197-2mp-e-s specified in board_part file is either invalid or not available
WARNING: [Board 49-26] cannot add Board Part xilinx.com:vmk180_newl:part0:1.1 available at D:/Xlinx/2025.1/data/xhub/boards\XilinxBoardStore\boards\Xilinx\vmk180_newl\production\1.1\board.xml as part xcvm1802-vsva2197-2mp-e-s specified in board_part file is either invalid or not available
WARNING: [Board 49-26] cannot add Board Part xilinx.com:vpk120:part0:1.0 available at D:/Xlinx/2025.1/data/xhub/boards\XilinxBoardStore\boards\Xilinx\vpk120\production\1.0\board.xml as part xcvp1202-vsva2785-2mp-e-s specified in board_part file is either invalid or not available
WARNING: [Board 49-26] cannot add Board Part xilinx.com:vpk120:part0:1.1 available at D:/Xlinx/2025.1/data/xhub/boards\XilinxBoardStore\boards\Xilinx\vpk120\production\1.1\board.xml as part xcvp1202-vsva2785-2mp-e-s specified in board_part file is either invalid or not available
WARNING: [Board 49-26] cannot add Board Part xilinx.com:vpk120:part0:1.2 available at D:/Xlinx/2025.1/data/xhub/boards\XilinxBoardStore\boards\Xilinx\vpk120\production\1.2\board.xml as part xcvp1202-vsva2785-2mp-e-s specified in board_part file is either invalid or not available
WARNING: [Board 49-26] cannot add Board Part xilinx.com:vpk180:part0:1.0 available at D:/Xlinx/2025.1/data/xhub/boards\XilinxBoardStore\boards\Xilinx\vpk180\production\1.0\board.xml as part xcvp1802-lsvc4072-2mp-e-s specified in board_part file is either invalid or not available
WARNING: [Board 49-26] cannot add Board Part xilinx.com:vpk180:part0:1.1 available at D:/Xlinx/2025.1/data/xhub/boards\XilinxBoardStore\boards\Xilinx\vpk180\production\1.1\board.xml as part xcvp1802-lsvc4072-2mp-e-s specified in board_part file is either invalid or not available
WARNING: [Board 49-26] cannot add Board Part xilinx.com:vpk180:part0:1.2 available at D:/Xlinx/2025.1/data/xhub/boards\XilinxBoardStore\boards\Xilinx\vpk180\production\1.2\board.xml as part xcvp1802-lsvc4072-2mp-e-s specified in board_part file is either invalid or not available
WARNING: [Board 49-26] cannot add Board Part xilinx.com:zcu208ld:part0:2.0 available at D:/Xlinx/2025.1/data/xhub/boards\XilinxBoardStore\boards\Xilinx\zcu208ld\production\2.0\board.xml as part xczu58dr-fsvg1517-2-i specified in board_part file is either invalid or not available
WARNING: [Board 49-26] cannot add Board Part xilinx.com:zcu216ld:part0:2.0 available at D:/Xlinx/2025.1/data/xhub/boards\XilinxBoardStore\boards\Xilinx\zcu216ld\production\2.0\board.xml as part xczu59dr-ffvf1760-2-i specified in board_part file is either invalid or not available
WARNING: [Board 49-26] cannot add Board Part xilinx.com:zcu670ld:part0:1.0 available at D:/Xlinx/2025.1/data/xhub/boards\XilinxBoardStore\boards\Xilinx\zcu670ld\1.0\board.xml as part xczu57dr-fsve1156-2-i specified in board_part file is either invalid or not available
INFO: [Project 1-313] Project file moved from 'D:/Frodokem_2026_tx/FrodoKEM/Viprj/project_1' since last save.
Scanning sources...
Finished scanning sources
WARNING: [Board 49-26] cannot add Board Part xilinx.com:emb-plus-vpr-4616:part0:1.0 available at D:/Xlinx/2025.1/data/xhub/boards\XilinxBoardStore\boards\Xilinx\emb-plus-vpr-4616\1.0\board.xml as part xcve2302-sfva784-2mp-e-s specified in board_part file is either invalid or not available
WARNING: [Board 49-26] cannot add Board Part xilinx.com:emb-plus-vpr-4616:part0:1.1 available at D:/Xlinx/2025.1/data/xhub/boards\XilinxBoardStore\boards\Xilinx\emb-plus-vpr-4616\1.1\board.xml as part xcve2302-sfva784-2mp-e-s specified in board_part file is either invalid or not available
WARNING: [Board 49-26] cannot add Board Part xilinx.com:v80:part0:1.0 available at D:/Xlinx/2025.1/data/xhub/boards\XilinxBoardStore\boards\Xilinx\v80\1.0\board.xml as part xcv80-lsva4737-2mhp-e-s specified in board_part file is either invalid or not available
WARNING: [Board 49-26] cannot add Board Part xilinx.com:vck190:part0:2.2 available at D:/Xlinx/2025.1/data/xhub/boards\XilinxBoardStore\boards\Xilinx\vck190\production\2.2\board.xml as part xcvc1902-vsva2197-2mp-e-s specified in board_part file is either invalid or not available
WARNING: [Board 49-26] cannot add Board Part xilinx.com:vck190:part0:3.0 available at D:/Xlinx/2025.1/data/xhub/boards\XilinxBoardStore\boards\Xilinx\vck190\production\3.0\board.xml as part xcvc1902-vsva2197-2mp-e-s specified in board_part file is either invalid or not available
WARNING: [Board 49-26] cannot add Board Part xilinx.com:vck190:part0:3.1 available at D:/Xlinx/2025.1/data/xhub/boards\XilinxBoardStore\boards\Xilinx\vck190\production\3.1\board.xml as part xcvc1902-vsva2197-2mp-e-s specified in board_part file is either invalid or not available
WARNING: [Board 49-26] cannot add Board Part xilinx.com:vck190:part0:3.2 available at D:/Xlinx/2025.1/data/xhub/boards\XilinxBoardStore\boards\Xilinx\vck190\production\3.2\board.xml as part xcvc1902-vsva2197-2mp-e-s specified in board_part file is either invalid or not available
WARNING: [Board 49-26] cannot add Board Part xilinx.com:vck190:part0:3.3 available at D:/Xlinx/2025.1/data/xhub/boards\XilinxBoardStore\boards\Xilinx\vck190\production\3.3\board.xml as part xcvc1902-vsva2197-2mp-e-s specified in board_part file is either invalid or not available
WARNING: [Board 49-26] cannot add Board Part xilinx.com:vck190:part0:3.4 available at D:/Xlinx/2025.1/data/xhub/boards\XilinxBoardStore\boards\Xilinx\vck190\production\3.4\board.xml as part xcvc1902-vsva2197-2mp-e-s specified in board_part file is either invalid or not available
WARNING: [Board 49-26] cannot add Board Part xilinx.com:vck190_newl:part0:1.0 available at D:/Xlinx/2025.1/data/xhub/boards\XilinxBoardStore\boards\Xilinx\vck190_newl\production\1.0\board.xml as part xcvc1902-vsva2197-2mp-e-s specified in board_part file is either invalid or not available
WARNING: [Board 49-26] cannot add Board Part xilinx.com:vck190_newl:part0:1.1 available at D:/Xlinx/2025.1/data/xhub/boards\XilinxBoardStore\boards\Xilinx\vck190_newl\production\1.1\board.xml as part xcvc1902-vsva2197-2mp-e-s specified in board_part file is either invalid or not available
WARNING: [Board 49-26] cannot add Board Part xilinx.com:vck190_newl:part0:1.2 available at D:/Xlinx/2025.1/data/xhub/boards\XilinxBoardStore\boards\Xilinx\vck190_newl\production\1.2\board.xml as part xcvc1902-vsva2197-2mp-e-s specified in board_part file is either invalid or not available
WARNING: [Board 49-26] cannot add Board Part xilinx.com:vck190_newl:part0:1.3 available at D:/Xlinx/2025.1/data/xhub/boards\XilinxBoardStore\boards\Xilinx\vck190_newl\production\1.3\board.xml as part xcvc1902-vsva2197-2mp-e-s specified in board_part file is either invalid or not available
WARNING: [Board 49-26] cannot add Board Part xilinx.com:vek280:part0:1.0 available at D:/Xlinx/2025.1/data/xhub/boards\XilinxBoardStore\boards\Xilinx\vek280\production\1.0\board.xml as part xcve2802-vsvh1760-2mp-e-s specified in board_part file is either invalid or not available
WARNING: [Board 49-26] cannot add Board Part xilinx.com:vek280:part0:1.1 available at D:/Xlinx/2025.1/data/xhub/boards\XilinxBoardStore\boards\Xilinx\vek280\production\1.1\board.xml as part xcve2802-vsvh1760-2mp-e-s specified in board_part file is either invalid or not available
WARNING: [Board 49-26] cannot add Board Part xilinx.com:vek280:part0:1.2 available at D:/Xlinx/2025.1/data/xhub/boards\XilinxBoardStore\boards\Xilinx\vek280\production\1.2\board.xml as part xcve2802-vsvh1760-2mp-e-s specified in board_part file is either invalid or not available
WARNING: [Board 49-26] cannot add Board Part xilinx.com:vek385:part0:1.0 available at D:/Xlinx/2025.1/data/xhub/boards\XilinxBoardStore\boards\Xilinx\vek385\1.0\board.xml as part xc2ve3858-ssva2112-2mp-e-s specified in board_part file is either invalid or not available
WARNING: [Board 49-26] cannot add Board Part xilinx.com:vhk158:part0:1.0 available at D:/Xlinx/2025.1/data/xhub/boards\XilinxBoardStore\boards\Xilinx\vhk158\production\1.0\board.xml as part xcvh1582-vsva3697-2mp-e-s specified in board_part file is either invalid or not available
WARNING: [Board 49-26] cannot add Board Part xilinx.com:vhk158:part0:1.1 available at D:/Xlinx/2025.1/data/xhub/boards\XilinxBoardStore\boards\Xilinx\vhk158\production\1.1\board.xml as part xcvh1582-vsva3697-2mp-e-s specified in board_part file is either invalid or not available
WARNING: [Board 49-26] cannot add Board Part xilinx.com:vhk158:part0:1.2 available at D:/Xlinx/2025.1/data/xhub/boards\XilinxBoardStore\boards\Xilinx\vhk158\production\1.2\board.xml as part xcvh1582-vsva3697-2mp-e-s specified in board_part file is either invalid or not available
WARNING: [Board 49-26] cannot add Board Part xilinx.com:vmk180:part0:2.2 available at D:/Xlinx/2025.1/data/xhub/boards\XilinxBoardStore\boards\Xilinx\vmk180\production\2.2\board.xml as part xcvm1802-vsva2197-2mp-e-s specified in board_part file is either invalid or not available
WARNING: [Board 49-26] cannot add Board Part xilinx.com:vmk180:part0:3.0 available at D:/Xlinx/2025.1/data/xhub/boards\XilinxBoardStore\boards\Xilinx\vmk180\production\3.0\board.xml as part xcvm1802-vsva2197-2mp-e-s specified in board_part file is either invalid or not available
WARNING: [Board 49-26] cannot add Board Part xilinx.com:vmk180:part0:3.1 available at D:/Xlinx/2025.1/data/xhub/boards\XilinxBoardStore\boards\Xilinx\vmk180\production\3.1\board.xml as part xcvm1802-vsva2197-2mp-e-s specified in board_part file is either invalid or not available
WARNING: [Board 49-26] cannot add Board Part xilinx.com:vmk180:part0:3.2 available at D:/Xlinx/2025.1/data/xhub/boards\XilinxBoardStore\boards\Xilinx\vmk180\production\3.2\board.xml as part xcvm1802-vsva2197-2mp-e-s specified in board_part file is either invalid or not available
WARNING: [Board 49-26] cannot add Board Part xilinx.com:vmk180:part0:3.3 available at D:/Xlinx/2025.1/data/xhub/boards\XilinxBoardStore\boards\Xilinx\vmk180\production\3.3\board.xml as part xcvm1802-vsva2197-2mp-e-s specified in board_part file is either invalid or not available
WARNING: [Board 49-26] cannot add Board Part xilinx.com:vmk180_newl:part0:1.0 available at D:/Xlinx/2025.1/data/xhub/boards\XilinxBoardStore\boards\Xilinx\vmk180_newl\production\1.0\board.xml as part xcvm1802-vsva2197-2mp-e-s specified in board_part file is either invalid or not available
WARNING: [Board 49-26] cannot add Board Part xilinx.com:vmk180_newl:part0:1.1 available at D:/Xlinx/2025.1/data/xhub/boards\XilinxBoardStore\boards\Xilinx\vmk180_newl\production\1.1\board.xml as part xcvm1802-vsva2197-2mp-e-s specified in board_part file is either invalid or not available
WARNING: [Board 49-26] cannot add Board Part xilinx.com:vpk120:part0:1.0 available at D:/Xlinx/2025.1/data/xhub/boards\XilinxBoardStore\boards\Xilinx\vpk120\production\1.0\board.xml as part xcvp1202-vsva2785-2mp-e-s specified in board_part file is either invalid or not available
WARNING: [Board 49-26] cannot add Board Part xilinx.com:vpk120:part0:1.1 available at D:/Xlinx/2025.1/data/xhub/boards\XilinxBoardStore\boards\Xilinx\vpk120\production\1.1\board.xml as part xcvp1202-vsva2785-2mp-e-s specified in board_part file is either invalid or not available
WARNING: [Board 49-26] cannot add Board Part xilinx.com:vpk120:part0:1.2 available at D:/Xlinx/2025.1/data/xhub/boards\XilinxBoardStore\boards\Xilinx\vpk120\production\1.2\board.xml as part xcvp1202-vsva2785-2mp-e-s specified in board_part file is either invalid or not available
WARNING: [Board 49-26] cannot add Board Part xilinx.com:vpk180:part0:1.0 available at D:/Xlinx/2025.1/data/xhub/boards\XilinxBoardStore\boards\Xilinx\vpk180\production\1.0\board.xml as part xcvp1802-lsvc4072-2mp-e-s specified in board_part file is either invalid or not available
WARNING: [Board 49-26] cannot add Board Part xilinx.com:vpk180:part0:1.1 available at D:/Xlinx/2025.1/data/xhub/boards\XilinxBoardStore\boards\Xilinx\vpk180\production\1.1\board.xml as part xcvp1802-lsvc4072-2mp-e-s specified in board_part file is either invalid or not available
WARNING: [Board 49-26] cannot add Board Part xilinx.com:vpk180:part0:1.2 available at D:/Xlinx/2025.1/data/xhub/boards\XilinxBoardStore\boards\Xilinx\vpk180\production\1.2\board.xml as part xcvp1802-lsvc4072-2mp-e-s specified in board_part file is either invalid or not available
WARNING: [Board 49-26] cannot add Board Part xilinx.com:zcu208ld:part0:2.0 available at D:/Xlinx/2025.1/data/xhub/boards\XilinxBoardStore\boards\Xilinx\zcu208ld\production\2.0\board.xml as part xczu58dr-fsvg1517-2-i specified in board_part file is either invalid or not available
WARNING: [Board 49-26] cannot add Board Part xilinx.com:zcu216ld:part0:2.0 available at D:/Xlinx/2025.1/data/xhub/boards\XilinxBoardStore\boards\Xilinx\zcu216ld\production\2.0\board.xml as part xczu59dr-ffvf1760-2-i specified in board_part file is either invalid or not available
WARNING: [Board 49-26] cannot add Board Part xilinx.com:zcu670ld:part0:1.0 available at D:/Xlinx/2025.1/data/xhub/boards\XilinxBoardStore\boards\Xilinx\zcu670ld\1.0\board.xml as part xczu57dr-fsve1156-2-i specified in board_part file is either invalid or not available
WARNING: [Project 1-5713] Board part '' set for the project  is not found. BoardPart property will be unset. Please select board from latest repo build 
INFO: [IP_Flow 19-234] Refreshing IP repositories
INFO: [IP_Flow 19-1704] No user IP repositories specified
INFO: [IP_Flow 19-2313] Loaded Vivado IP repository 'D:/Xlinx/2025.1/Vivado/data/ip'.
open_project: Time (s): cpu = 00:00:22 ; elapsed = 00:00:10 . Memory (MB): peak = 1741.566 ; gain = 247.738
update_compile_order -fileset sources_1
launch_simulation
Command: launch_simulation 
INFO: [Vivado 12-12493] Simulation top is 'tb_TOP'
INFO: [Vivado 12-5698] Checking validity of IPs in the design for the 'XSim' simulator...
INFO: [Vivado 12-5682] Launching behavioral simulation in 'D:/FrodoKem_submit/FrodoKEM-Hardware-Implementation/Viprj/project_1/project_1.sim/sim_1/behav/xsim'
INFO: [Vivado 12-4795] Using compiled simulation libraries for IPs
INFO: [SIM-utils-51] Simulation object is 'sim_1'
INFO: [SIM-utils-72] Using boost library from 'D:/Xlinx/2025.1/Vivado/tps/boost_1_72_0'
INFO: [USF-XSim-7] Finding pre-compiled libraries...
INFO: [USF-XSim-11] File 'D:/Xlinx/2025.1/Vivado/data/xsim/xsim.ini' copied to run dir:'D:/FrodoKem_submit/FrodoKEM-Hardware-Implementation/Viprj/project_1/project_1.sim/sim_1/behav/xsim'
INFO: [SIM-utils-54] Inspecting design source files for 'tb_TOP' in fileset 'sim_1'...
INFO: [SIM-utils-43] Exported 'D:/FrodoKem_submit/FrodoKEM-Hardware-Implementation/Viprj/project_1/project_1.sim/sim_1/behav/xsim/ADDRBASE_ROM.mif'
INFO: [SIM-utils-43] Exported 'D:/FrodoKem_submit/FrodoKEM-Hardware-Implementation/Viprj/project_1/project_1.sim/sim_1/behav/xsim/Addr.coe'
INFO: [SIM-utils-43] Exported 'D:/FrodoKem_submit/FrodoKEM-Hardware-Implementation/Viprj/project_1/project_1.sim/sim_1/behav/xsim/INSTROM.mif'
INFO: [SIM-utils-43] Exported 'D:/FrodoKem_submit/FrodoKEM-Hardware-Implementation/Viprj/project_1/project_1.sim/sim_1/behav/xsim/inst.coe'
INFO: [SIM-utils-43] Exported 'D:/FrodoKem_submit/FrodoKEM-Hardware-Implementation/Viprj/project_1/project_1.sim/sim_1/behav/xsim/RAM448.mif'
INFO: [SIM-utils-43] Exported 'D:/FrodoKem_submit/FrodoKEM-Hardware-Implementation/Viprj/project_1/project_1.sim/sim_1/behav/xsim/RAM448.coe'
INFO: [SIM-utils-43] Exported 'D:/FrodoKem_submit/FrodoKEM-Hardware-Implementation/Viprj/project_1/project_1.sim/sim_1/behav/xsim/RAM64a.mif'
INFO: [SIM-utils-43] Exported 'D:/FrodoKem_submit/FrodoKEM-Hardware-Implementation/Viprj/project_1/project_1.sim/sim_1/behav/xsim/RAM64a.coe'
INFO: [SIM-utils-43] Exported 'D:/FrodoKem_submit/FrodoKEM-Hardware-Implementation/Viprj/project_1/project_1.sim/sim_1/behav/xsim/RAM64b.mif'
INFO: [SIM-utils-43] Exported 'D:/FrodoKem_submit/FrodoKEM-Hardware-Implementation/Viprj/project_1/project_1.sim/sim_1/behav/xsim/RAM64b.coe'
INFO: [USF-XSim-97] Finding global include files...
INFO: [USF-XSim-98] Fetching design files from 'sim_1'...
INFO: [USF-XSim-2] XSim::Compile design
INFO: [USF-XSim-61] Executing 'COMPILE and ANALYZE' step in 'D:/FrodoKem_submit/FrodoKEM-Hardware-Implementation/Viprj/project_1/project_1.sim/sim_1/behav/xsim'
"xvlog --incr --relax -prj tb_TOP_vlog.prj"
INFO: [VRFC 10-2263] Analyzing Verilog file "D:/FrodoKem_submit/FrodoKEM-Hardware-Implementation/Viprj/project_1/project_1.gen/sources_1/ip/INSTROM/sim/INSTROM.v" into library xil_defaultlib
INFO: [VRFC 10-311] analyzing module INSTROM
INFO: [VRFC 10-2263] Analyzing Verilog file "D:/FrodoKem_submit/FrodoKEM-Hardware-Implementation/Viprj/project_1/project_1.gen/sources_1/ip/ADDRBASE_ROM/sim/ADDRBASE_ROM.v" into library xil_defaultlib
INFO: [VRFC 10-311] analyzing module ADDRBASE_ROM
INFO: [VRFC 10-2263] Analyzing Verilog file "D:/FrodoKem_submit/FrodoKEM-Hardware-Implementation/Viprj/project_1/project_1.gen/sources_1/ip/RAM448/sim/RAM448.v" into library xil_defaultlib
INFO: [VRFC 10-311] analyzing module RAM448
INFO: [VRFC 10-2263] Analyzing Verilog file "D:/FrodoKem_submit/FrodoKEM-Hardware-Implementation/Viprj/project_1/project_1.gen/sources_1/ip/RAM64b/sim/RAM64b.v" into library xil_defaultlib
INFO: [VRFC 10-311] analyzing module RAM64b
INFO: [VRFC 10-2263] Analyzing Verilog file "D:/FrodoKem_submit/FrodoKEM-Hardware-Implementation/Viprj/project_1/project_1.gen/sources_1/ip/RAM64a/sim/RAM64a.v" into library xil_defaultlib
INFO: [VRFC 10-311] analyzing module RAM64a
INFO: [VRFC 10-2263] Analyzing Verilog file "D:/FrodoKem_submit/FrodoKEM-Hardware-Implementation/SRC/AddrGenUnit.v" into library xil_defaultlib
INFO: [VRFC 10-311] analyzing module AddrGenUnit
INFO: [VRFC 10-2263] Analyzing Verilog file "D:/FrodoKem_submit/FrodoKEM-Hardware-Implementation/SRC/DecodeSet.v" into library xil_defaultlib
INFO: [VRFC 10-311] analyzing module DecodeSet
INFO: [VRFC 10-2263] Analyzing Verilog file "D:/FrodoKem_submit/FrodoKEM-Hardware-Implementation/SRC/EncodeSet.v" into library xil_defaultlib
INFO: [VRFC 10-311] analyzing module EncodeSet
INFO: [VRFC 10-2263] Analyzing Verilog file "D:/FrodoKem_submit/FrodoKEM-Hardware-Implementation/SRC/Frodo_top.v" into library xil_defaultlib
INFO: [VRFC 10-311] analyzing module Frodo_top
INFO: [VRFC 10-2263] Analyzing Verilog file "D:/FrodoKem_submit/FrodoKEM-Hardware-Implementation/SRC/InstDecoder.v" into library xil_defaultlib
INFO: [VRFC 10-311] analyzing module instDecoder
WARNING: [VRFC 10-3380] identifier 'CS' is used before its declaration [D:/FrodoKem_submit/FrodoKEM-Hardware-Implementation/SRC/InstDecoder.v:120]
INFO: [VRFC 10-2263] Analyzing Verilog file "D:/FrodoKem_submit/FrodoKEM-Hardware-Implementation/SRC/MatrixAddSet.v" into library xil_defaultlib
INFO: [VRFC 10-311] analyzing module MatrixAddSet
INFO: [VRFC 10-2263] Analyzing Verilog file "D:/FrodoKem_submit/FrodoKEM-Hardware-Implementation/SRC/MatrixMACSet.v" into library xil_defaultlib
INFO: [VRFC 10-311] analyzing module MatrixMACSet
INFO: [VRFC 10-2263] Analyzing Verilog file "D:/FrodoKem_submit/FrodoKEM-Hardware-Implementation/SRC/MatrixMulAddSet.v" into library xil_defaultlib
INFO: [VRFC 10-311] analyzing module MatrixMulAddSet
INFO: [VRFC 10-2263] Analyzing Verilog file "D:/FrodoKem_submit/FrodoKEM-Hardware-Implementation/SRC/MatrixSubSet.v" into library xil_defaultlib
INFO: [VRFC 10-311] analyzing module MatrixSubSet
INFO: [VRFC 10-2263] Analyzing Verilog file "D:/FrodoKem_submit/FrodoKEM-Hardware-Implementation/SRC/PackSet.v" into library xil_defaultlib
INFO: [VRFC 10-311] analyzing module PackSet
INFO: [VRFC 10-2263] Analyzing Verilog file "D:/FrodoKem_submit/FrodoKEM-Hardware-Implementation/SRC/RAM _Arbitration.v" into library xil_defaultlib
INFO: [VRFC 10-311] analyzing module RAM_Arbitration
INFO: [VRFC 10-2263] Analyzing Verilog file "D:/FrodoKem_submit/FrodoKEM-Hardware-Implementation/SRC/SampleMatrixSet.v" into library xil_defaultlib
INFO: [VRFC 10-311] analyzing module SampleMatrixSet
INFO: [VRFC 10-2263] Analyzing Verilog file "D:/FrodoKem_submit/FrodoKEM-Hardware-Implementation/SRC/TOP.v" into library xil_defaultlib
INFO: [VRFC 10-311] analyzing module TOP
INFO: [VRFC 10-2263] Analyzing Verilog file "D:/FrodoKem_submit/FrodoKEM-Hardware-Implementation/SRC/UnpackSet.v" into library xil_defaultlib
INFO: [VRFC 10-311] analyzing module UnpackSet
INFO: [VRFC 10-2263] Analyzing Verilog file "D:/FrodoKem_submit/FrodoKEM-Hardware-Implementation/SRC/bidirectional_fifo.v" into library xil_defaultlib
INFO: [VRFC 10-311] analyzing module bidirectional_fifo
INFO: [VRFC 10-2263] Analyzing Verilog file "D:/FrodoKem_submit/FrodoKEM-Hardware-Implementation/SRC/control.v" into library xil_defaultlib
INFO: [VRFC 10-311] analyzing module control
WARNING: [VRFC 10-3380] identifier 'sqzout64_en' is used before its declaration [D:/FrodoKem_submit/FrodoKEM-Hardware-Implementation/SRC/control.v:118]
WARNING: [VRFC 10-3380] identifier 'DONE_r' is used before its declaration [D:/FrodoKem_submit/FrodoKEM-Hardware-Implementation/SRC/control.v:337]
WARNING: [VRFC 10-3380] identifier 'fifo64outval' is used before its declaration [D:/FrodoKem_submit/FrodoKEM-Hardware-Implementation/SRC/control.v:492]
WARNING: [VRFC 10-3380] identifier 'pingpangflag' is used before its declaration [D:/FrodoKem_submit/FrodoKEM-Hardware-Implementation/SRC/control.v:974]
INFO: [VRFC 10-2263] Analyzing Verilog file "D:/FrodoKem_submit/FrodoKEM-Hardware-Implementation/SRC/roundmod.v" into library xil_defaultlib
INFO: [VRFC 10-311] analyzing module roundmod
INFO: [VRFC 10-2263] Analyzing Verilog file "D:/FrodoKem_submit/FrodoKEM-Hardware-Implementation/SRC/shake.v" into library xil_defaultlib
INFO: [VRFC 10-311] analyzing module SHAKE
WARNING: [VRFC 10-3380] identifier 'CS' is used before its declaration [D:/FrodoKem_submit/FrodoKEM-Hardware-Implementation/SRC/shake.v:64]
INFO: [VRFC 10-2263] Analyzing Verilog file "D:/FrodoKem_submit/FrodoKEM-Hardware-Implementation/SRC/theta.v" into library xil_defaultlib
INFO: [VRFC 10-311] analyzing module theta
INFO: [VRFC 10-2263] Analyzing Verilog file "D:/FrodoKem_submit/FrodoKEM-Hardware-Implementation/SRC/thopichiiota.v" into library xil_defaultlib
INFO: [VRFC 10-311] analyzing module thopichiiota
INFO: [VRFC 10-2263] Analyzing Verilog file "D:/FrodoKem_submit/FrodoKEM-Hardware-Implementation/SRC/TB_TOP.v" into library xil_defaultlib
INFO: [VRFC 10-311] analyzing module tb_TOP
INFO: [VRFC 10-2263] Analyzing Verilog file "D:/FrodoKem_submit/FrodoKEM-Hardware-Implementation/Viprj/project_1/project_1.sim/sim_1/behav/xsim/glbl.v" into library xil_defaultlib
INFO: [VRFC 10-311] analyzing module glbl
INFO: [USF-XSim-69] 'compile' step finished in '3' seconds
INFO: [USF-XSim-3] XSim::Elaborate design
INFO: [USF-XSim-61] Executing 'ELABORATE' step in 'D:/FrodoKem_submit/FrodoKEM-Hardware-Implementation/Viprj/project_1/project_1.sim/sim_1/behav/xsim'
"xelab --incr --debug typical --relax --mt 2 -L xil_defaultlib -L blk_mem_gen_v8_4_11 -L dist_mem_gen_v8_0_17 -L unisims_ver -L unimacro_ver -L secureip -L xpm --snapshot tb_TOP_behav xil_defaultlib.tb_TOP xil_defaultlib.glbl -log elaborate.log"
Vivado Simulator v2025.1.0
Copyright 1986-2022 Xilinx, Inc. All Rights Reserved.
Copyright 2022-2025 Advanced Micro Devices, Inc. All Rights Reserved.
Running: D:/Xlinx/2025.1/Vivado/bin/unwrapped/win64.o/xelab.exe --incr --debug typical --relax --mt 2 -L xil_defaultlib -L blk_mem_gen_v8_4_11 -L dist_mem_gen_v8_0_17 -L unisims_ver -L unimacro_ver -L secureip -L xpm --snapshot tb_TOP_behav xil_defaultlib.tb_TOP xil_defaultlib.glbl -log elaborate.log 
Using 2 slave threads.
Starting static elaboration
Pass Through NonSizing Optimizer
WARNING: [VRFC 10-5021] port 'sqz_cnt' is not connected on this instance [D:/FrodoKem_submit/FrodoKEM-Hardware-Implementation/SRC/Frodo_top.v:789]
Completed static elaboration
Starting simulation data flow analysis
Completed simulation data flow analysis
Time Resolution for simulation is 1ps
Compiling module xil_defaultlib.SampleMatrixSet_default
Compiling module xil_defaultlib.bidirectional_fifo
Compiling module xil_defaultlib.theta
Compiling module xil_defaultlib.thopichiiota
Compiling module xil_defaultlib.SHAKE
Compiling module xil_defaultlib.PackSet
Compiling module xil_defaultlib.UnpackSet
Compiling module xil_defaultlib.roundmod_default
Compiling module xil_defaultlib.roundmod(B=3,Q=16)
Compiling module xil_defaultlib.roundmod(B=4,Q=16)
Compiling module xil_defaultlib.DecodeSet_default
Compiling module xil_defaultlib.EncodeSet
Compiling module blk_mem_gen_v8_4_11.blk_mem_gen_v8_4_11_output_stage...
Compiling module blk_mem_gen_v8_4_11.blk_mem_gen_v8_4_11_softecc_outp...
Compiling module blk_mem_gen_v8_4_11.blk_mem_gen_v8_4_11_mem_module(C...
Compiling module blk_mem_gen_v8_4_11.blk_mem_axi_regs_fwd_v8_4(C_DATA...
Compiling module blk_mem_gen_v8_4_11.blk_mem_gen_v8_4_11(C_FAMILY="ar...
Compiling module xil_defaultlib.RAM64a
Compiling module blk_mem_gen_v8_4_11.blk_mem_gen_v8_4_11_mem_module(C...
Compiling module blk_mem_gen_v8_4_11.blk_mem_gen_v8_4_11(C_FAMILY="ar...
Compiling module xil_defaultlib.RAM64b
Compiling module blk_mem_gen_v8_4_11.blk_mem_gen_v8_4_11_output_stage...
Compiling module blk_mem_gen_v8_4_11.blk_mem_gen_v8_4_11_softecc_outp...
Compiling module blk_mem_gen_v8_4_11.blk_mem_gen_v8_4_11_mem_module(C...
Compiling module blk_mem_gen_v8_4_11.blk_mem_gen_v8_4_11(C_FAMILY="ar...
Compiling module xil_defaultlib.RAM448
Compiling module xil_defaultlib.MatrixAddSet_default
Compiling module xil_defaultlib.MatrixMACSet_default
Compiling module xil_defaultlib.MatrixMulAddSet_default
Compiling module xil_defaultlib.MatrixSubSet_default
Compiling module dist_mem_gen_v8_0_17.dist_mem_gen_v8_0_17(C_FAMILY="a...
Compiling module xil_defaultlib.ADDRBASE_ROM
Compiling module blk_mem_gen_v8_4_11.blk_mem_gen_v8_4_11_output_stage...
Compiling module blk_mem_gen_v8_4_11.blk_mem_gen_v8_4_11_softecc_outp...
Compiling module blk_mem_gen_v8_4_11.blk_mem_gen_v8_4_11_mem_module(C...
Compiling module blk_mem_gen_v8_4_11.blk_mem_gen_v8_4_11(C_FAMILY="ar...
Compiling module xil_defaultlib.INSTROM
Compiling module xil_defaultlib.instDecoder
Compiling module xil_defaultlib.RAM_Arbitration
Compiling module xil_defaultlib.AddrGenUnit
Compiling module xil_defaultlib.control
Compiling module xil_defaultlib.Frodo_top
Compiling module xil_defaultlib.TOP
Compiling module xil_defaultlib.tb_TOP
Compiling module xil_defaultlib.glbl
Built simulation snapshot tb_TOP_behav
run_program: Time (s): cpu = 00:00:00 ; elapsed = 00:00:12 . Memory (MB): peak = 1742.828 ; gain = 0.000
INFO: [USF-XSim-69] 'elaborate' step finished in '13' seconds
INFO: [USF-XSim-4] XSim::Simulate design
INFO: [USF-XSim-61] Executing 'SIMULATE' step in 'D:/FrodoKem_submit/FrodoKEM-Hardware-Implementation/Viprj/project_1/project_1.sim/sim_1/behav/xsim'
INFO: [USF-XSim-98] *** Running xsim
   with args "tb_TOP_behav -key {Behavioral:sim_1:Functional:tb_TOP} -tclbatch {tb_TOP.tcl} -view {D:/FrodoKem_submit/FrodoKEM-Hardware-Implementation/Viprj/project_1/tb_TOP_behav.wcfg} -log {simulate.log}"
INFO: [USF-XSim-8] Loading simulator feature
Time resolution is 1 ps
open_wave_config D:/FrodoKem_submit/FrodoKEM-Hardware-Implementation/Viprj/project_1/tb_TOP_behav.wcfg
source tb_TOP.tcl
# set curr_wave [current_wave_config]
# if { [string length $curr_wave] == 0 } {
#   if { [llength [get_objects]] > 0} {
#     add_wave /
#     set_property needs_save false [current_wave_config]
#   } else {
#      send_msg_id Add_Wave-1 WARNING "No top level signals found. Simulator will start without a wave window. If you want to open a wave window go to 'File->New Waveform Configuration' or type 'create_wave_config' in the TCL console."
#   }
# }
# log_wave -r /
# run 1000ns
 Block Memory Generator module loading initial data...
 Block Memory Generator data initialization complete.
Block Memory Generator module tb_TOP.u_TOP.u_Frodo_top.ram64a.inst.native_mem_module.blk_mem_gen_v8_4_11_inst is using a behavioral model for simulation which will not precisely model memory collision behavior.
 Block Memory Generator module loading initial data...
 Block Memory Generator data initialization complete.
Block Memory Generator module tb_TOP.u_TOP.u_Frodo_top.ram64b.inst.native_mem_module.blk_mem_gen_v8_4_11_inst is using a behavioral model for simulation which will not precisely model memory collision behavior.
 Block Memory Generator module loading initial data...
 Block Memory Generator data initialization complete.
Block Memory Generator module tb_TOP.u_TOP.u_Frodo_top.uRAM448.inst.native_mem_module.blk_mem_gen_v8_4_11_inst is using a behavioral model for simulation which will not precisely model memory collision behavior.
WARNING: This core is supplied with a behavioral model. To model cycle-accurate behavior you must run timing simulation.
 Block Memory Generator module loading initial data...
 Block Memory Generator data initialization complete.
Block Memory Generator module tb_TOP.u_TOP.u_Frodo_top.u_control.u_instDecoder.your_instance_name.inst.native_mem_module.blk_mem_gen_v8_4_11_inst is using a behavioral model for simulation which will not precisely model memory collision behavior.
INFO: [USF-XSim-96] XSim completed. Design snapshot 'tb_TOP_behav' loaded.
INFO: [USF-XSim-97] XSim simulation ran for 1000ns
launch_simulation: Time (s): cpu = 00:00:07 ; elapsed = 00:00:22 . Memory (MB): peak = 1763.445 ; gain = 20.617
close_sim
INFO: [Simtcl 6-16] Simulation closed
reset_run synth_1
INFO: [Project 1-1161] Replacing file D:/FrodoKem_submit/FrodoKEM-Hardware-Implementation/Viprj/project_1/project_1.srcs/utils_1/imports/synth_1/TOP.dcp with file D:/FrodoKem_submit/FrodoKEM-Hardware-Implementation/Viprj/project_1/project_1.runs/synth_1/TOP.dcp
launch_runs impl_1 -jobs 8
[Wed May  6 21:56:14 2026] Launched synth_1...
Run output will be captured here: D:/FrodoKem_submit/FrodoKEM-Hardware-Implementation/Viprj/project_1/project_1.runs/synth_1/runme.log
[Wed May  6 21:56:14 2026] Launched impl_1...
Run output will be captured here: D:/FrodoKem_submit/FrodoKEM-Hardware-Implementation/Viprj/project_1/project_1.runs/impl_1/runme.log
open_run impl_1
INFO: [Device 21-403] Loading part xc7a35tfgg484-2
Netlist sorting complete. Time (s): cpu = 00:00:01 ; elapsed = 00:00:00.318 . Memory (MB): peak = 2092.656 ; gain = 0.000
INFO: [Netlist 29-17] Analyzing 479 Unisim elements for replacement
INFO: [Netlist 29-28] Unisim Transformation completed in 0 CPU seconds
INFO: [Project 1-479] Netlist was created with Vivado 2025.1
INFO: [Project 1-570] Preparing netlist for logic optimization
INFO: [Common 17-41] Interrupt caught. Command should exit soon.
Read ShapeDB Complete: Time (s): cpu = 00:00:00 ; elapsed = 00:00:00.054 . Memory (MB): peak = 2092.656 ; gain = 0.000
INFO: [Timing 38-478] Restoring timing data from binary archive.
INFO: [Timing 38-479] Binary timing data restore complete.
INFO: [Project 1-856] Restoring constraints from binary archive.
INFO: [Project 1-853] Binary constraint restore complete.
INFO: [Designutils 20-5722] Start Reading Physical Databases.
Reading placement.
Read Netlist Cache: Time (s): cpu = 00:00:00 ; elapsed = 00:00:00.028 . Memory (MB): peak = 2699.512 ; gain = 0.000
Reading placer database...
Read Device Cache: Time (s): cpu = 00:00:00 ; elapsed = 00:00:00.007 . Memory (MB): peak = 2699.512 ; gain = 0.000
Read PlaceDB: Time (s): cpu = 00:00:00 ; elapsed = 00:00:00.736 . Memory (MB): peak = 2712.457 ; gain = 12.945
Read PulsedLatchDB: Time (s): cpu = 00:00:00 ; elapsed = 00:00:00 . Memory (MB): peak = 2712.457 ; gain = 0.000
Reading routing.
Restored from archive | CPU: 0.000000 secs | Memory: 0.000000 MB |
Finished XDEF File Restore: Time (s): cpu = 00:00:00 ; elapsed = 00:00:00.790 . Memory (MB): peak = 2712.457 ; gain = 12.945
open_run: Time (s): cpu = 00:00:13 ; elapsed = 00:00:14 . Memory (MB): peak = 2712.457 ; gain = 619.801
INFO: [Common 17-344] 'open_run' was cancelled
launch_runs impl_1 -to_step write_bitstream -jobs 8
[Wed May  6 22:02:55 2026] Launched impl_1...
Run output will be captured here: D:/FrodoKem_submit/FrodoKEM-Hardware-Implementation/Viprj/project_1/project_1.runs/impl_1/runme.log
exit
INFO: [Common 17-206] Exiting Vivado at Wed May  6 22:04:29 2026...
